[0.048s] Invoking command in '/home/sam/urdf_ws/sim/build/bot1': CMAKE_PREFIX_PATH=/home/sam/vtask/install/rob_con:/home/sam/ros2_ws1/install/my_rob_con:/opt/ros/humble /usr/local/bin/cmake --build /home/sam/urdf_ws/sim/build/bot1 -- -j8 -l8
[0.102s] Invoked command in '/home/sam/urdf_ws/sim/build/bot1' returned '0': CMAKE_PREFIX_PATH=/home/sam/vtask/install/rob_con:/home/sam/ros2_ws1/install/my_rob_con:/opt/ros/humble /usr/local/bin/cmake --build /home/sam/urdf_ws/sim/build/bot1 -- -j8 -l8
[0.110s] Invoking command in '/home/sam/urdf_ws/sim/build/bot1': CMAKE_PREFIX_PATH=/home/sam/vtask/install/rob_con:/home/sam/ros2_ws1/install/my_rob_con:/opt/ros/humble /usr/local/bin/cmake --install /home/sam/urdf_ws/sim/build/bot1
[0.118s] -- Install configuration: ""
[0.118s] -- Up-to-date: /home/sam/urdf_ws/sim/install/bot1/share/ament_index/resource_index/package_run_dependencies/bot1
[0.118s] -- Up-to-date: /home/sam/urdf_ws/sim/install/bot1/share/ament_index/resource_index/parent_prefix_path/bot1
[0.118s] -- Up-to-date: /home/sam/urdf_ws/sim/install/bot1/share/bot1/environment/ament_prefix_path.sh
[0.118s] -- Up-to-date: /home/sam/urdf_ws/sim/install/bot1/share/bot1/environment/ament_prefix_path.dsv
[0.118s] -- Up-to-date: /home/sam/urdf_ws/sim/install/bot1/share/bot1/environment/path.sh
[0.118s] -- Up-to-date: /home/sam/urdf_ws/sim/install/bot1/share/bot1/environment/path.dsv
[0.118s] -- Up-to-date: /home/sam/urdf_ws/sim/install/bot1/share/bot1/local_setup.bash
[0.118s] -- Up-to-date: /home/sam/urdf_ws/sim/install/bot1/share/bot1/local_setup.sh
[0.118s] -- Up-to-date: /home/sam/urdf_ws/sim/install/bot1/share/bot1/local_setup.zsh
[0.118s] -- Up-to-date: /home/sam/urdf_ws/sim/install/bot1/share/bot1/local_setup.dsv
[0.118s] -- Up-to-date: /home/sam/urdf_ws/sim/install/bot1/share/bot1/package.dsv
[0.118s] -- Up-to-date: /home/sam/urdf_ws/sim/install/bot1/share/ament_index/resource_index/packages/bot1
[0.119s] -- Up-to-date: /home/sam/urdf_ws/sim/install/bot1/share/bot1/cmake/bot1Config.cmake
[0.120s] -- Up-to-date: /home/sam/urdf_ws/sim/install/bot1/share/bot1/cmake/bot1Config-version.cmake
[0.120s] -- Up-to-date: /home/sam/urdf_ws/sim/install/bot1/share/bot1/package.xml
[0.123s] Invoked command in '/home/sam/urdf_ws/sim/build/bot1' returned '0': CMAKE_PREFIX_PATH=/home/sam/vtask/install/rob_con:/home/sam/ros2_ws1/install/my_rob_con:/opt/ros/humble /usr/local/bin/cmake --install /home/sam/urdf_ws/sim/build/bot1
