[0.482s] DEBUG:colcon:Command line arguments: ['/usr/bin/colcon', 'list', '-p', '--base-paths', '/home/sam/urdf_ws/sim']
[0.482s] DEBUG:colcon:Parsed command line arguments: Namespace(log_base=None, log_level=None, verb_name='list', build_base='build', ignore_user_meta=False, metas=['./colcon.meta'], base_paths=['/home/sam/urdf_ws/sim'], packages_ignore=None, packages_ignore_regex=None, paths=None, packages_up_to=None, packages_up_to_regex=None, packages_above=None, packages_above_and_dependencies=None, packages_above_depth=None, packages_select_by_dep=None, packages_skip_by_dep=None, packages_skip_up_to=None, packages_select_build_failed=False, packages_skip_build_finished=False, packages_select_test_failures=False, packages_skip_test_passed=False, packages_select=None, packages_skip=None, packages_select_regex=None, packages_skip_regex=None, packages_start=None, packages_end=None, allow_overriding=[], topological_order=False, names_only=False, paths_only=True, topological_graph=False, topological_graph_dot=False, topological_graph_density=False, topological_graph_legend=False, topological_graph_dot_cluster=False, topological_graph_dot_include_skipped=False, verb_parser=<colcon_defaults.argument_parser.defaults.DefaultArgumentsDecorator object at 0x725f6917a6e0>, verb_extension=<colcon_package_information.verb.list.ListVerb object at 0x725f69179630>, main=<bound method ListVerb.main of <colcon_package_information.verb.list.ListVerb object at 0x725f69179630>>)
[0.624s] Level 1:colcon.colcon_core.package_discovery:discover_packages(colcon_meta) check parameters
[0.624s] Level 1:colcon.colcon_core.package_discovery:discover_packages(recursive) check parameters
[0.625s] Level 1:colcon.colcon_core.package_discovery:discover_packages(ignore) check parameters
[0.625s] Level 1:colcon.colcon_core.package_discovery:discover_packages(path) check parameters
[0.625s] Level 1:colcon.colcon_core.package_discovery:discover_packages(recursive) discover
[0.625s] INFO:colcon.colcon_core.package_discovery:Crawling recursively for packages in '/home/sam/urdf_ws/sim'
[0.625s] Level 1:colcon.colcon_core.package_identification:_identify(/home/sam/urdf_ws/sim) by extensions ['ignore', 'ignore_ament_install']
[0.626s] Level 1:colcon.colcon_core.package_identification:_identify(/home/sam/urdf_ws/sim) by extension 'ignore'
[0.626s] Level 1:colcon.colcon_core.package_identification:_identify(/home/sam/urdf_ws/sim) by extension 'ignore_ament_install'
[0.626s] Level 1:colcon.colcon_core.package_identification:_identify(/home/sam/urdf_ws/sim) by extensions ['colcon_pkg']
[0.626s] Level 1:colcon.colcon_core.package_identification:_identify(/home/sam/urdf_ws/sim) by extension 'colcon_pkg'
[0.626s] Level 1:colcon.colcon_core.package_identification:_identify(/home/sam/urdf_ws/sim) by extensions ['colcon_meta']
[0.626s] Level 1:colcon.colcon_core.package_identification:_identify(/home/sam/urdf_ws/sim) by extension 'colcon_meta'
[0.627s] Level 1:colcon.colcon_core.package_identification:_identify(/home/sam/urdf_ws/sim) by extensions ['ros']
[0.627s] Level 1:colcon.colcon_core.package_identification:_identify(/home/sam/urdf_ws/sim) by extension 'ros'
[0.683s] Level 1:colcon.colcon_core.package_identification:_identify(/home/sam/urdf_ws/sim) by extensions ['cmake', 'python']
[0.683s] Level 1:colcon.colcon_core.package_identification:_identify(/home/sam/urdf_ws/sim) by extension 'cmake'
[0.683s] Level 1:colcon.colcon_core.package_identification:_identify(/home/sam/urdf_ws/sim) by extension 'python'
[0.683s] Level 1:colcon.colcon_core.package_identification:_identify(/home/sam/urdf_ws/sim) by extensions ['python_setup_py']
[0.683s] Level 1:colcon.colcon_core.package_identification:_identify(/home/sam/urdf_ws/sim) by extension 'python_setup_py'
[0.683s] Level 1:colcon.colcon_core.package_identification:_identify(/home/sam/urdf_ws/sim/build) by extensions ['ignore', 'ignore_ament_install']
[0.684s] Level 1:colcon.colcon_core.package_identification:_identify(/home/sam/urdf_ws/sim/build) by extension 'ignore'
[0.684s] Level 1:colcon.colcon_core.package_identification:_identify(/home/sam/urdf_ws/sim/build) ignored
[0.684s] Level 1:colcon.colcon_core.package_identification:_identify(/home/sam/urdf_ws/sim/install) by extensions ['ignore', 'ignore_ament_install']
[0.684s] Level 1:colcon.colcon_core.package_identification:_identify(/home/sam/urdf_ws/sim/install) by extension 'ignore'
[0.684s] Level 1:colcon.colcon_core.package_identification:_identify(/home/sam/urdf_ws/sim/install) ignored
[0.684s] Level 1:colcon.colcon_core.package_identification:_identify(/home/sam/urdf_ws/sim/log) by extensions ['ignore', 'ignore_ament_install']
[0.684s] Level 1:colcon.colcon_core.package_identification:_identify(/home/sam/urdf_ws/sim/log) by extension 'ignore'
[0.685s] Level 1:colcon.colcon_core.package_identification:_identify(/home/sam/urdf_ws/sim/log) ignored
[0.685s] Level 1:colcon.colcon_core.package_identification:_identify(/home/sam/urdf_ws/sim/src) by extensions ['ignore', 'ignore_ament_install']
[0.685s] Level 1:colcon.colcon_core.package_identification:_identify(/home/sam/urdf_ws/sim/src) by extension 'ignore'
[0.685s] Level 1:colcon.colcon_core.package_identification:_identify(/home/sam/urdf_ws/sim/src) by extension 'ignore_ament_install'
[0.685s] Level 1:colcon.colcon_core.package_identification:_identify(/home/sam/urdf_ws/sim/src) by extensions ['colcon_pkg']
[0.685s] Level 1:colcon.colcon_core.package_identification:_identify(/home/sam/urdf_ws/sim/src) by extension 'colcon_pkg'
[0.685s] Level 1:colcon.colcon_core.package_identification:_identify(/home/sam/urdf_ws/sim/src) by extensions ['colcon_meta']
[0.685s] Level 1:colcon.colcon_core.package_identification:_identify(/home/sam/urdf_ws/sim/src) by extension 'colcon_meta'
[0.685s] Level 1:colcon.colcon_core.package_identification:_identify(/home/sam/urdf_ws/sim/src) by extensions ['ros']
[0.685s] Level 1:colcon.colcon_core.package_identification:_identify(/home/sam/urdf_ws/sim/src) by extension 'ros'
[0.685s] Level 1:colcon.colcon_core.package_identification:_identify(/home/sam/urdf_ws/sim/src) by extensions ['cmake', 'python']
[0.685s] Level 1:colcon.colcon_core.package_identification:_identify(/home/sam/urdf_ws/sim/src) by extension 'cmake'
[0.685s] Level 1:colcon.colcon_core.package_identification:_identify(/home/sam/urdf_ws/sim/src) by extension 'python'
[0.685s] Level 1:colcon.colcon_core.package_identification:_identify(/home/sam/urdf_ws/sim/src) by extensions ['python_setup_py']
[0.685s] Level 1:colcon.colcon_core.package_identification:_identify(/home/sam/urdf_ws/sim/src) by extension 'python_setup_py'
[0.685s] Level 1:colcon.colcon_core.package_identification:_identify(/home/sam/urdf_ws/sim/src/bot1) by extensions ['ignore', 'ignore_ament_install']
[0.686s] Level 1:colcon.colcon_core.package_identification:_identify(/home/sam/urdf_ws/sim/src/bot1) by extension 'ignore'
[0.686s] Level 1:colcon.colcon_core.package_identification:_identify(/home/sam/urdf_ws/sim/src/bot1) by extension 'ignore_ament_install'
[0.686s] Level 1:colcon.colcon_core.package_identification:_identify(/home/sam/urdf_ws/sim/src/bot1) by extensions ['colcon_pkg']
[0.686s] Level 1:colcon.colcon_core.package_identification:_identify(/home/sam/urdf_ws/sim/src/bot1) by extension 'colcon_pkg'
[0.686s] Level 1:colcon.colcon_core.package_identification:_identify(/home/sam/urdf_ws/sim/src/bot1) by extensions ['colcon_meta']
[0.686s] Level 1:colcon.colcon_core.package_identification:_identify(/home/sam/urdf_ws/sim/src/bot1) by extension 'colcon_meta'
[0.686s] Level 1:colcon.colcon_core.package_identification:_identify(/home/sam/urdf_ws/sim/src/bot1) by extensions ['ros']
[0.686s] Level 1:colcon.colcon_core.package_identification:_identify(/home/sam/urdf_ws/sim/src/bot1) by extension 'ros'
[0.689s] DEBUG:colcon.colcon_core.package_identification:Package '/home/sam/urdf_ws/sim/src/bot1' with type 'ros.ament_cmake' and name 'bot1'
[0.690s] Level 1:colcon.colcon_core.package_identification:_identify(/home/sam/urdf_ws/sim/src/bot2) by extensions ['ignore', 'ignore_ament_install']
[0.690s] Level 1:colcon.colcon_core.package_identification:_identify(/home/sam/urdf_ws/sim/src/bot2) by extension 'ignore'
[0.690s] Level 1:colcon.colcon_core.package_identification:_identify(/home/sam/urdf_ws/sim/src/bot2) by extension 'ignore_ament_install'
[0.690s] Level 1:colcon.colcon_core.package_identification:_identify(/home/sam/urdf_ws/sim/src/bot2) by extensions ['colcon_pkg']
[0.690s] Level 1:colcon.colcon_core.package_identification:_identify(/home/sam/urdf_ws/sim/src/bot2) by extension 'colcon_pkg'
[0.690s] Level 1:colcon.colcon_core.package_identification:_identify(/home/sam/urdf_ws/sim/src/bot2) by extensions ['colcon_meta']
[0.690s] Level 1:colcon.colcon_core.package_identification:_identify(/home/sam/urdf_ws/sim/src/bot2) by extension 'colcon_meta'
[0.690s] Level 1:colcon.colcon_core.package_identification:_identify(/home/sam/urdf_ws/sim/src/bot2) by extensions ['ros']
[0.690s] Level 1:colcon.colcon_core.package_identification:_identify(/home/sam/urdf_ws/sim/src/bot2) by extension 'ros'
[0.691s] DEBUG:colcon.colcon_core.package_identification:Package '/home/sam/urdf_ws/sim/src/bot2' with type 'ros.ament_cmake' and name 'bot2'
[0.691s] Level 1:colcon.colcon_core.package_discovery:discover_packages(recursive) using defaults
