[0.139s] DEBUG:colcon:Command line arguments: ['/usr/bin/colcon', 'build']
[0.140s] DEBUG:colcon:Parsed command line arguments: Namespace(log_base=None, log_level=None, verb_name='build', build_base='build', install_base='install', merge_install=False, symlink_install=False, test_result_base=None, continue_on_error=False, executor='parallel', parallel_workers=8, event_handlers=None, ignore_user_meta=False, metas=['./colcon.meta'], base_paths=['.'], packages_ignore=None, packages_ignore_regex=None, paths=None, packages_up_to=None, packages_up_to_regex=None, packages_above=None, packages_above_and_dependencies=None, packages_above_depth=None, packages_select_by_dep=None, packages_skip_by_dep=None, packages_skip_up_to=None, packages_select_build_failed=False, packages_skip_build_finished=False, packages_select_test_failures=False, packages_skip_test_passed=False, packages_select=None, packages_skip=None, packages_select_regex=None, packages_skip_regex=None, packages_start=None, packages_end=None, allow_overriding=[], cmake_args=None, cmake_target=None, cmake_target_skip_unavailable=False, cmake_clean_cache=False, cmake_clean_first=False, cmake_force_configure=False, ament_cmake_args=None, catkin_cmake_args=None, catkin_skip_building_tests=False, verb_parser=<colcon_defaults.argument_parser.defaults.DefaultArgumentsDecorator object at 0x75959ac11930>, verb_extension=<colcon_core.verb.build.BuildVerb object at 0x75959ac113f0>, main=<bound method BuildVerb.main of <colcon_core.verb.build.BuildVerb object at 0x75959ac113f0>>)
[0.189s] Level 1:colcon.colcon_core.package_discovery:discover_packages(colcon_meta) check parameters
[0.189s] Level 1:colcon.colcon_core.package_discovery:discover_packages(recursive) check parameters
[0.189s] Level 1:colcon.colcon_core.package_discovery:discover_packages(ignore) check parameters
[0.189s] Level 1:colcon.colcon_core.package_discovery:discover_packages(path) check parameters
[0.189s] Level 1:colcon.colcon_core.package_discovery:discover_packages(colcon_meta) discover
[0.189s] Level 1:colcon.colcon_core.package_discovery:discover_packages(recursive) discover
[0.189s] INFO:colcon.colcon_core.package_discovery:Crawling recursively for packages in '/home/sam/urdf_ws/sim'
[0.189s] Level 1:colcon.colcon_core.package_identification:_identify(.) by extensions ['ignore', 'ignore_ament_install']
[0.190s] Level 1:colcon.colcon_core.package_identification:_identify(.) by extension 'ignore'
[0.190s] Level 1:colcon.colcon_core.package_identification:_identify(.) by extension 'ignore_ament_install'
[0.190s] Level 1:colcon.colcon_core.package_identification:_identify(.) by extensions ['colcon_pkg']
[0.190s] Level 1:colcon.colcon_core.package_identification:_identify(.) by extension 'colcon_pkg'
[0.190s] Level 1:colcon.colcon_core.package_identification:_identify(.) by extensions ['colcon_meta']
[0.190s] Level 1:colcon.colcon_core.package_identification:_identify(.) by extension 'colcon_meta'
[0.190s] Level 1:colcon.colcon_core.package_identification:_identify(.) by extensions ['ros']
[0.190s] Level 1:colcon.colcon_core.package_identification:_identify(.) by extension 'ros'
[0.215s] Level 1:colcon.colcon_core.package_identification:_identify(.) by extensions ['cmake', 'python']
[0.215s] Level 1:colcon.colcon_core.package_identification:_identify(.) by extension 'cmake'
[0.215s] Level 1:colcon.colcon_core.package_identification:_identify(.) by extension 'python'
[0.215s] Level 1:colcon.colcon_core.package_identification:_identify(.) by extensions ['python_setup_py']
[0.216s] Level 1:colcon.colcon_core.package_identification:_identify(.) by extension 'python_setup_py'
[0.218s] Level 1:colcon.colcon_core.package_identification:_identify(build) by extensions ['ignore', 'ignore_ament_install']
[0.218s] Level 1:colcon.colcon_core.package_identification:_identify(build) by extension 'ignore'
[0.219s] Level 1:colcon.colcon_core.package_identification:_identify(build) ignored
[0.219s] Level 1:colcon.colcon_core.package_identification:_identify(install) by extensions ['ignore', 'ignore_ament_install']
[0.220s] Level 1:colcon.colcon_core.package_identification:_identify(install) by extension 'ignore'
[0.220s] Level 1:colcon.colcon_core.package_identification:_identify(install) ignored
[0.220s] Level 1:colcon.colcon_core.package_identification:_identify(log) by extensions ['ignore', 'ignore_ament_install']
[0.221s] Level 1:colcon.colcon_core.package_identification:_identify(log) by extension 'ignore'
[0.221s] Level 1:colcon.colcon_core.package_identification:_identify(log) ignored
[0.221s] Level 1:colcon.colcon_core.package_identification:_identify(src) by extensions ['ignore', 'ignore_ament_install']
[0.221s] Level 1:colcon.colcon_core.package_identification:_identify(src) by extension 'ignore'
[0.221s] Level 1:colcon.colcon_core.package_identification:_identify(src) by extension 'ignore_ament_install'
[0.221s] Level 1:colcon.colcon_core.package_identification:_identify(src) by extensions ['colcon_pkg']
[0.221s] Level 1:colcon.colcon_core.package_identification:_identify(src) by extension 'colcon_pkg'
[0.221s] Level 1:colcon.colcon_core.package_identification:_identify(src) by extensions ['colcon_meta']
[0.221s] Level 1:colcon.colcon_core.package_identification:_identify(src) by extension 'colcon_meta'
[0.221s] Level 1:colcon.colcon_core.package_identification:_identify(src) by extensions ['ros']
[0.221s] Level 1:colcon.colcon_core.package_identification:_identify(src) by extension 'ros'
[0.221s] Level 1:colcon.colcon_core.package_identification:_identify(src) by extensions ['cmake', 'python']
[0.222s] Level 1:colcon.colcon_core.package_identification:_identify(src) by extension 'cmake'
[0.222s] Level 1:colcon.colcon_core.package_identification:_identify(src) by extension 'python'
[0.222s] Level 1:colcon.colcon_core.package_identification:_identify(src) by extensions ['python_setup_py']
[0.222s] Level 1:colcon.colcon_core.package_identification:_identify(src) by extension 'python_setup_py'
[0.222s] Level 1:colcon.colcon_core.package_identification:_identify(src/bot1) by extensions ['ignore', 'ignore_ament_install']
[0.222s] Level 1:colcon.colcon_core.package_identification:_identify(src/bot1) by extension 'ignore'
[0.222s] Level 1:colcon.colcon_core.package_identification:_identify(src/bot1) by extension 'ignore_ament_install'
[0.223s] Level 1:colcon.colcon_core.package_identification:_identify(src/bot1) by extensions ['colcon_pkg']
[0.223s] Level 1:colcon.colcon_core.package_identification:_identify(src/bot1) by extension 'colcon_pkg'
[0.223s] Level 1:colcon.colcon_core.package_identification:_identify(src/bot1) by extensions ['colcon_meta']
[0.223s] Level 1:colcon.colcon_core.package_identification:_identify(src/bot1) by extension 'colcon_meta'
[0.223s] Level 1:colcon.colcon_core.package_identification:_identify(src/bot1) by extensions ['ros']
[0.223s] Level 1:colcon.colcon_core.package_identification:_identify(src/bot1) by extension 'ros'
[0.225s] DEBUG:colcon.colcon_core.package_identification:Package 'src/bot1' with type 'ros.ament_cmake' and name 'bot1'
[0.225s] Level 1:colcon.colcon_core.package_identification:_identify(src/bot2) by extensions ['ignore', 'ignore_ament_install']
[0.226s] Level 1:colcon.colcon_core.package_identification:_identify(src/bot2) by extension 'ignore'
[0.226s] Level 1:colcon.colcon_core.package_identification:_identify(src/bot2) by extension 'ignore_ament_install'
[0.226s] Level 1:colcon.colcon_core.package_identification:_identify(src/bot2) by extensions ['colcon_pkg']
[0.226s] Level 1:colcon.colcon_core.package_identification:_identify(src/bot2) by extension 'colcon_pkg'
[0.226s] Level 1:colcon.colcon_core.package_identification:_identify(src/bot2) by extensions ['colcon_meta']
[0.226s] Level 1:colcon.colcon_core.package_identification:_identify(src/bot2) by extension 'colcon_meta'
[0.226s] Level 1:colcon.colcon_core.package_identification:_identify(src/bot2) by extensions ['ros']
[0.226s] Level 1:colcon.colcon_core.package_identification:_identify(src/bot2) by extension 'ros'
[0.227s] DEBUG:colcon.colcon_core.package_identification:Package 'src/bot2' with type 'ros.ament_cmake' and name 'bot2'
[0.227s] Level 1:colcon.colcon_core.package_discovery:discover_packages(recursive) using defaults
[0.227s] Level 1:colcon.colcon_core.package_discovery:discover_packages(ignore) discover
[0.227s] Level 1:colcon.colcon_core.package_discovery:discover_packages(ignore) using defaults
[0.227s] Level 1:colcon.colcon_core.package_discovery:discover_packages(path) discover
[0.227s] Level 1:colcon.colcon_core.package_discovery:discover_packages(path) using defaults
[0.246s] Level 1:colcon.colcon_core.package_discovery:discover_packages(prefix_path) check parameters
[0.246s] Level 1:colcon.colcon_core.package_discovery:discover_packages(prefix_path) discover
[0.248s] DEBUG:colcon.colcon_installed_package_information.package_discovery:Found 1 installed packages in /home/sam/vtask/install
[0.249s] DEBUG:colcon.colcon_installed_package_information.package_discovery:Found 1 installed packages in /home/sam/ros2_ws1/install
[0.250s] DEBUG:colcon.colcon_installed_package_information.package_discovery:Found 2 installed packages in /home/sam/urdf_ws/sim/install
[0.252s] DEBUG:colcon.colcon_installed_package_information.package_discovery:Found 313 installed packages in /opt/ros/humble
[0.255s] Level 1:colcon.colcon_core.package_discovery:discover_packages(prefix_path) using defaults
[0.299s] Level 5:colcon.colcon_core.verb:set package 'bot1' build argument 'cmake_args' from command line to 'None'
[0.299s] Level 5:colcon.colcon_core.verb:set package 'bot1' build argument 'cmake_target' from command line to 'None'
[0.299s] Level 5:colcon.colcon_core.verb:set package 'bot1' build argument 'cmake_target_skip_unavailable' from command line to 'False'
[0.299s] Level 5:colcon.colcon_core.verb:set package 'bot1' build argument 'cmake_clean_cache' from command line to 'False'
[0.299s] Level 5:colcon.colcon_core.verb:set package 'bot1' build argument 'cmake_clean_first' from command line to 'False'
[0.299s] Level 5:colcon.colcon_core.verb:set package 'bot1' build argument 'cmake_force_configure' from command line to 'False'
[0.299s] Level 5:colcon.colcon_core.verb:set package 'bot1' build argument 'ament_cmake_args' from command line to 'None'
[0.299s] Level 5:colcon.colcon_core.verb:set package 'bot1' build argument 'catkin_cmake_args' from command line to 'None'
[0.299s] Level 5:colcon.colcon_core.verb:set package 'bot1' build argument 'catkin_skip_building_tests' from command line to 'False'
[0.300s] DEBUG:colcon.colcon_core.verb:Building package 'bot1' with the following arguments: {'ament_cmake_args': None, 'build_base': '/home/sam/urdf_ws/sim/build/bot1', 'catkin_cmake_args': None, 'catkin_skip_building_tests': False, 'cmake_args': None, 'cmake_clean_cache': False, 'cmake_clean_first': False, 'cmake_force_configure': False, 'cmake_target': None, 'cmake_target_skip_unavailable': False, 'install_base': '/home/sam/urdf_ws/sim/install/bot1', 'merge_install': False, 'path': '/home/sam/urdf_ws/sim/src/bot1', 'symlink_install': False, 'test_result_base': None}
[0.301s] Level 5:colcon.colcon_core.verb:set package 'bot2' build argument 'cmake_args' from command line to 'None'
[0.301s] Level 5:colcon.colcon_core.verb:set package 'bot2' build argument 'cmake_target' from command line to 'None'
[0.301s] Level 5:colcon.colcon_core.verb:set package 'bot2' build argument 'cmake_target_skip_unavailable' from command line to 'False'
[0.301s] Level 5:colcon.colcon_core.verb:set package 'bot2' build argument 'cmake_clean_cache' from command line to 'False'
[0.301s] Level 5:colcon.colcon_core.verb:set package 'bot2' build argument 'cmake_clean_first' from command line to 'False'
[0.301s] Level 5:colcon.colcon_core.verb:set package 'bot2' build argument 'cmake_force_configure' from command line to 'False'
[0.301s] Level 5:colcon.colcon_core.verb:set package 'bot2' build argument 'ament_cmake_args' from command line to 'None'
[0.301s] Level 5:colcon.colcon_core.verb:set package 'bot2' build argument 'catkin_cmake_args' from command line to 'None'
[0.301s] Level 5:colcon.colcon_core.verb:set package 'bot2' build argument 'catkin_skip_building_tests' from command line to 'False'
[0.302s] DEBUG:colcon.colcon_core.verb:Building package 'bot2' with the following arguments: {'ament_cmake_args': None, 'build_base': '/home/sam/urdf_ws/sim/build/bot2', 'catkin_cmake_args': None, 'catkin_skip_building_tests': False, 'cmake_args': None, 'cmake_clean_cache': False, 'cmake_clean_first': False, 'cmake_force_configure': False, 'cmake_target': None, 'cmake_target_skip_unavailable': False, 'install_base': '/home/sam/urdf_ws/sim/install/bot2', 'merge_install': False, 'path': '/home/sam/urdf_ws/sim/src/bot2', 'symlink_install': False, 'test_result_base': None}
[0.302s] INFO:colcon.colcon_core.executor:Executing jobs using 'parallel' executor
[0.306s] DEBUG:colcon.colcon_parallel_executor.executor.parallel:run_until_complete
[0.306s] INFO:colcon.colcon_ros.task.ament_cmake.build:Building ROS package in '/home/sam/urdf_ws/sim/src/bot1' with build type 'ament_cmake'
[0.307s] INFO:colcon.colcon_cmake.task.cmake.build:Building CMake package in '/home/sam/urdf_ws/sim/src/bot1'
[0.309s] INFO:colcon.colcon_core.plugin_system:Skipping extension 'colcon_core.shell.bat': Not used on non-Windows systems
[0.309s] INFO:colcon.colcon_core.shell:Skip shell extension 'powershell' for command environment: Not usable outside of PowerShell
[0.309s] DEBUG:colcon.colcon_core.shell:Skip shell extension 'dsv' for command environment
[0.315s] INFO:colcon.colcon_ros.task.ament_cmake.build:Building ROS package in '/home/sam/urdf_ws/sim/src/bot2' with build type 'ament_cmake'
[0.316s] INFO:colcon.colcon_cmake.task.cmake.build:Building CMake package in '/home/sam/urdf_ws/sim/src/bot2'
[0.316s] INFO:colcon.colcon_core.shell:Skip shell extension 'powershell' for command environment: Not usable outside of PowerShell
[0.317s] DEBUG:colcon.colcon_core.shell:Skip shell extension 'dsv' for command environment
[0.364s] DEBUG:colcon.colcon_core.event_handler.log_command:Invoking command in '/home/sam/urdf_ws/sim/build/bot1': CMAKE_PREFIX_PATH=${CMAKE_PREFIX_PATH}:/home/sam/vtask/install/rob_con:/home/sam/ros2_ws1/install/my_rob_con:/opt/ros/humble /usr/local/bin/cmake --build /home/sam/urdf_ws/sim/build/bot1 -- -j8 -l8
[0.379s] DEBUG:colcon.colcon_core.event_handler.log_command:Invoking command in '/home/sam/urdf_ws/sim/build/bot2': CMAKE_PREFIX_PATH=${CMAKE_PREFIX_PATH}:/home/sam/vtask/install/rob_con:/home/sam/ros2_ws1/install/my_rob_con:/opt/ros/humble /usr/local/bin/cmake --build /home/sam/urdf_ws/sim/build/bot2 -- -j8 -l8
[0.420s] DEBUG:colcon.colcon_core.event_handler.log_command:Invoked command in '/home/sam/urdf_ws/sim/build/bot2' returned '0': CMAKE_PREFIX_PATH=${CMAKE_PREFIX_PATH}:/home/sam/vtask/install/rob_con:/home/sam/ros2_ws1/install/my_rob_con:/opt/ros/humble /usr/local/bin/cmake --build /home/sam/urdf_ws/sim/build/bot2 -- -j8 -l8
[0.430s] DEBUG:colcon.colcon_core.event_handler.log_command:Invoking command in '/home/sam/urdf_ws/sim/build/bot2': CMAKE_PREFIX_PATH=${CMAKE_PREFIX_PATH}:/home/sam/vtask/install/rob_con:/home/sam/ros2_ws1/install/my_rob_con:/opt/ros/humble /usr/local/bin/cmake --install /home/sam/urdf_ws/sim/build/bot2
[0.462s] DEBUG:colcon.colcon_core.event_handler.log_command:Invoked command in '/home/sam/urdf_ws/sim/build/bot1' returned '0': CMAKE_PREFIX_PATH=${CMAKE_PREFIX_PATH}:/home/sam/vtask/install/rob_con:/home/sam/ros2_ws1/install/my_rob_con:/opt/ros/humble /usr/local/bin/cmake --build /home/sam/urdf_ws/sim/build/bot1 -- -j8 -l8
[0.463s] DEBUG:colcon.colcon_core.event_handler.log_command:Invoking command in '/home/sam/urdf_ws/sim/build/bot1': CMAKE_PREFIX_PATH=${CMAKE_PREFIX_PATH}:/home/sam/vtask/install/rob_con:/home/sam/ros2_ws1/install/my_rob_con:/opt/ros/humble /usr/local/bin/cmake --install /home/sam/urdf_ws/sim/build/bot1
[0.476s] Level 1:colcon.colcon_core.environment:create_environment_scripts_only(bot1)
[0.481s] Level 1:colcon.colcon_core.environment:checking '/home/sam/urdf_ws/sim/install/bot1' for CMake module files
[0.500s] Level 1:colcon.colcon_core.environment:checking '/home/sam/urdf_ws/sim/install/bot1' for CMake config files
[0.502s] Level 1:colcon.colcon_core.shell:create_environment_hook('bot1', 'cmake_prefix_path')
[0.502s] INFO:colcon.colcon_core.shell:Creating environment hook '/home/sam/urdf_ws/sim/install/bot1/share/bot1/hook/cmake_prefix_path.ps1'
[0.504s] INFO:colcon.colcon_core.shell:Creating environment descriptor '/home/sam/urdf_ws/sim/install/bot1/share/bot1/hook/cmake_prefix_path.dsv'
[0.507s] INFO:colcon.colcon_core.shell:Creating environment hook '/home/sam/urdf_ws/sim/install/bot1/share/bot1/hook/cmake_prefix_path.sh'
[0.510s] Level 1:colcon.colcon_core.environment:checking '/home/sam/urdf_ws/sim/install/bot1/bin'
[0.510s] Level 1:colcon.colcon_core.environment:checking '/home/sam/urdf_ws/sim/install/bot1/lib/pkgconfig/bot1.pc'
[0.510s] Level 1:colcon.colcon_core.environment:checking '/home/sam/urdf_ws/sim/install/bot1/lib/python3.10/site-packages'
[0.511s] Level 1:colcon.colcon_core.environment:checking '/home/sam/urdf_ws/sim/install/bot1/bin'
[0.511s] INFO:colcon.colcon_core.shell:Creating package script '/home/sam/urdf_ws/sim/install/bot1/share/bot1/package.ps1'
[0.514s] DEBUG:colcon.colcon_core.event_handler.log_command:Invoked command in '/home/sam/urdf_ws/sim/build/bot1' returned '0': CMAKE_PREFIX_PATH=${CMAKE_PREFIX_PATH}:/home/sam/vtask/install/rob_con:/home/sam/ros2_ws1/install/my_rob_con:/opt/ros/humble /usr/local/bin/cmake --install /home/sam/urdf_ws/sim/build/bot1
[0.515s] INFO:colcon.colcon_core.shell:Creating package descriptor '/home/sam/urdf_ws/sim/install/bot1/share/bot1/package.dsv'
[0.516s] INFO:colcon.colcon_core.shell:Creating package script '/home/sam/urdf_ws/sim/install/bot1/share/bot1/package.sh'
[0.522s] INFO:colcon.colcon_core.shell:Creating package script '/home/sam/urdf_ws/sim/install/bot1/share/bot1/package.bash'
[0.523s] INFO:colcon.colcon_core.shell:Creating package script '/home/sam/urdf_ws/sim/install/bot1/share/bot1/package.zsh'
[0.555s] Level 1:colcon.colcon_core.environment:create_file_with_runtime_dependencies(/home/sam/urdf_ws/sim/install/bot1/share/colcon-core/packages/bot1)
[0.560s] Level 1:colcon.colcon_core.environment:create_environment_scripts_only(bot1)
[0.565s] Level 1:colcon.colcon_core.environment:checking '/home/sam/urdf_ws/sim/install/bot1' for CMake module files
[0.568s] Level 1:colcon.colcon_core.environment:checking '/home/sam/urdf_ws/sim/install/bot1' for CMake config files
[0.568s] Level 1:colcon.colcon_core.shell:create_environment_hook('bot1', 'cmake_prefix_path')
[0.569s] INFO:colcon.colcon_core.shell:Creating environment hook '/home/sam/urdf_ws/sim/install/bot1/share/bot1/hook/cmake_prefix_path.ps1'
[0.569s] INFO:colcon.colcon_core.shell:Creating environment descriptor '/home/sam/urdf_ws/sim/install/bot1/share/bot1/hook/cmake_prefix_path.dsv'
[0.570s] INFO:colcon.colcon_core.shell:Creating environment hook '/home/sam/urdf_ws/sim/install/bot1/share/bot1/hook/cmake_prefix_path.sh'
[0.571s] Level 1:colcon.colcon_core.environment:checking '/home/sam/urdf_ws/sim/install/bot1/bin'
[0.571s] Level 1:colcon.colcon_core.environment:checking '/home/sam/urdf_ws/sim/install/bot1/lib/pkgconfig/bot1.pc'
[0.572s] Level 1:colcon.colcon_core.environment:checking '/home/sam/urdf_ws/sim/install/bot1/lib/python3.10/site-packages'
[0.572s] Level 1:colcon.colcon_core.environment:checking '/home/sam/urdf_ws/sim/install/bot1/bin'
[0.573s] INFO:colcon.colcon_core.shell:Creating package script '/home/sam/urdf_ws/sim/install/bot1/share/bot1/package.ps1'
[0.574s] INFO:colcon.colcon_core.shell:Creating package descriptor '/home/sam/urdf_ws/sim/install/bot1/share/bot1/package.dsv'
[0.575s] INFO:colcon.colcon_core.shell:Creating package script '/home/sam/urdf_ws/sim/install/bot1/share/bot1/package.sh'
[0.576s] INFO:colcon.colcon_core.shell:Creating package script '/home/sam/urdf_ws/sim/install/bot1/share/bot1/package.bash'
[0.577s] INFO:colcon.colcon_core.shell:Creating package script '/home/sam/urdf_ws/sim/install/bot1/share/bot1/package.zsh'
[0.579s] Level 1:colcon.colcon_core.environment:create_file_with_runtime_dependencies(/home/sam/urdf_ws/sim/install/bot1/share/colcon-core/packages/bot1)
[0.580s] Level 1:colcon.colcon_core.environment:create_environment_scripts_only(bot2)
[0.580s] Level 1:colcon.colcon_core.environment:checking '/home/sam/urdf_ws/sim/install/bot2' for CMake module files
[0.581s] Level 1:colcon.colcon_core.environment:checking '/home/sam/urdf_ws/sim/install/bot2' for CMake config files
[0.585s] Level 1:colcon.colcon_core.shell:create_environment_hook('bot2', 'cmake_prefix_path')
[0.587s] INFO:colcon.colcon_core.shell:Creating environment hook '/home/sam/urdf_ws/sim/install/bot2/share/bot2/hook/cmake_prefix_path.ps1'
[0.589s] INFO:colcon.colcon_core.shell:Creating environment descriptor '/home/sam/urdf_ws/sim/install/bot2/share/bot2/hook/cmake_prefix_path.dsv'
[0.601s] INFO:colcon.colcon_core.shell:Creating environment hook '/home/sam/urdf_ws/sim/install/bot2/share/bot2/hook/cmake_prefix_path.sh'
[0.610s] Level 1:colcon.colcon_core.environment:checking '/home/sam/urdf_ws/sim/install/bot2/bin'
[0.613s] Level 1:colcon.colcon_core.environment:checking '/home/sam/urdf_ws/sim/install/bot2/lib/pkgconfig/bot2.pc'
[0.614s] Level 1:colcon.colcon_core.environment:checking '/home/sam/urdf_ws/sim/install/bot2/lib/python3.10/site-packages'
[0.614s] Level 1:colcon.colcon_core.environment:checking '/home/sam/urdf_ws/sim/install/bot2/bin'
[0.614s] INFO:colcon.colcon_core.shell:Creating package script '/home/sam/urdf_ws/sim/install/bot2/share/bot2/package.ps1'
[0.615s] INFO:colcon.colcon_core.shell:Creating package descriptor '/home/sam/urdf_ws/sim/install/bot2/share/bot2/package.dsv'
[0.633s] INFO:colcon.colcon_core.shell:Creating package script '/home/sam/urdf_ws/sim/install/bot2/share/bot2/package.sh'
[0.637s] INFO:colcon.colcon_core.shell:Creating package script '/home/sam/urdf_ws/sim/install/bot2/share/bot2/package.bash'
[0.646s] INFO:colcon.colcon_core.shell:Creating package script '/home/sam/urdf_ws/sim/install/bot2/share/bot2/package.zsh'
[0.650s] DEBUG:colcon.colcon_core.event_handler.log_command:Invoked command in '/home/sam/urdf_ws/sim/build/bot2' returned '0': CMAKE_PREFIX_PATH=${CMAKE_PREFIX_PATH}:/home/sam/vtask/install/rob_con:/home/sam/ros2_ws1/install/my_rob_con:/opt/ros/humble /usr/local/bin/cmake --install /home/sam/urdf_ws/sim/build/bot2
[0.651s] Level 1:colcon.colcon_core.environment:create_file_with_runtime_dependencies(/home/sam/urdf_ws/sim/install/bot2/share/colcon-core/packages/bot2)
[0.656s] Level 1:colcon.colcon_core.environment:create_environment_scripts_only(bot2)
[0.656s] Level 1:colcon.colcon_core.environment:checking '/home/sam/urdf_ws/sim/install/bot2' for CMake module files
[0.660s] Level 1:colcon.colcon_core.environment:checking '/home/sam/urdf_ws/sim/install/bot2' for CMake config files
[0.661s] Level 1:colcon.colcon_core.shell:create_environment_hook('bot2', 'cmake_prefix_path')
[0.661s] INFO:colcon.colcon_core.shell:Creating environment hook '/home/sam/urdf_ws/sim/install/bot2/share/bot2/hook/cmake_prefix_path.ps1'
[0.668s] INFO:colcon.colcon_core.shell:Creating environment descriptor '/home/sam/urdf_ws/sim/install/bot2/share/bot2/hook/cmake_prefix_path.dsv'
[0.669s] INFO:colcon.colcon_core.shell:Creating environment hook '/home/sam/urdf_ws/sim/install/bot2/share/bot2/hook/cmake_prefix_path.sh'
[0.672s] Level 1:colcon.colcon_core.environment:checking '/home/sam/urdf_ws/sim/install/bot2/bin'
[0.672s] Level 1:colcon.colcon_core.environment:checking '/home/sam/urdf_ws/sim/install/bot2/lib/pkgconfig/bot2.pc'
[0.672s] Level 1:colcon.colcon_core.environment:checking '/home/sam/urdf_ws/sim/install/bot2/lib/python3.10/site-packages'
[0.673s] Level 1:colcon.colcon_core.environment:checking '/home/sam/urdf_ws/sim/install/bot2/bin'
[0.673s] INFO:colcon.colcon_core.shell:Creating package script '/home/sam/urdf_ws/sim/install/bot2/share/bot2/package.ps1'
[0.682s] INFO:colcon.colcon_core.shell:Creating package descriptor '/home/sam/urdf_ws/sim/install/bot2/share/bot2/package.dsv'
[0.688s] INFO:colcon.colcon_core.shell:Creating package script '/home/sam/urdf_ws/sim/install/bot2/share/bot2/package.sh'
[0.689s] INFO:colcon.colcon_core.shell:Creating package script '/home/sam/urdf_ws/sim/install/bot2/share/bot2/package.bash'
[0.690s] INFO:colcon.colcon_core.shell:Creating package script '/home/sam/urdf_ws/sim/install/bot2/share/bot2/package.zsh'
[0.691s] Level 1:colcon.colcon_core.environment:create_file_with_runtime_dependencies(/home/sam/urdf_ws/sim/install/bot2/share/colcon-core/packages/bot2)
[0.692s] DEBUG:colcon.colcon_parallel_executor.executor.parallel:closing loop
[0.692s] DEBUG:colcon.colcon_parallel_executor.executor.parallel:loop closed
[0.692s] DEBUG:colcon.colcon_parallel_executor.executor.parallel:run_until_complete finished with '0'
[0.693s] DEBUG:colcon.colcon_core.event_reactor:joining thread
[0.702s] INFO:colcon.colcon_core.plugin_system:Skipping extension 'colcon_notification.desktop_notification.terminal_notifier': Not used on non-Darwin systems
[0.702s] INFO:colcon.colcon_core.plugin_system:Skipping extension 'colcon_notification.desktop_notification.win32': Not used on non-Windows systems
[0.702s] INFO:colcon.colcon_notification.desktop_notification:Sending desktop notification using 'notify2'
[0.808s] DEBUG:colcon.colcon_core.event_reactor:joined thread
[0.809s] INFO:colcon.colcon_core.shell:Creating prefix script '/home/sam/urdf_ws/sim/install/local_setup.ps1'
[0.811s] INFO:colcon.colcon_core.shell:Creating prefix util module '/home/sam/urdf_ws/sim/install/_local_setup_util_ps1.py'
[0.815s] INFO:colcon.colcon_core.shell:Creating prefix chain script '/home/sam/urdf_ws/sim/install/setup.ps1'
[0.817s] INFO:colcon.colcon_core.shell:Creating prefix script '/home/sam/urdf_ws/sim/install/local_setup.sh'
[0.820s] INFO:colcon.colcon_core.shell:Creating prefix util module '/home/sam/urdf_ws/sim/install/_local_setup_util_sh.py'
[0.823s] INFO:colcon.colcon_core.shell:Creating prefix chain script '/home/sam/urdf_ws/sim/install/setup.sh'
[0.838s] INFO:colcon.colcon_core.shell:Creating prefix script '/home/sam/urdf_ws/sim/install/local_setup.bash'
[0.856s] INFO:colcon.colcon_core.shell:Creating prefix chain script '/home/sam/urdf_ws/sim/install/setup.bash'
[0.872s] INFO:colcon.colcon_core.shell:Creating prefix script '/home/sam/urdf_ws/sim/install/local_setup.zsh'
[0.879s] INFO:colcon.colcon_core.shell:Creating prefix chain script '/home/sam/urdf_ws/sim/install/setup.zsh'
