[0.030s] Invoking command in '/home/sam/urdf_ws/sim/build/bot1': CMAKE_PREFIX_PATH=/home/sam/vtask/install/rob_con:/home/sam/ros2_ws1/install/my_rob_con:/opt/ros/humble /usr/local/bin/cmake /home/sam/urdf_ws/sim/src/bot1 -DCMAKE_INSTALL_PREFIX=/home/sam/urdf_ws/sim/install/bot1
[0.035s] [0mCMake Deprecation Warning at CMakeLists.txt:1 (cmake_minimum_required):
[0.036s]   Compatibility with CMake < 3.10 will be removed from a future version of
[0.036s]   CMake.
[0.036s] 
[0.036s]   Update the VERSION argument <min> value.  Or, use the <min>...<max> syntax
[0.036s]   to tell CMake that the project requires at least <min> but has been updated
[0.036s]   to work with policies introduced by <max> or earlier.
[0.036s] 
[0.037s] [0m
[0.131s] -- The C compiler identification is GNU 11.4.0
[0.244s] -- The CXX compiler identification is GNU 11.4.0
[0.261s] -- Detecting C compiler ABI info
[0.371s] -- Detecting C compiler ABI info - done
[0.397s] -- Check for working C compiler: /usr/bin/cc - skipped
[0.398s] -- Detecting C compile features
[0.398s] -- Detecting C compile features - done
[0.444s] -- Detecting CXX compiler ABI info
[0.901s] -- Detecting CXX compiler ABI info - done
[0.985s] -- Check for working CXX compiler: /usr/bin/c++ - skipped
[0.985s] -- Detecting CXX compile features
[0.986s] -- Detecting CXX compile features - done
[1.053s] -- Found ament_cmake: 1.3.11 (/opt/ros/humble/share/ament_cmake/cmake)
[1.487s] -- Found Python3: /usr/bin/python3 (found version "3.10.12") found components: Interpreter
[1.796s] -- Found ament_lint_auto: 0.12.12 (/opt/ros/humble/share/ament_lint_auto/cmake)
[2.028s] -- Added test 'lint_cmake' to check CMake code style
[2.044s] -- Added test 'xmllint' to check XML markup files
[2.044s] -- Configuring done (2.0s)
[2.055s] -- Generating done (0.0s)
[2.059s] -- Build files have been written to: /home/sam/urdf_ws/sim/build/bot1
[2.067s] Invoked command in '/home/sam/urdf_ws/sim/build/bot1' returned '0': CMAKE_PREFIX_PATH=/home/sam/vtask/install/rob_con:/home/sam/ros2_ws1/install/my_rob_con:/opt/ros/humble /usr/local/bin/cmake /home/sam/urdf_ws/sim/src/bot1 -DCMAKE_INSTALL_PREFIX=/home/sam/urdf_ws/sim/install/bot1
[2.072s] Invoking command in '/home/sam/urdf_ws/sim/build/bot1': CMAKE_PREFIX_PATH=/home/sam/vtask/install/rob_con:/home/sam/ros2_ws1/install/my_rob_con:/opt/ros/humble /usr/local/bin/cmake --build /home/sam/urdf_ws/sim/build/bot1 -- -j8 -l8
[2.216s] Invoked command in '/home/sam/urdf_ws/sim/build/bot1' returned '0': CMAKE_PREFIX_PATH=/home/sam/vtask/install/rob_con:/home/sam/ros2_ws1/install/my_rob_con:/opt/ros/humble /usr/local/bin/cmake --build /home/sam/urdf_ws/sim/build/bot1 -- -j8 -l8
[2.226s] Invoking command in '/home/sam/urdf_ws/sim/build/bot1': CMAKE_PREFIX_PATH=/home/sam/vtask/install/rob_con:/home/sam/ros2_ws1/install/my_rob_con:/opt/ros/humble /usr/local/bin/cmake --install /home/sam/urdf_ws/sim/build/bot1
[2.230s] -- Install configuration: ""
[2.235s] -- Installing: /home/sam/urdf_ws/sim/install/bot1/share/ament_index/resource_index/package_run_dependencies/bot1
[2.235s] -- Installing: /home/sam/urdf_ws/sim/install/bot1/share/ament_index/resource_index/parent_prefix_path/bot1
[2.258s] -- Installing: /home/sam/urdf_ws/sim/install/bot1/share/bot1/environment/ament_prefix_path.sh
[2.258s] -- Installing: /home/sam/urdf_ws/sim/install/bot1/share/bot1/environment/ament_prefix_path.dsv
[2.258s] -- Installing: /home/sam/urdf_ws/sim/install/bot1/share/bot1/environment/path.sh
[2.263s] -- Installing: /home/sam/urdf_ws/sim/install/bot1/share/bot1/environment/path.dsv
[2.264s] -- Installing: /home/sam/urdf_ws/sim/install/bot1/share/bot1/local_setup.bash
[2.264s] -- Installing: /home/sam/urdf_ws/sim/install/bot1/share/bot1/local_setup.sh
[2.267s] -- Installing: /home/sam/urdf_ws/sim/install/bot1/share/bot1/local_setup.zsh
[2.268s] -- Installing: /home/sam/urdf_ws/sim/install/bot1/share/bot1/local_setup.dsv
[2.269s] -- Installing: /home/sam/urdf_ws/sim/install/bot1/share/bot1/package.dsv
[2.269s] -- Installing: /home/sam/urdf_ws/sim/install/bot1/share/ament_index/resource_index/packages/bot1
[2.269s] -- Installing: /home/sam/urdf_ws/sim/install/bot1/share/bot1/cmake/bot1Config.cmake
[2.269s] -- Installing: /home/sam/urdf_ws/sim/install/bot1/share/bot1/cmake/bot1Config-version.cmake
[2.269s] -- Installing: /home/sam/urdf_ws/sim/install/bot1/share/bot1/package.xml
[2.332s] Invoked command in '/home/sam/urdf_ws/sim/build/bot1' returned '0': CMAKE_PREFIX_PATH=/home/sam/vtask/install/rob_con:/home/sam/ros2_ws1/install/my_rob_con:/opt/ros/humble /usr/local/bin/cmake --install /home/sam/urdf_ws/sim/build/bot1
