[0.239s] Invoking command in '/home/sam/urdf_ws/sim/build/bot2': CMAKE_PREFIX_PATH=${CMAKE_PREFIX_PATH}:/home/sam/vtask/install/rob_con:/home/sam/ros2_ws1/install/my_rob_con:/opt/ros/humble /usr/local/bin/cmake --build /home/sam/urdf_ws/sim/build/bot2 -- -j8 -l8
[1.519s] [0mCMake Deprecation Warning at CMakeLists.txt:1 (cmake_minimum_required):
[1.519s]   Compatibility with CMake < 3.10 will be removed from a future version of
[1.519s]   CMake.
[1.519s] 
[1.519s]   Update the VERSION argument <min> value.  Or, use the <min>...<max> syntax
[1.519s]   to tell CMake that the project requires at least <min> but has been updated
[1.519s]   to work with policies introduced by <max> or earlier.
[1.519s] 
[1.519s] [0m
[1.783s] -- Found ament_cmake: 1.3.11 (/opt/ros/humble/share/ament_cmake/cmake)
[3.783s] -- Found ament_lint_auto: 0.12.12 (/opt/ros/humble/share/ament_lint_auto/cmake)
[4.355s] -- Added test 'lint_cmake' to check CMake code style
[4.386s] -- Added test 'xmllint' to check XML markup files
[4.411s] -- Configuring done (2.9s)
[4.513s] -- Generating done (0.1s)
[4.530s] -- Build files have been written to: /home/sam/urdf_ws/sim/build/bot2
[4.699s] Invoked command in '/home/sam/urdf_ws/sim/build/bot2' returned '0': CMAKE_PREFIX_PATH=${CMAKE_PREFIX_PATH}:/home/sam/vtask/install/rob_con:/home/sam/ros2_ws1/install/my_rob_con:/opt/ros/humble /usr/local/bin/cmake --build /home/sam/urdf_ws/sim/build/bot2 -- -j8 -l8
[4.711s] Invoking command in '/home/sam/urdf_ws/sim/build/bot2': CMAKE_PREFIX_PATH=${CMAKE_PREFIX_PATH}:/home/sam/vtask/install/rob_con:/home/sam/ros2_ws1/install/my_rob_con:/opt/ros/humble /usr/local/bin/cmake --install /home/sam/urdf_ws/sim/build/bot2
[4.807s] -- Install configuration: ""
[4.807s] -- Installing: /home/sam/urdf_ws/sim/install/bot2/share/bot2/config
[4.807s] -- Installing: /home/sam/urdf_ws/sim/install/bot2/share/bot2/launch
[4.807s] -- Installing: /home/sam/urdf_ws/sim/install/bot2/share/bot2/models
[4.807s] -- Installing: /home/sam/urdf_ws/sim/install/bot2/share/bot2/models/bot_2.urdf
[4.807s] -- Installing: /home/sam/urdf_ws/sim/install/bot2/share/bot2/rviz
[4.807s] -- Installing: /home/sam/urdf_ws/sim/install/bot2/share/bot2/rviz/urdf_config.rviz
[4.808s] -- Installing: /home/sam/urdf_ws/sim/install/bot2/share/bot2/src
[4.808s] -- Installing: /home/sam/urdf_ws/sim/install/bot2/share/ament_index/resource_index/package_run_dependencies/bot2
[4.808s] -- Installing: /home/sam/urdf_ws/sim/install/bot2/share/ament_index/resource_index/parent_prefix_path/bot2
[4.808s] -- Up-to-date: /home/sam/urdf_ws/sim/install/bot2/share/bot2/environment/ament_prefix_path.sh
[4.808s] -- Installing: /home/sam/urdf_ws/sim/install/bot2/share/bot2/environment/ament_prefix_path.dsv
[4.808s] -- Up-to-date: /home/sam/urdf_ws/sim/install/bot2/share/bot2/environment/path.sh
[4.808s] -- Installing: /home/sam/urdf_ws/sim/install/bot2/share/bot2/environment/path.dsv
[4.808s] -- Up-to-date: /home/sam/urdf_ws/sim/install/bot2/share/bot2/local_setup.bash
[4.808s] -- Up-to-date: /home/sam/urdf_ws/sim/install/bot2/share/bot2/local_setup.sh
[4.808s] -- Up-to-date: /home/sam/urdf_ws/sim/install/bot2/share/bot2/local_setup.zsh
[4.808s] -- Installing: /home/sam/urdf_ws/sim/install/bot2/share/bot2/local_setup.dsv
[4.821s] -- Installing: /home/sam/urdf_ws/sim/install/bot2/share/bot2/package.dsv
[4.822s] -- Up-to-date: /home/sam/urdf_ws/sim/install/bot2/share/ament_index/resource_index/packages/bot2
[4.822s] -- Up-to-date: /home/sam/urdf_ws/sim/install/bot2/share/bot2/cmake/bot2Config.cmake
[4.822s] -- Up-to-date: /home/sam/urdf_ws/sim/install/bot2/share/bot2/cmake/bot2Config-version.cmake
[4.822s] -- Installing: /home/sam/urdf_ws/sim/install/bot2/share/bot2/package.xml
[4.823s] Invoked command in '/home/sam/urdf_ws/sim/build/bot2' returned '0': CMAKE_PREFIX_PATH=${CMAKE_PREFIX_PATH}:/home/sam/vtask/install/rob_con:/home/sam/ros2_ws1/install/my_rob_con:/opt/ros/humble /usr/local/bin/cmake --install /home/sam/urdf_ws/sim/build/bot2
