[0.054s] Invoking command in '/home/sam/urdf_ws/sim/build/bot2': CMAKE_PREFIX_PATH=${CMAKE_PREFIX_PATH}:/home/sam/vtask/install/rob_con:/home/sam/ros2_ws1/install/my_rob_con:/opt/ros/humble /usr/local/bin/cmake --build /home/sam/urdf_ws/sim/build/bot2 -- -j8 -l8
[0.135s] Invoked command in '/home/sam/urdf_ws/sim/build/bot2' returned '0': CMAKE_PREFIX_PATH=${CMAKE_PREFIX_PATH}:/home/sam/vtask/install/rob_con:/home/sam/ros2_ws1/install/my_rob_con:/opt/ros/humble /usr/local/bin/cmake --build /home/sam/urdf_ws/sim/build/bot2 -- -j8 -l8
[0.213s] Invoking command in '/home/sam/urdf_ws/sim/build/bot2': CMAKE_PREFIX_PATH=${CMAKE_PREFIX_PATH}:/home/sam/vtask/install/rob_con:/home/sam/ros2_ws1/install/my_rob_con:/opt/ros/humble /usr/local/bin/cmake --install /home/sam/urdf_ws/sim/build/bot2
[0.217s] -- Install configuration: ""
[0.218s] -- Up-to-date: /home/sam/urdf_ws/sim/install/bot2/share/bot2/config
[0.218s] -- Up-to-date: /home/sam/urdf_ws/sim/install/bot2/share/bot2/launch
[0.218s] -- Up-to-date: /home/sam/urdf_ws/sim/install/bot2/share/bot2/launch/bot2.launch.py
[0.218s] -- Up-to-date: /home/sam/urdf_ws/sim/install/bot2/share/bot2/launch/bot2_gazebo.launch.py
[0.219s] -- Up-to-date: /home/sam/urdf_ws/sim/install/bot2/share/bot2/models
[0.219s] -- Installing: /home/sam/urdf_ws/sim/install/bot2/share/bot2/models/bot_2.urdf
[0.220s] -- Up-to-date: /home/sam/urdf_ws/sim/install/bot2/share/bot2/rviz
[0.228s] -- Up-to-date: /home/sam/urdf_ws/sim/install/bot2/share/bot2/rviz/urdf_config.rviz
[0.229s] -- Up-to-date: /home/sam/urdf_ws/sim/install/bot2/share/bot2/src
[0.229s] -- Up-to-date: /home/sam/urdf_ws/sim/install/bot2/share/ament_index/resource_index/package_run_dependencies/bot2
[0.229s] -- Up-to-date: /home/sam/urdf_ws/sim/install/bot2/share/ament_index/resource_index/parent_prefix_path/bot2
[0.229s] -- Up-to-date: /home/sam/urdf_ws/sim/install/bot2/share/bot2/environment/ament_prefix_path.sh
[0.229s] -- Up-to-date: /home/sam/urdf_ws/sim/install/bot2/share/bot2/environment/ament_prefix_path.dsv
[0.231s] -- Up-to-date: /home/sam/urdf_ws/sim/install/bot2/share/bot2/environment/path.sh
[0.233s] -- Up-to-date: /home/sam/urdf_ws/sim/install/bot2/share/bot2/environment/path.dsv
[0.233s] -- Up-to-date: /home/sam/urdf_ws/sim/install/bot2/share/bot2/local_setup.bash
[0.233s] -- Up-to-date: /home/sam/urdf_ws/sim/install/bot2/share/bot2/local_setup.sh
[0.233s] -- Up-to-date: /home/sam/urdf_ws/sim/install/bot2/share/bot2/local_setup.zsh
[0.233s] -- Up-to-date: /home/sam/urdf_ws/sim/install/bot2/share/bot2/local_setup.dsv
[0.236s] -- Installing: /home/sam/urdf_ws/sim/install/bot2/share/bot2/package.dsv
[0.236s] -- Up-to-date: /home/sam/urdf_ws/sim/install/bot2/share/ament_index/resource_index/packages/bot2
[0.236s] -- Up-to-date: /home/sam/urdf_ws/sim/install/bot2/share/bot2/cmake/bot2Config.cmake
[0.236s] -- Up-to-date: /home/sam/urdf_ws/sim/install/bot2/share/bot2/cmake/bot2Config-version.cmake
[0.237s] -- Up-to-date: /home/sam/urdf_ws/sim/install/bot2/share/bot2/package.xml
[0.241s] Invoked command in '/home/sam/urdf_ws/sim/build/bot2' returned '0': CMAKE_PREFIX_PATH=${CMAKE_PREFIX_PATH}:/home/sam/vtask/install/rob_con:/home/sam/ros2_ws1/install/my_rob_con:/opt/ros/humble /usr/local/bin/cmake --install /home/sam/urdf_ws/sim/build/bot2
