[0.067s] Invoking command in '/home/sam/urdf_ws/sim/build/bot1': CMAKE_PREFIX_PATH=${CMAKE_PREFIX_PATH}:/home/sam/vtask/install/rob_con:/home/sam/ros2_ws1/install/my_rob_con:/opt/ros/humble /usr/local/bin/cmake --build /home/sam/urdf_ws/sim/build/bot1 -- -j8 -l8
[0.170s] Invoked command in '/home/sam/urdf_ws/sim/build/bot1' returned '0': CMAKE_PREFIX_PATH=${CMAKE_PREFIX_PATH}:/home/sam/vtask/install/rob_con:/home/sam/ros2_ws1/install/my_rob_con:/opt/ros/humble /usr/local/bin/cmake --build /home/sam/urdf_ws/sim/build/bot1 -- -j8 -l8
[0.171s] Invoking command in '/home/sam/urdf_ws/sim/build/bot1': CMAKE_PREFIX_PATH=${CMAKE_PREFIX_PATH}:/home/sam/vtask/install/rob_con:/home/sam/ros2_ws1/install/my_rob_con:/opt/ros/humble /usr/local/bin/cmake --install /home/sam/urdf_ws/sim/build/bot1
[0.190s] -- Install configuration: ""
[0.190s] -- Up-to-date: /home/sam/urdf_ws/sim/install/bot1/share/bot1/config
[0.190s] -- Up-to-date: /home/sam/urdf_ws/sim/install/bot1/share/bot1/launch
[0.190s] -- Up-to-date: /home/sam/urdf_ws/sim/install/bot1/share/bot1/launch/bot1.launch.py
[0.190s] -- Up-to-date: /home/sam/urdf_ws/sim/install/bot1/share/bot1/launch/bot1_gazebo.launch.py
[0.190s] -- Up-to-date: /home/sam/urdf_ws/sim/install/bot1/share/bot1/models
[0.192s] -- Up-to-date: /home/sam/urdf_ws/sim/install/bot1/share/bot1/models/bot_1.urdf
[0.192s] -- Up-to-date: /home/sam/urdf_ws/sim/install/bot1/share/bot1/rviz
[0.193s] -- Up-to-date: /home/sam/urdf_ws/sim/install/bot1/share/bot1/rviz/urdf_config.rviz
[0.194s] -- Up-to-date: /home/sam/urdf_ws/sim/install/bot1/share/bot1/src
[0.195s] -- Up-to-date: /home/sam/urdf_ws/sim/install/bot1/share/ament_index/resource_index/package_run_dependencies/bot1
[0.195s] -- Up-to-date: /home/sam/urdf_ws/sim/install/bot1/share/ament_index/resource_index/parent_prefix_path/bot1
[0.195s] -- Up-to-date: /home/sam/urdf_ws/sim/install/bot1/share/bot1/environment/ament_prefix_path.sh
[0.195s] -- Up-to-date: /home/sam/urdf_ws/sim/install/bot1/share/bot1/environment/ament_prefix_path.dsv
[0.195s] -- Up-to-date: /home/sam/urdf_ws/sim/install/bot1/share/bot1/environment/path.sh
[0.195s] -- Up-to-date: /home/sam/urdf_ws/sim/install/bot1/share/bot1/environment/path.dsv
[0.195s] -- Up-to-date: /home/sam/urdf_ws/sim/install/bot1/share/bot1/local_setup.bash
[0.195s] -- Up-to-date: /home/sam/urdf_ws/sim/install/bot1/share/bot1/local_setup.sh
[0.196s] -- Up-to-date: /home/sam/urdf_ws/sim/install/bot1/share/bot1/local_setup.zsh
[0.196s] -- Up-to-date: /home/sam/urdf_ws/sim/install/bot1/share/bot1/local_setup.dsv
[0.197s] -- Installing: /home/sam/urdf_ws/sim/install/bot1/share/bot1/package.dsv
[0.197s] -- Up-to-date: /home/sam/urdf_ws/sim/install/bot1/share/ament_index/resource_index/packages/bot1
[0.198s] -- Up-to-date: /home/sam/urdf_ws/sim/install/bot1/share/bot1/cmake/bot1Config.cmake
[0.202s] -- Up-to-date: /home/sam/urdf_ws/sim/install/bot1/share/bot1/cmake/bot1Config-version.cmake
[0.202s] -- Up-to-date: /home/sam/urdf_ws/sim/install/bot1/share/bot1/package.xml
[0.209s] Invoked command in '/home/sam/urdf_ws/sim/build/bot1' returned '0': CMAKE_PREFIX_PATH=${CMAKE_PREFIX_PATH}:/home/sam/vtask/install/rob_con:/home/sam/ros2_ws1/install/my_rob_con:/opt/ros/humble /usr/local/bin/cmake --install /home/sam/urdf_ws/sim/build/bot1
