[0.152s] DEBUG:colcon:Command line arguments: ['/usr/bin/colcon', 'build']
[0.152s] DEBUG:colcon:Parsed command line arguments: Namespace(log_base=None, log_level=None, verb_name='build', build_base='build', install_base='install', merge_install=False, symlink_install=False, test_result_base=None, continue_on_error=False, executor='parallel', parallel_workers=8, event_handlers=None, ignore_user_meta=False, metas=['./colcon.meta'], base_paths=['.'], packages_ignore=None, packages_ignore_regex=None, paths=None, packages_up_to=None, packages_up_to_regex=None, packages_above=None, packages_above_and_dependencies=None, packages_above_depth=None, packages_select_by_dep=None, packages_skip_by_dep=None, packages_skip_up_to=None, packages_select_build_failed=False, packages_skip_build_finished=False, packages_select_test_failures=False, packages_skip_test_passed=False, packages_select=None, packages_skip=None, packages_select_regex=None, packages_skip_regex=None, packages_start=None, packages_end=None, allow_overriding=[], cmake_args=None, cmake_target=None, cmake_target_skip_unavailable=False, cmake_clean_cache=False, cmake_clean_first=False, cmake_force_configure=False, ament_cmake_args=None, catkin_cmake_args=None, catkin_skip_building_tests=False, verb_parser=<colcon_defaults.argument_parser.defaults.DefaultArgumentsDecorator object at 0x76473f311930>, verb_extension=<colcon_core.verb.build.BuildVerb object at 0x76473f3113f0>, main=<bound method BuildVerb.main of <colcon_core.verb.build.BuildVerb object at 0x76473f3113f0>>)
[0.192s] Level 1:colcon.colcon_core.package_discovery:discover_packages(colcon_meta) check parameters
[0.193s] Level 1:colcon.colcon_core.package_discovery:discover_packages(recursive) check parameters
[0.195s] Level 1:colcon.colcon_core.package_discovery:discover_packages(ignore) check parameters
[0.196s] Level 1:colcon.colcon_core.package_discovery:discover_packages(path) check parameters
[0.196s] Level 1:colcon.colcon_core.package_discovery:discover_packages(colcon_meta) discover
[0.196s] Level 1:colcon.colcon_core.package_discovery:discover_packages(recursive) discover
[0.196s] INFO:colcon.colcon_core.package_discovery:Crawling recursively for packages in '/home/sam/urdf_ws/sim'
[0.196s] Level 1:colcon.colcon_core.package_identification:_identify(.) by extensions ['ignore', 'ignore_ament_install']
[0.196s] Level 1:colcon.colcon_core.package_identification:_identify(.) by extension 'ignore'
[0.196s] Level 1:colcon.colcon_core.package_identification:_identify(.) by extension 'ignore_ament_install'
[0.196s] Level 1:colcon.colcon_core.package_identification:_identify(.) by extensions ['colcon_pkg']
[0.196s] Level 1:colcon.colcon_core.package_identification:_identify(.) by extension 'colcon_pkg'
[0.197s] Level 1:colcon.colcon_core.package_identification:_identify(.) by extensions ['colcon_meta']
[0.197s] Level 1:colcon.colcon_core.package_identification:_identify(.) by extension 'colcon_meta'
[0.197s] Level 1:colcon.colcon_core.package_identification:_identify(.) by extensions ['ros']
[0.197s] Level 1:colcon.colcon_core.package_identification:_identify(.) by extension 'ros'
[0.222s] Level 1:colcon.colcon_core.package_identification:_identify(.) by extensions ['cmake', 'python']
[0.223s] Level 1:colcon.colcon_core.package_identification:_identify(.) by extension 'cmake'
[0.224s] Level 1:colcon.colcon_core.package_identification:_identify(.) by extension 'python'
[0.225s] Level 1:colcon.colcon_core.package_identification:_identify(.) by extensions ['python_setup_py']
[0.226s] Level 1:colcon.colcon_core.package_identification:_identify(.) by extension 'python_setup_py'
[0.226s] Level 1:colcon.colcon_core.package_identification:_identify(build) by extensions ['ignore', 'ignore_ament_install']
[0.226s] Level 1:colcon.colcon_core.package_identification:_identify(build) by extension 'ignore'
[0.226s] Level 1:colcon.colcon_core.package_identification:_identify(build) ignored
[0.226s] Level 1:colcon.colcon_core.package_identification:_identify(install) by extensions ['ignore', 'ignore_ament_install']
[0.227s] Level 1:colcon.colcon_core.package_identification:_identify(install) by extension 'ignore'
[0.227s] Level 1:colcon.colcon_core.package_identification:_identify(install) ignored
[0.227s] Level 1:colcon.colcon_core.package_identification:_identify(log) by extensions ['ignore', 'ignore_ament_install']
[0.227s] Level 1:colcon.colcon_core.package_identification:_identify(log) by extension 'ignore'
[0.227s] Level 1:colcon.colcon_core.package_identification:_identify(log) ignored
[0.227s] Level 1:colcon.colcon_core.package_identification:_identify(src) by extensions ['ignore', 'ignore_ament_install']
[0.227s] Level 1:colcon.colcon_core.package_identification:_identify(src) by extension 'ignore'
[0.227s] Level 1:colcon.colcon_core.package_identification:_identify(src) by extension 'ignore_ament_install'
[0.227s] Level 1:colcon.colcon_core.package_identification:_identify(src) by extensions ['colcon_pkg']
[0.227s] Level 1:colcon.colcon_core.package_identification:_identify(src) by extension 'colcon_pkg'
[0.227s] Level 1:colcon.colcon_core.package_identification:_identify(src) by extensions ['colcon_meta']
[0.227s] Level 1:colcon.colcon_core.package_identification:_identify(src) by extension 'colcon_meta'
[0.227s] Level 1:colcon.colcon_core.package_identification:_identify(src) by extensions ['ros']
[0.227s] Level 1:colcon.colcon_core.package_identification:_identify(src) by extension 'ros'
[0.227s] Level 1:colcon.colcon_core.package_identification:_identify(src) by extensions ['cmake', 'python']
[0.227s] Level 1:colcon.colcon_core.package_identification:_identify(src) by extension 'cmake'
[0.227s] Level 1:colcon.colcon_core.package_identification:_identify(src) by extension 'python'
[0.227s] Level 1:colcon.colcon_core.package_identification:_identify(src) by extensions ['python_setup_py']
[0.227s] Level 1:colcon.colcon_core.package_identification:_identify(src) by extension 'python_setup_py'
[0.228s] Level 1:colcon.colcon_core.package_identification:_identify(src/bot1) by extensions ['ignore', 'ignore_ament_install']
[0.228s] Level 1:colcon.colcon_core.package_identification:_identify(src/bot1) by extension 'ignore'
[0.228s] Level 1:colcon.colcon_core.package_identification:_identify(src/bot1) by extension 'ignore_ament_install'
[0.228s] Level 1:colcon.colcon_core.package_identification:_identify(src/bot1) by extensions ['colcon_pkg']
[0.228s] Level 1:colcon.colcon_core.package_identification:_identify(src/bot1) by extension 'colcon_pkg'
[0.228s] Level 1:colcon.colcon_core.package_identification:_identify(src/bot1) by extensions ['colcon_meta']
[0.228s] Level 1:colcon.colcon_core.package_identification:_identify(src/bot1) by extension 'colcon_meta'
[0.228s] Level 1:colcon.colcon_core.package_identification:_identify(src/bot1) by extensions ['ros']
[0.228s] Level 1:colcon.colcon_core.package_identification:_identify(src/bot1) by extension 'ros'
[0.231s] DEBUG:colcon.colcon_core.package_identification:Package 'src/bot1' with type 'ros.ament_cmake' and name 'bot1'
[0.231s] Level 1:colcon.colcon_core.package_identification:_identify(src/bot2) by extensions ['ignore', 'ignore_ament_install']
[0.232s] Level 1:colcon.colcon_core.package_identification:_identify(src/bot2) by extension 'ignore'
[0.232s] Level 1:colcon.colcon_core.package_identification:_identify(src/bot2) by extension 'ignore_ament_install'
[0.232s] Level 1:colcon.colcon_core.package_identification:_identify(src/bot2) by extensions ['colcon_pkg']
[0.232s] Level 1:colcon.colcon_core.package_identification:_identify(src/bot2) by extension 'colcon_pkg'
[0.232s] Level 1:colcon.colcon_core.package_identification:_identify(src/bot2) by extensions ['colcon_meta']
[0.232s] Level 1:colcon.colcon_core.package_identification:_identify(src/bot2) by extension 'colcon_meta'
[0.232s] Level 1:colcon.colcon_core.package_identification:_identify(src/bot2) by extensions ['ros']
[0.232s] Level 1:colcon.colcon_core.package_identification:_identify(src/bot2) by extension 'ros'
[0.232s] DEBUG:colcon.colcon_core.package_identification:Package 'src/bot2' with type 'ros.ament_cmake' and name 'bot2'
[0.233s] Level 1:colcon.colcon_core.package_discovery:discover_packages(recursive) using defaults
[0.233s] Level 1:colcon.colcon_core.package_discovery:discover_packages(ignore) discover
[0.233s] Level 1:colcon.colcon_core.package_discovery:discover_packages(ignore) using defaults
[0.233s] Level 1:colcon.colcon_core.package_discovery:discover_packages(path) discover
[0.233s] Level 1:colcon.colcon_core.package_discovery:discover_packages(path) using defaults
[0.251s] Level 1:colcon.colcon_core.package_discovery:discover_packages(prefix_path) check parameters
[0.252s] Level 1:colcon.colcon_core.package_discovery:discover_packages(prefix_path) discover
[0.255s] DEBUG:colcon.colcon_installed_package_information.package_discovery:Found 1 installed packages in /home/sam/vtask/install
[0.256s] DEBUG:colcon.colcon_installed_package_information.package_discovery:Found 1 installed packages in /home/sam/ros2_ws1/install
[0.256s] DEBUG:colcon.colcon_installed_package_information.package_discovery:Found 2 installed packages in /home/sam/urdf_ws/sim/install
[0.258s] DEBUG:colcon.colcon_installed_package_information.package_discovery:Found 313 installed packages in /opt/ros/humble
[0.260s] Level 1:colcon.colcon_core.package_discovery:discover_packages(prefix_path) using defaults
[0.300s] Level 5:colcon.colcon_core.verb:set package 'bot1' build argument 'cmake_args' from command line to 'None'
[0.301s] Level 5:colcon.colcon_core.verb:set package 'bot1' build argument 'cmake_target' from command line to 'None'
[0.301s] Level 5:colcon.colcon_core.verb:set package 'bot1' build argument 'cmake_target_skip_unavailable' from command line to 'False'
[0.301s] Level 5:colcon.colcon_core.verb:set package 'bot1' build argument 'cmake_clean_cache' from command line to 'False'
[0.301s] Level 5:colcon.colcon_core.verb:set package 'bot1' build argument 'cmake_clean_first' from command line to 'False'
[0.301s] Level 5:colcon.colcon_core.verb:set package 'bot1' build argument 'cmake_force_configure' from command line to 'False'
[0.301s] Level 5:colcon.colcon_core.verb:set package 'bot1' build argument 'ament_cmake_args' from command line to 'None'
[0.303s] Level 5:colcon.colcon_core.verb:set package 'bot1' build argument 'catkin_cmake_args' from command line to 'None'
[0.303s] Level 5:colcon.colcon_core.verb:set package 'bot1' build argument 'catkin_skip_building_tests' from command line to 'False'
[0.303s] DEBUG:colcon.colcon_core.verb:Building package 'bot1' with the following arguments: {'ament_cmake_args': None, 'build_base': '/home/sam/urdf_ws/sim/build/bot1', 'catkin_cmake_args': None, 'catkin_skip_building_tests': False, 'cmake_args': None, 'cmake_clean_cache': False, 'cmake_clean_first': False, 'cmake_force_configure': False, 'cmake_target': None, 'cmake_target_skip_unavailable': False, 'install_base': '/home/sam/urdf_ws/sim/install/bot1', 'merge_install': False, 'path': '/home/sam/urdf_ws/sim/src/bot1', 'symlink_install': False, 'test_result_base': None}
[0.303s] Level 5:colcon.colcon_core.verb:set package 'bot2' build argument 'cmake_args' from command line to 'None'
[0.304s] Level 5:colcon.colcon_core.verb:set package 'bot2' build argument 'cmake_target' from command line to 'None'
[0.304s] Level 5:colcon.colcon_core.verb:set package 'bot2' build argument 'cmake_target_skip_unavailable' from command line to 'False'
[0.304s] Level 5:colcon.colcon_core.verb:set package 'bot2' build argument 'cmake_clean_cache' from command line to 'False'
[0.304s] Level 5:colcon.colcon_core.verb:set package 'bot2' build argument 'cmake_clean_first' from command line to 'False'
[0.304s] Level 5:colcon.colcon_core.verb:set package 'bot2' build argument 'cmake_force_configure' from command line to 'False'
[0.304s] Level 5:colcon.colcon_core.verb:set package 'bot2' build argument 'ament_cmake_args' from command line to 'None'
[0.304s] Level 5:colcon.colcon_core.verb:set package 'bot2' build argument 'catkin_cmake_args' from command line to 'None'
[0.304s] Level 5:colcon.colcon_core.verb:set package 'bot2' build argument 'catkin_skip_building_tests' from command line to 'False'
[0.304s] DEBUG:colcon.colcon_core.verb:Building package 'bot2' with the following arguments: {'ament_cmake_args': None, 'build_base': '/home/sam/urdf_ws/sim/build/bot2', 'catkin_cmake_args': None, 'catkin_skip_building_tests': False, 'cmake_args': None, 'cmake_clean_cache': False, 'cmake_clean_first': False, 'cmake_force_configure': False, 'cmake_target': None, 'cmake_target_skip_unavailable': False, 'install_base': '/home/sam/urdf_ws/sim/install/bot2', 'merge_install': False, 'path': '/home/sam/urdf_ws/sim/src/bot2', 'symlink_install': False, 'test_result_base': None}
[0.304s] INFO:colcon.colcon_core.executor:Executing jobs using 'parallel' executor
[0.306s] DEBUG:colcon.colcon_parallel_executor.executor.parallel:run_until_complete
[0.306s] INFO:colcon.colcon_ros.task.ament_cmake.build:Building ROS package in '/home/sam/urdf_ws/sim/src/bot1' with build type 'ament_cmake'
[0.306s] INFO:colcon.colcon_cmake.task.cmake.build:Building CMake package in '/home/sam/urdf_ws/sim/src/bot1'
[0.311s] INFO:colcon.colcon_core.plugin_system:Skipping extension 'colcon_core.shell.bat': Not used on non-Windows systems
[0.311s] INFO:colcon.colcon_core.shell:Skip shell extension 'powershell' for command environment: Not usable outside of PowerShell
[0.311s] DEBUG:colcon.colcon_core.shell:Skip shell extension 'dsv' for command environment
[0.318s] INFO:colcon.colcon_ros.task.ament_cmake.build:Building ROS package in '/home/sam/urdf_ws/sim/src/bot2' with build type 'ament_cmake'
[0.318s] INFO:colcon.colcon_cmake.task.cmake.build:Building CMake package in '/home/sam/urdf_ws/sim/src/bot2'
[0.319s] INFO:colcon.colcon_core.shell:Skip shell extension 'powershell' for command environment: Not usable outside of PowerShell
[0.324s] DEBUG:colcon.colcon_core.shell:Skip shell extension 'dsv' for command environment
[0.360s] DEBUG:colcon.colcon_core.event_handler.log_command:Invoking command in '/home/sam/urdf_ws/sim/build/bot1': CMAKE_PREFIX_PATH=${CMAKE_PREFIX_PATH}:/home/sam/vtask/install/rob_con:/home/sam/ros2_ws1/install/my_rob_con:/opt/ros/humble /usr/local/bin/cmake --build /home/sam/urdf_ws/sim/build/bot1 -- -j8 -l8
[0.394s] DEBUG:colcon.colcon_core.event_handler.log_command:Invoking command in '/home/sam/urdf_ws/sim/build/bot2': CMAKE_PREFIX_PATH=${CMAKE_PREFIX_PATH}:/home/sam/vtask/install/rob_con:/home/sam/ros2_ws1/install/my_rob_con:/opt/ros/humble /usr/local/bin/cmake --build /home/sam/urdf_ws/sim/build/bot2 -- -j8 -l8
[0.420s] DEBUG:colcon.colcon_core.event_handler.log_command:Invoked command in '/home/sam/urdf_ws/sim/build/bot1' returned '0': CMAKE_PREFIX_PATH=${CMAKE_PREFIX_PATH}:/home/sam/vtask/install/rob_con:/home/sam/ros2_ws1/install/my_rob_con:/opt/ros/humble /usr/local/bin/cmake --build /home/sam/urdf_ws/sim/build/bot1 -- -j8 -l8
[0.427s] DEBUG:colcon.colcon_core.event_handler.log_command:Invoking command in '/home/sam/urdf_ws/sim/build/bot1': CMAKE_PREFIX_PATH=${CMAKE_PREFIX_PATH}:/home/sam/vtask/install/rob_con:/home/sam/ros2_ws1/install/my_rob_con:/opt/ros/humble /usr/local/bin/cmake --install /home/sam/urdf_ws/sim/build/bot1
[0.487s] Level 1:colcon.colcon_core.environment:create_environment_scripts_only(bot1)
[0.495s] DEBUG:colcon.colcon_core.event_handler.log_command:Invoked command in '/home/sam/urdf_ws/sim/build/bot1' returned '0': CMAKE_PREFIX_PATH=${CMAKE_PREFIX_PATH}:/home/sam/vtask/install/rob_con:/home/sam/ros2_ws1/install/my_rob_con:/opt/ros/humble /usr/local/bin/cmake --install /home/sam/urdf_ws/sim/build/bot1
[0.506s] Level 1:colcon.colcon_core.environment:checking '/home/sam/urdf_ws/sim/install/bot1' for CMake module files
[0.524s] Level 1:colcon.colcon_core.environment:checking '/home/sam/urdf_ws/sim/install/bot1' for CMake config files
[0.528s] Level 1:colcon.colcon_core.shell:create_environment_hook('bot1', 'cmake_prefix_path')
[0.531s] INFO:colcon.colcon_core.shell:Creating environment hook '/home/sam/urdf_ws/sim/install/bot1/share/bot1/hook/cmake_prefix_path.ps1'
[0.537s] INFO:colcon.colcon_core.shell:Creating environment descriptor '/home/sam/urdf_ws/sim/install/bot1/share/bot1/hook/cmake_prefix_path.dsv'
[0.542s] INFO:colcon.colcon_core.shell:Creating environment hook '/home/sam/urdf_ws/sim/install/bot1/share/bot1/hook/cmake_prefix_path.sh'
[0.549s] Level 1:colcon.colcon_core.environment:checking '/home/sam/urdf_ws/sim/install/bot1/bin'
[0.549s] Level 1:colcon.colcon_core.environment:checking '/home/sam/urdf_ws/sim/install/bot1/lib/pkgconfig/bot1.pc'
[0.550s] Level 1:colcon.colcon_core.environment:checking '/home/sam/urdf_ws/sim/install/bot1/lib/python3.10/site-packages'
[0.556s] Level 1:colcon.colcon_core.environment:checking '/home/sam/urdf_ws/sim/install/bot1/bin'
[0.556s] INFO:colcon.colcon_core.shell:Creating package script '/home/sam/urdf_ws/sim/install/bot1/share/bot1/package.ps1'
[0.560s] INFO:colcon.colcon_core.shell:Creating package descriptor '/home/sam/urdf_ws/sim/install/bot1/share/bot1/package.dsv'
[0.567s] INFO:colcon.colcon_core.shell:Creating package script '/home/sam/urdf_ws/sim/install/bot1/share/bot1/package.sh'
[0.578s] INFO:colcon.colcon_core.shell:Creating package script '/home/sam/urdf_ws/sim/install/bot1/share/bot1/package.bash'
[0.590s] INFO:colcon.colcon_core.shell:Creating package script '/home/sam/urdf_ws/sim/install/bot1/share/bot1/package.zsh'
[0.611s] Level 1:colcon.colcon_core.environment:create_file_with_runtime_dependencies(/home/sam/urdf_ws/sim/install/bot1/share/colcon-core/packages/bot1)
[0.612s] Level 1:colcon.colcon_core.environment:create_environment_scripts_only(bot1)
[0.612s] Level 1:colcon.colcon_core.environment:checking '/home/sam/urdf_ws/sim/install/bot1' for CMake module files
[0.613s] Level 1:colcon.colcon_core.environment:checking '/home/sam/urdf_ws/sim/install/bot1' for CMake config files
[0.613s] Level 1:colcon.colcon_core.shell:create_environment_hook('bot1', 'cmake_prefix_path')
[0.614s] INFO:colcon.colcon_core.shell:Creating environment hook '/home/sam/urdf_ws/sim/install/bot1/share/bot1/hook/cmake_prefix_path.ps1'
[0.616s] INFO:colcon.colcon_core.shell:Creating environment descriptor '/home/sam/urdf_ws/sim/install/bot1/share/bot1/hook/cmake_prefix_path.dsv'
[0.617s] INFO:colcon.colcon_core.shell:Creating environment hook '/home/sam/urdf_ws/sim/install/bot1/share/bot1/hook/cmake_prefix_path.sh'
[0.618s] Level 1:colcon.colcon_core.environment:checking '/home/sam/urdf_ws/sim/install/bot1/bin'
[0.618s] Level 1:colcon.colcon_core.environment:checking '/home/sam/urdf_ws/sim/install/bot1/lib/pkgconfig/bot1.pc'
[0.618s] Level 1:colcon.colcon_core.environment:checking '/home/sam/urdf_ws/sim/install/bot1/lib/python3.10/site-packages'
[0.619s] Level 1:colcon.colcon_core.environment:checking '/home/sam/urdf_ws/sim/install/bot1/bin'
[0.619s] INFO:colcon.colcon_core.shell:Creating package script '/home/sam/urdf_ws/sim/install/bot1/share/bot1/package.ps1'
[0.620s] INFO:colcon.colcon_core.shell:Creating package descriptor '/home/sam/urdf_ws/sim/install/bot1/share/bot1/package.dsv'
[0.621s] INFO:colcon.colcon_core.shell:Creating package script '/home/sam/urdf_ws/sim/install/bot1/share/bot1/package.sh'
[0.622s] INFO:colcon.colcon_core.shell:Creating package script '/home/sam/urdf_ws/sim/install/bot1/share/bot1/package.bash'
[0.624s] INFO:colcon.colcon_core.shell:Creating package script '/home/sam/urdf_ws/sim/install/bot1/share/bot1/package.zsh'
[0.624s] Level 1:colcon.colcon_core.environment:create_file_with_runtime_dependencies(/home/sam/urdf_ws/sim/install/bot1/share/colcon-core/packages/bot1)
[0.629s] DEBUG:colcon.colcon_core.event_handler.log_command:Invoked command in '/home/sam/urdf_ws/sim/build/bot2' returned '0': CMAKE_PREFIX_PATH=${CMAKE_PREFIX_PATH}:/home/sam/vtask/install/rob_con:/home/sam/ros2_ws1/install/my_rob_con:/opt/ros/humble /usr/local/bin/cmake --build /home/sam/urdf_ws/sim/build/bot2 -- -j8 -l8
[0.630s] DEBUG:colcon.colcon_core.event_handler.log_command:Invoking command in '/home/sam/urdf_ws/sim/build/bot2': CMAKE_PREFIX_PATH=${CMAKE_PREFIX_PATH}:/home/sam/vtask/install/rob_con:/home/sam/ros2_ws1/install/my_rob_con:/opt/ros/humble /usr/local/bin/cmake --install /home/sam/urdf_ws/sim/build/bot2
[0.639s] Level 1:colcon.colcon_core.environment:create_environment_scripts_only(bot2)
[0.639s] Level 1:colcon.colcon_core.environment:checking '/home/sam/urdf_ws/sim/install/bot2' for CMake module files
[0.642s] DEBUG:colcon.colcon_core.event_handler.log_command:Invoked command in '/home/sam/urdf_ws/sim/build/bot2' returned '0': CMAKE_PREFIX_PATH=${CMAKE_PREFIX_PATH}:/home/sam/vtask/install/rob_con:/home/sam/ros2_ws1/install/my_rob_con:/opt/ros/humble /usr/local/bin/cmake --install /home/sam/urdf_ws/sim/build/bot2
[0.642s] Level 1:colcon.colcon_core.environment:checking '/home/sam/urdf_ws/sim/install/bot2' for CMake config files
[0.643s] Level 1:colcon.colcon_core.shell:create_environment_hook('bot2', 'cmake_prefix_path')
[0.643s] INFO:colcon.colcon_core.shell:Creating environment hook '/home/sam/urdf_ws/sim/install/bot2/share/bot2/hook/cmake_prefix_path.ps1'
[0.644s] INFO:colcon.colcon_core.shell:Creating environment descriptor '/home/sam/urdf_ws/sim/install/bot2/share/bot2/hook/cmake_prefix_path.dsv'
[0.644s] INFO:colcon.colcon_core.shell:Creating environment hook '/home/sam/urdf_ws/sim/install/bot2/share/bot2/hook/cmake_prefix_path.sh'
[0.645s] Level 1:colcon.colcon_core.environment:checking '/home/sam/urdf_ws/sim/install/bot2/bin'
[0.646s] Level 1:colcon.colcon_core.environment:checking '/home/sam/urdf_ws/sim/install/bot2/lib/pkgconfig/bot2.pc'
[0.646s] Level 1:colcon.colcon_core.environment:checking '/home/sam/urdf_ws/sim/install/bot2/lib/python3.10/site-packages'
[0.646s] Level 1:colcon.colcon_core.environment:checking '/home/sam/urdf_ws/sim/install/bot2/bin'
[0.647s] INFO:colcon.colcon_core.shell:Creating package script '/home/sam/urdf_ws/sim/install/bot2/share/bot2/package.ps1'
[0.648s] INFO:colcon.colcon_core.shell:Creating package descriptor '/home/sam/urdf_ws/sim/install/bot2/share/bot2/package.dsv'
[0.648s] INFO:colcon.colcon_core.shell:Creating package script '/home/sam/urdf_ws/sim/install/bot2/share/bot2/package.sh'
[0.649s] INFO:colcon.colcon_core.shell:Creating package script '/home/sam/urdf_ws/sim/install/bot2/share/bot2/package.bash'
[0.650s] INFO:colcon.colcon_core.shell:Creating package script '/home/sam/urdf_ws/sim/install/bot2/share/bot2/package.zsh'
[0.651s] Level 1:colcon.colcon_core.environment:create_file_with_runtime_dependencies(/home/sam/urdf_ws/sim/install/bot2/share/colcon-core/packages/bot2)
[0.654s] Level 1:colcon.colcon_core.environment:create_environment_scripts_only(bot2)
[0.654s] Level 1:colcon.colcon_core.environment:checking '/home/sam/urdf_ws/sim/install/bot2' for CMake module files
[0.656s] Level 1:colcon.colcon_core.environment:checking '/home/sam/urdf_ws/sim/install/bot2' for CMake config files
[0.656s] Level 1:colcon.colcon_core.shell:create_environment_hook('bot2', 'cmake_prefix_path')
[0.657s] INFO:colcon.colcon_core.shell:Creating environment hook '/home/sam/urdf_ws/sim/install/bot2/share/bot2/hook/cmake_prefix_path.ps1'
[0.661s] INFO:colcon.colcon_core.shell:Creating environment descriptor '/home/sam/urdf_ws/sim/install/bot2/share/bot2/hook/cmake_prefix_path.dsv'
[0.664s] INFO:colcon.colcon_core.shell:Creating environment hook '/home/sam/urdf_ws/sim/install/bot2/share/bot2/hook/cmake_prefix_path.sh'
[0.665s] Level 1:colcon.colcon_core.environment:checking '/home/sam/urdf_ws/sim/install/bot2/bin'
[0.665s] Level 1:colcon.colcon_core.environment:checking '/home/sam/urdf_ws/sim/install/bot2/lib/pkgconfig/bot2.pc'
[0.666s] Level 1:colcon.colcon_core.environment:checking '/home/sam/urdf_ws/sim/install/bot2/lib/python3.10/site-packages'
[0.666s] Level 1:colcon.colcon_core.environment:checking '/home/sam/urdf_ws/sim/install/bot2/bin'
[0.666s] INFO:colcon.colcon_core.shell:Creating package script '/home/sam/urdf_ws/sim/install/bot2/share/bot2/package.ps1'
[0.667s] INFO:colcon.colcon_core.shell:Creating package descriptor '/home/sam/urdf_ws/sim/install/bot2/share/bot2/package.dsv'
[0.668s] INFO:colcon.colcon_core.shell:Creating package script '/home/sam/urdf_ws/sim/install/bot2/share/bot2/package.sh'
[0.670s] INFO:colcon.colcon_core.shell:Creating package script '/home/sam/urdf_ws/sim/install/bot2/share/bot2/package.bash'
[0.670s] INFO:colcon.colcon_core.shell:Creating package script '/home/sam/urdf_ws/sim/install/bot2/share/bot2/package.zsh'
[0.671s] Level 1:colcon.colcon_core.environment:create_file_with_runtime_dependencies(/home/sam/urdf_ws/sim/install/bot2/share/colcon-core/packages/bot2)
[0.673s] DEBUG:colcon.colcon_parallel_executor.executor.parallel:closing loop
[0.673s] DEBUG:colcon.colcon_parallel_executor.executor.parallel:loop closed
[0.673s] DEBUG:colcon.colcon_parallel_executor.executor.parallel:run_until_complete finished with '0'
[0.673s] DEBUG:colcon.colcon_core.event_reactor:joining thread
[0.686s] INFO:colcon.colcon_core.plugin_system:Skipping extension 'colcon_notification.desktop_notification.terminal_notifier': Not used on non-Darwin systems
[0.686s] INFO:colcon.colcon_core.plugin_system:Skipping extension 'colcon_notification.desktop_notification.win32': Not used on non-Windows systems
[0.686s] INFO:colcon.colcon_notification.desktop_notification:Sending desktop notification using 'notify2'
[0.705s] DEBUG:colcon.colcon_core.event_reactor:joined thread
[0.707s] INFO:colcon.colcon_core.shell:Creating prefix script '/home/sam/urdf_ws/sim/install/local_setup.ps1'
[0.709s] INFO:colcon.colcon_core.shell:Creating prefix util module '/home/sam/urdf_ws/sim/install/_local_setup_util_ps1.py'
[0.711s] INFO:colcon.colcon_core.shell:Creating prefix chain script '/home/sam/urdf_ws/sim/install/setup.ps1'
[0.723s] INFO:colcon.colcon_core.shell:Creating prefix script '/home/sam/urdf_ws/sim/install/local_setup.sh'
[0.733s] INFO:colcon.colcon_core.shell:Creating prefix util module '/home/sam/urdf_ws/sim/install/_local_setup_util_sh.py'
[0.746s] INFO:colcon.colcon_core.shell:Creating prefix chain script '/home/sam/urdf_ws/sim/install/setup.sh'
[0.752s] INFO:colcon.colcon_core.shell:Creating prefix script '/home/sam/urdf_ws/sim/install/local_setup.bash'
[0.765s] INFO:colcon.colcon_core.shell:Creating prefix chain script '/home/sam/urdf_ws/sim/install/setup.bash'
[0.776s] INFO:colcon.colcon_core.shell:Creating prefix script '/home/sam/urdf_ws/sim/install/local_setup.zsh'
[0.785s] INFO:colcon.colcon_core.shell:Creating prefix chain script '/home/sam/urdf_ws/sim/install/setup.zsh'
