[0.168s] DEBUG:colcon:Command line arguments: ['/usr/bin/colcon', 'build']
[0.168s] DEBUG:colcon:Parsed command line arguments: Namespace(log_base=None, log_level=None, verb_name='build', build_base='build', install_base='install', merge_install=False, symlink_install=False, test_result_base=None, continue_on_error=False, executor='parallel', parallel_workers=8, event_handlers=None, ignore_user_meta=False, metas=['./colcon.meta'], base_paths=['.'], packages_ignore=None, packages_ignore_regex=None, paths=None, packages_up_to=None, packages_up_to_regex=None, packages_above=None, packages_above_and_dependencies=None, packages_above_depth=None, packages_select_by_dep=None, packages_skip_by_dep=None, packages_skip_up_to=None, packages_select_build_failed=False, packages_skip_build_finished=False, packages_select_test_failures=False, packages_skip_test_passed=False, packages_select=None, packages_skip=None, packages_select_regex=None, packages_skip_regex=None, packages_start=None, packages_end=None, allow_overriding=[], cmake_args=None, cmake_target=None, cmake_target_skip_unavailable=False, cmake_clean_cache=False, cmake_clean_first=False, cmake_force_configure=False, ament_cmake_args=None, catkin_cmake_args=None, catkin_skip_building_tests=False, verb_parser=<colcon_defaults.argument_parser.defaults.DefaultArgumentsDecorator object at 0x7ae458171930>, verb_extension=<colcon_core.verb.build.BuildVerb object at 0x7ae4581713f0>, main=<bound method BuildVerb.main of <colcon_core.verb.build.BuildVerb object at 0x7ae4581713f0>>)
[0.210s] Level 1:colcon.colcon_core.package_discovery:discover_packages(colcon_meta) check parameters
[0.210s] Level 1:colcon.colcon_core.package_discovery:discover_packages(recursive) check parameters
[0.210s] Level 1:colcon.colcon_core.package_discovery:discover_packages(ignore) check parameters
[0.210s] Level 1:colcon.colcon_core.package_discovery:discover_packages(path) check parameters
[0.210s] Level 1:colcon.colcon_core.package_discovery:discover_packages(colcon_meta) discover
[0.211s] Level 1:colcon.colcon_core.package_discovery:discover_packages(recursive) discover
[0.211s] INFO:colcon.colcon_core.package_discovery:Crawling recursively for packages in '/home/sam/urdf_ws/sim'
[0.212s] Level 1:colcon.colcon_core.package_identification:_identify(.) by extensions ['ignore', 'ignore_ament_install']
[0.212s] Level 1:colcon.colcon_core.package_identification:_identify(.) by extension 'ignore'
[0.212s] Level 1:colcon.colcon_core.package_identification:_identify(.) by extension 'ignore_ament_install'
[0.212s] Level 1:colcon.colcon_core.package_identification:_identify(.) by extensions ['colcon_pkg']
[0.212s] Level 1:colcon.colcon_core.package_identification:_identify(.) by extension 'colcon_pkg'
[0.212s] Level 1:colcon.colcon_core.package_identification:_identify(.) by extensions ['colcon_meta']
[0.212s] Level 1:colcon.colcon_core.package_identification:_identify(.) by extension 'colcon_meta'
[0.212s] Level 1:colcon.colcon_core.package_identification:_identify(.) by extensions ['ros']
[0.212s] Level 1:colcon.colcon_core.package_identification:_identify(.) by extension 'ros'
[0.240s] Level 1:colcon.colcon_core.package_identification:_identify(.) by extensions ['cmake', 'python']
[0.240s] Level 1:colcon.colcon_core.package_identification:_identify(.) by extension 'cmake'
[0.240s] Level 1:colcon.colcon_core.package_identification:_identify(.) by extension 'python'
[0.240s] Level 1:colcon.colcon_core.package_identification:_identify(.) by extensions ['python_setup_py']
[0.240s] Level 1:colcon.colcon_core.package_identification:_identify(.) by extension 'python_setup_py'
[0.241s] Level 1:colcon.colcon_core.package_identification:_identify(build) by extensions ['ignore', 'ignore_ament_install']
[0.241s] Level 1:colcon.colcon_core.package_identification:_identify(build) by extension 'ignore'
[0.241s] Level 1:colcon.colcon_core.package_identification:_identify(build) ignored
[0.242s] Level 1:colcon.colcon_core.package_identification:_identify(install) by extensions ['ignore', 'ignore_ament_install']
[0.242s] Level 1:colcon.colcon_core.package_identification:_identify(install) by extension 'ignore'
[0.242s] Level 1:colcon.colcon_core.package_identification:_identify(install) ignored
[0.242s] Level 1:colcon.colcon_core.package_identification:_identify(log) by extensions ['ignore', 'ignore_ament_install']
[0.242s] Level 1:colcon.colcon_core.package_identification:_identify(log) by extension 'ignore'
[0.242s] Level 1:colcon.colcon_core.package_identification:_identify(log) ignored
[0.242s] Level 1:colcon.colcon_core.package_identification:_identify(src) by extensions ['ignore', 'ignore_ament_install']
[0.242s] Level 1:colcon.colcon_core.package_identification:_identify(src) by extension 'ignore'
[0.243s] Level 1:colcon.colcon_core.package_identification:_identify(src) by extension 'ignore_ament_install'
[0.243s] Level 1:colcon.colcon_core.package_identification:_identify(src) by extensions ['colcon_pkg']
[0.243s] Level 1:colcon.colcon_core.package_identification:_identify(src) by extension 'colcon_pkg'
[0.243s] Level 1:colcon.colcon_core.package_identification:_identify(src) by extensions ['colcon_meta']
[0.243s] Level 1:colcon.colcon_core.package_identification:_identify(src) by extension 'colcon_meta'
[0.243s] Level 1:colcon.colcon_core.package_identification:_identify(src) by extensions ['ros']
[0.243s] Level 1:colcon.colcon_core.package_identification:_identify(src) by extension 'ros'
[0.243s] Level 1:colcon.colcon_core.package_identification:_identify(src) by extensions ['cmake', 'python']
[0.243s] Level 1:colcon.colcon_core.package_identification:_identify(src) by extension 'cmake'
[0.243s] Level 1:colcon.colcon_core.package_identification:_identify(src) by extension 'python'
[0.243s] Level 1:colcon.colcon_core.package_identification:_identify(src) by extensions ['python_setup_py']
[0.243s] Level 1:colcon.colcon_core.package_identification:_identify(src) by extension 'python_setup_py'
[0.243s] Level 1:colcon.colcon_core.package_identification:_identify(src/bot1) by extensions ['ignore', 'ignore_ament_install']
[0.243s] Level 1:colcon.colcon_core.package_identification:_identify(src/bot1) by extension 'ignore'
[0.243s] Level 1:colcon.colcon_core.package_identification:_identify(src/bot1) by extension 'ignore_ament_install'
[0.243s] Level 1:colcon.colcon_core.package_identification:_identify(src/bot1) by extensions ['colcon_pkg']
[0.243s] Level 1:colcon.colcon_core.package_identification:_identify(src/bot1) by extension 'colcon_pkg'
[0.243s] Level 1:colcon.colcon_core.package_identification:_identify(src/bot1) by extensions ['colcon_meta']
[0.243s] Level 1:colcon.colcon_core.package_identification:_identify(src/bot1) by extension 'colcon_meta'
[0.243s] Level 1:colcon.colcon_core.package_identification:_identify(src/bot1) by extensions ['ros']
[0.243s] Level 1:colcon.colcon_core.package_identification:_identify(src/bot1) by extension 'ros'
[0.248s] DEBUG:colcon.colcon_core.package_identification:Package 'src/bot1' with type 'ros.ament_cmake' and name 'bot1'
[0.249s] Level 1:colcon.colcon_core.package_identification:_identify(src/bot2) by extensions ['ignore', 'ignore_ament_install']
[0.249s] Level 1:colcon.colcon_core.package_identification:_identify(src/bot2) by extension 'ignore'
[0.249s] Level 1:colcon.colcon_core.package_identification:_identify(src/bot2) by extension 'ignore_ament_install'
[0.249s] Level 1:colcon.colcon_core.package_identification:_identify(src/bot2) by extensions ['colcon_pkg']
[0.249s] Level 1:colcon.colcon_core.package_identification:_identify(src/bot2) by extension 'colcon_pkg'
[0.249s] Level 1:colcon.colcon_core.package_identification:_identify(src/bot2) by extensions ['colcon_meta']
[0.249s] Level 1:colcon.colcon_core.package_identification:_identify(src/bot2) by extension 'colcon_meta'
[0.249s] Level 1:colcon.colcon_core.package_identification:_identify(src/bot2) by extensions ['ros']
[0.249s] Level 1:colcon.colcon_core.package_identification:_identify(src/bot2) by extension 'ros'
[0.250s] DEBUG:colcon.colcon_core.package_identification:Package 'src/bot2' with type 'ros.ament_cmake' and name 'bot2'
[0.250s] Level 1:colcon.colcon_core.package_discovery:discover_packages(recursive) using defaults
[0.250s] Level 1:colcon.colcon_core.package_discovery:discover_packages(ignore) discover
[0.250s] Level 1:colcon.colcon_core.package_discovery:discover_packages(ignore) using defaults
[0.250s] Level 1:colcon.colcon_core.package_discovery:discover_packages(path) discover
[0.250s] Level 1:colcon.colcon_core.package_discovery:discover_packages(path) using defaults
[0.268s] Level 1:colcon.colcon_core.package_discovery:discover_packages(prefix_path) check parameters
[0.268s] Level 1:colcon.colcon_core.package_discovery:discover_packages(prefix_path) discover
[0.271s] DEBUG:colcon.colcon_installed_package_information.package_discovery:Found 1 installed packages in /home/sam/vtask/install
[0.273s] DEBUG:colcon.colcon_installed_package_information.package_discovery:Found 1 installed packages in /home/sam/ros2_ws1/install
[0.274s] DEBUG:colcon.colcon_installed_package_information.package_discovery:Found 2 installed packages in /home/sam/urdf_ws/sim/install
[0.276s] DEBUG:colcon.colcon_installed_package_information.package_discovery:Found 313 installed packages in /opt/ros/humble
[0.278s] Level 1:colcon.colcon_core.package_discovery:discover_packages(prefix_path) using defaults
[0.323s] Level 5:colcon.colcon_core.verb:set package 'bot1' build argument 'cmake_args' from command line to 'None'
[0.323s] Level 5:colcon.colcon_core.verb:set package 'bot1' build argument 'cmake_target' from command line to 'None'
[0.324s] Level 5:colcon.colcon_core.verb:set package 'bot1' build argument 'cmake_target_skip_unavailable' from command line to 'False'
[0.324s] Level 5:colcon.colcon_core.verb:set package 'bot1' build argument 'cmake_clean_cache' from command line to 'False'
[0.324s] Level 5:colcon.colcon_core.verb:set package 'bot1' build argument 'cmake_clean_first' from command line to 'False'
[0.324s] Level 5:colcon.colcon_core.verb:set package 'bot1' build argument 'cmake_force_configure' from command line to 'False'
[0.324s] Level 5:colcon.colcon_core.verb:set package 'bot1' build argument 'ament_cmake_args' from command line to 'None'
[0.324s] Level 5:colcon.colcon_core.verb:set package 'bot1' build argument 'catkin_cmake_args' from command line to 'None'
[0.324s] Level 5:colcon.colcon_core.verb:set package 'bot1' build argument 'catkin_skip_building_tests' from command line to 'False'
[0.324s] DEBUG:colcon.colcon_core.verb:Building package 'bot1' with the following arguments: {'ament_cmake_args': None, 'build_base': '/home/sam/urdf_ws/sim/build/bot1', 'catkin_cmake_args': None, 'catkin_skip_building_tests': False, 'cmake_args': None, 'cmake_clean_cache': False, 'cmake_clean_first': False, 'cmake_force_configure': False, 'cmake_target': None, 'cmake_target_skip_unavailable': False, 'install_base': '/home/sam/urdf_ws/sim/install/bot1', 'merge_install': False, 'path': '/home/sam/urdf_ws/sim/src/bot1', 'symlink_install': False, 'test_result_base': None}
[0.324s] Level 5:colcon.colcon_core.verb:set package 'bot2' build argument 'cmake_args' from command line to 'None'
[0.324s] Level 5:colcon.colcon_core.verb:set package 'bot2' build argument 'cmake_target' from command line to 'None'
[0.324s] Level 5:colcon.colcon_core.verb:set package 'bot2' build argument 'cmake_target_skip_unavailable' from command line to 'False'
[0.324s] Level 5:colcon.colcon_core.verb:set package 'bot2' build argument 'cmake_clean_cache' from command line to 'False'
[0.324s] Level 5:colcon.colcon_core.verb:set package 'bot2' build argument 'cmake_clean_first' from command line to 'False'
[0.324s] Level 5:colcon.colcon_core.verb:set package 'bot2' build argument 'cmake_force_configure' from command line to 'False'
[0.324s] Level 5:colcon.colcon_core.verb:set package 'bot2' build argument 'ament_cmake_args' from command line to 'None'
[0.324s] Level 5:colcon.colcon_core.verb:set package 'bot2' build argument 'catkin_cmake_args' from command line to 'None'
[0.324s] Level 5:colcon.colcon_core.verb:set package 'bot2' build argument 'catkin_skip_building_tests' from command line to 'False'
[0.324s] DEBUG:colcon.colcon_core.verb:Building package 'bot2' with the following arguments: {'ament_cmake_args': None, 'build_base': '/home/sam/urdf_ws/sim/build/bot2', 'catkin_cmake_args': None, 'catkin_skip_building_tests': False, 'cmake_args': None, 'cmake_clean_cache': False, 'cmake_clean_first': False, 'cmake_force_configure': False, 'cmake_target': None, 'cmake_target_skip_unavailable': False, 'install_base': '/home/sam/urdf_ws/sim/install/bot2', 'merge_install': False, 'path': '/home/sam/urdf_ws/sim/src/bot2', 'symlink_install': False, 'test_result_base': None}
[0.325s] INFO:colcon.colcon_core.executor:Executing jobs using 'parallel' executor
[0.327s] DEBUG:colcon.colcon_parallel_executor.executor.parallel:run_until_complete
[0.328s] INFO:colcon.colcon_ros.task.ament_cmake.build:Building ROS package in '/home/sam/urdf_ws/sim/src/bot1' with build type 'ament_cmake'
[0.328s] INFO:colcon.colcon_cmake.task.cmake.build:Building CMake package in '/home/sam/urdf_ws/sim/src/bot1'
[0.333s] INFO:colcon.colcon_core.plugin_system:Skipping extension 'colcon_core.shell.bat': Not used on non-Windows systems
[0.333s] INFO:colcon.colcon_core.shell:Skip shell extension 'powershell' for command environment: Not usable outside of PowerShell
[0.333s] DEBUG:colcon.colcon_core.shell:Skip shell extension 'dsv' for command environment
[0.339s] INFO:colcon.colcon_ros.task.ament_cmake.build:Building ROS package in '/home/sam/urdf_ws/sim/src/bot2' with build type 'ament_cmake'
[0.342s] INFO:colcon.colcon_cmake.task.cmake.build:Building CMake package in '/home/sam/urdf_ws/sim/src/bot2'
[0.342s] INFO:colcon.colcon_core.shell:Skip shell extension 'powershell' for command environment: Not usable outside of PowerShell
[0.347s] DEBUG:colcon.colcon_core.shell:Skip shell extension 'dsv' for command environment
[0.384s] DEBUG:colcon.colcon_core.event_handler.log_command:Invoking command in '/home/sam/urdf_ws/sim/build/bot1': CMAKE_PREFIX_PATH=${CMAKE_PREFIX_PATH}:/home/sam/vtask/install/rob_con:/home/sam/ros2_ws1/install/my_rob_con:/opt/ros/humble /usr/local/bin/cmake --build /home/sam/urdf_ws/sim/build/bot1 -- -j8 -l8
[0.413s] DEBUG:colcon.colcon_core.event_handler.log_command:Invoking command in '/home/sam/urdf_ws/sim/build/bot2': CMAKE_PREFIX_PATH=${CMAKE_PREFIX_PATH}:/home/sam/vtask/install/rob_con:/home/sam/ros2_ws1/install/my_rob_con:/opt/ros/humble /usr/local/bin/cmake --build /home/sam/urdf_ws/sim/build/bot2 -- -j8 -l8
[0.445s] DEBUG:colcon.colcon_core.event_handler.log_command:Invoked command in '/home/sam/urdf_ws/sim/build/bot1' returned '0': CMAKE_PREFIX_PATH=${CMAKE_PREFIX_PATH}:/home/sam/vtask/install/rob_con:/home/sam/ros2_ws1/install/my_rob_con:/opt/ros/humble /usr/local/bin/cmake --build /home/sam/urdf_ws/sim/build/bot1 -- -j8 -l8
[0.473s] DEBUG:colcon.colcon_core.event_handler.log_command:Invoking command in '/home/sam/urdf_ws/sim/build/bot1': CMAKE_PREFIX_PATH=${CMAKE_PREFIX_PATH}:/home/sam/vtask/install/rob_con:/home/sam/ros2_ws1/install/my_rob_con:/opt/ros/humble /usr/local/bin/cmake --install /home/sam/urdf_ws/sim/build/bot1
[0.538s] Level 1:colcon.colcon_core.environment:create_environment_scripts_only(bot1)
[0.566s] Level 1:colcon.colcon_core.environment:checking '/home/sam/urdf_ws/sim/install/bot1' for CMake module files
[0.569s] DEBUG:colcon.colcon_core.event_handler.log_command:Invoked command in '/home/sam/urdf_ws/sim/build/bot1' returned '0': CMAKE_PREFIX_PATH=${CMAKE_PREFIX_PATH}:/home/sam/vtask/install/rob_con:/home/sam/ros2_ws1/install/my_rob_con:/opt/ros/humble /usr/local/bin/cmake --install /home/sam/urdf_ws/sim/build/bot1
[0.569s] Level 1:colcon.colcon_core.environment:checking '/home/sam/urdf_ws/sim/install/bot1' for CMake config files
[0.570s] Level 1:colcon.colcon_core.shell:create_environment_hook('bot1', 'cmake_prefix_path')
[0.571s] INFO:colcon.colcon_core.shell:Creating environment hook '/home/sam/urdf_ws/sim/install/bot1/share/bot1/hook/cmake_prefix_path.ps1'
[0.572s] INFO:colcon.colcon_core.shell:Creating environment descriptor '/home/sam/urdf_ws/sim/install/bot1/share/bot1/hook/cmake_prefix_path.dsv'
[0.573s] INFO:colcon.colcon_core.shell:Creating environment hook '/home/sam/urdf_ws/sim/install/bot1/share/bot1/hook/cmake_prefix_path.sh'
[0.574s] Level 1:colcon.colcon_core.environment:checking '/home/sam/urdf_ws/sim/install/bot1/bin'
[0.574s] Level 1:colcon.colcon_core.environment:checking '/home/sam/urdf_ws/sim/install/bot1/lib/pkgconfig/bot1.pc'
[0.575s] Level 1:colcon.colcon_core.environment:checking '/home/sam/urdf_ws/sim/install/bot1/lib/python3.10/site-packages'
[0.576s] Level 1:colcon.colcon_core.environment:checking '/home/sam/urdf_ws/sim/install/bot1/bin'
[0.577s] INFO:colcon.colcon_core.shell:Creating package script '/home/sam/urdf_ws/sim/install/bot1/share/bot1/package.ps1'
[0.578s] INFO:colcon.colcon_core.shell:Creating package descriptor '/home/sam/urdf_ws/sim/install/bot1/share/bot1/package.dsv'
[0.579s] INFO:colcon.colcon_core.shell:Creating package script '/home/sam/urdf_ws/sim/install/bot1/share/bot1/package.sh'
[0.580s] INFO:colcon.colcon_core.shell:Creating package script '/home/sam/urdf_ws/sim/install/bot1/share/bot1/package.bash'
[0.581s] INFO:colcon.colcon_core.shell:Creating package script '/home/sam/urdf_ws/sim/install/bot1/share/bot1/package.zsh'
[0.593s] Level 1:colcon.colcon_core.environment:create_file_with_runtime_dependencies(/home/sam/urdf_ws/sim/install/bot1/share/colcon-core/packages/bot1)
[0.595s] Level 1:colcon.colcon_core.environment:create_environment_scripts_only(bot1)
[0.596s] Level 1:colcon.colcon_core.environment:checking '/home/sam/urdf_ws/sim/install/bot1' for CMake module files
[0.602s] Level 1:colcon.colcon_core.environment:checking '/home/sam/urdf_ws/sim/install/bot1' for CMake config files
[0.606s] Level 1:colcon.colcon_core.shell:create_environment_hook('bot1', 'cmake_prefix_path')
[0.607s] INFO:colcon.colcon_core.shell:Creating environment hook '/home/sam/urdf_ws/sim/install/bot1/share/bot1/hook/cmake_prefix_path.ps1'
[0.607s] INFO:colcon.colcon_core.shell:Creating environment descriptor '/home/sam/urdf_ws/sim/install/bot1/share/bot1/hook/cmake_prefix_path.dsv'
[0.608s] INFO:colcon.colcon_core.shell:Creating environment hook '/home/sam/urdf_ws/sim/install/bot1/share/bot1/hook/cmake_prefix_path.sh'
[0.609s] Level 1:colcon.colcon_core.environment:checking '/home/sam/urdf_ws/sim/install/bot1/bin'
[0.609s] Level 1:colcon.colcon_core.environment:checking '/home/sam/urdf_ws/sim/install/bot1/lib/pkgconfig/bot1.pc'
[0.610s] Level 1:colcon.colcon_core.environment:checking '/home/sam/urdf_ws/sim/install/bot1/lib/python3.10/site-packages'
[0.610s] Level 1:colcon.colcon_core.environment:checking '/home/sam/urdf_ws/sim/install/bot1/bin'
[0.610s] INFO:colcon.colcon_core.shell:Creating package script '/home/sam/urdf_ws/sim/install/bot1/share/bot1/package.ps1'
[0.611s] INFO:colcon.colcon_core.shell:Creating package descriptor '/home/sam/urdf_ws/sim/install/bot1/share/bot1/package.dsv'
[0.612s] INFO:colcon.colcon_core.shell:Creating package script '/home/sam/urdf_ws/sim/install/bot1/share/bot1/package.sh'
[0.614s] INFO:colcon.colcon_core.shell:Creating package script '/home/sam/urdf_ws/sim/install/bot1/share/bot1/package.bash'
[0.615s] INFO:colcon.colcon_core.shell:Creating package script '/home/sam/urdf_ws/sim/install/bot1/share/bot1/package.zsh'
[0.616s] Level 1:colcon.colcon_core.environment:create_file_with_runtime_dependencies(/home/sam/urdf_ws/sim/install/bot1/share/colcon-core/packages/bot1)
[0.624s] DEBUG:colcon.colcon_core.event_handler.log_command:Invoked command in '/home/sam/urdf_ws/sim/build/bot2' returned '0': CMAKE_PREFIX_PATH=${CMAKE_PREFIX_PATH}:/home/sam/vtask/install/rob_con:/home/sam/ros2_ws1/install/my_rob_con:/opt/ros/humble /usr/local/bin/cmake --build /home/sam/urdf_ws/sim/build/bot2 -- -j8 -l8
[0.624s] DEBUG:colcon.colcon_core.event_handler.log_command:Invoking command in '/home/sam/urdf_ws/sim/build/bot2': CMAKE_PREFIX_PATH=${CMAKE_PREFIX_PATH}:/home/sam/vtask/install/rob_con:/home/sam/ros2_ws1/install/my_rob_con:/opt/ros/humble /usr/local/bin/cmake --install /home/sam/urdf_ws/sim/build/bot2
[0.662s] Level 1:colcon.colcon_core.environment:create_environment_scripts_only(bot2)
[0.663s] Level 1:colcon.colcon_core.environment:checking '/home/sam/urdf_ws/sim/install/bot2' for CMake module files
[0.665s] Level 1:colcon.colcon_core.environment:checking '/home/sam/urdf_ws/sim/install/bot2' for CMake config files
[0.665s] DEBUG:colcon.colcon_core.event_handler.log_command:Invoked command in '/home/sam/urdf_ws/sim/build/bot2' returned '0': CMAKE_PREFIX_PATH=${CMAKE_PREFIX_PATH}:/home/sam/vtask/install/rob_con:/home/sam/ros2_ws1/install/my_rob_con:/opt/ros/humble /usr/local/bin/cmake --install /home/sam/urdf_ws/sim/build/bot2
[0.667s] Level 1:colcon.colcon_core.shell:create_environment_hook('bot2', 'cmake_prefix_path')
[0.668s] INFO:colcon.colcon_core.shell:Creating environment hook '/home/sam/urdf_ws/sim/install/bot2/share/bot2/hook/cmake_prefix_path.ps1'
[0.669s] INFO:colcon.colcon_core.shell:Creating environment descriptor '/home/sam/urdf_ws/sim/install/bot2/share/bot2/hook/cmake_prefix_path.dsv'
[0.670s] INFO:colcon.colcon_core.shell:Creating environment hook '/home/sam/urdf_ws/sim/install/bot2/share/bot2/hook/cmake_prefix_path.sh'
[0.671s] Level 1:colcon.colcon_core.environment:checking '/home/sam/urdf_ws/sim/install/bot2/bin'
[0.674s] Level 1:colcon.colcon_core.environment:checking '/home/sam/urdf_ws/sim/install/bot2/lib/pkgconfig/bot2.pc'
[0.674s] Level 1:colcon.colcon_core.environment:checking '/home/sam/urdf_ws/sim/install/bot2/lib/python3.10/site-packages'
[0.676s] Level 1:colcon.colcon_core.environment:checking '/home/sam/urdf_ws/sim/install/bot2/bin'
[0.677s] INFO:colcon.colcon_core.shell:Creating package script '/home/sam/urdf_ws/sim/install/bot2/share/bot2/package.ps1'
[0.682s] INFO:colcon.colcon_core.shell:Creating package descriptor '/home/sam/urdf_ws/sim/install/bot2/share/bot2/package.dsv'
[0.689s] INFO:colcon.colcon_core.shell:Creating package script '/home/sam/urdf_ws/sim/install/bot2/share/bot2/package.sh'
[0.694s] INFO:colcon.colcon_core.shell:Creating package script '/home/sam/urdf_ws/sim/install/bot2/share/bot2/package.bash'
[0.698s] INFO:colcon.colcon_core.shell:Creating package script '/home/sam/urdf_ws/sim/install/bot2/share/bot2/package.zsh'
[0.704s] Level 1:colcon.colcon_core.environment:create_file_with_runtime_dependencies(/home/sam/urdf_ws/sim/install/bot2/share/colcon-core/packages/bot2)
[0.706s] Level 1:colcon.colcon_core.environment:create_environment_scripts_only(bot2)
[0.706s] Level 1:colcon.colcon_core.environment:checking '/home/sam/urdf_ws/sim/install/bot2' for CMake module files
[0.707s] Level 1:colcon.colcon_core.environment:checking '/home/sam/urdf_ws/sim/install/bot2' for CMake config files
[0.707s] Level 1:colcon.colcon_core.shell:create_environment_hook('bot2', 'cmake_prefix_path')
[0.708s] INFO:colcon.colcon_core.shell:Creating environment hook '/home/sam/urdf_ws/sim/install/bot2/share/bot2/hook/cmake_prefix_path.ps1'
[0.708s] INFO:colcon.colcon_core.shell:Creating environment descriptor '/home/sam/urdf_ws/sim/install/bot2/share/bot2/hook/cmake_prefix_path.dsv'
[0.709s] INFO:colcon.colcon_core.shell:Creating environment hook '/home/sam/urdf_ws/sim/install/bot2/share/bot2/hook/cmake_prefix_path.sh'
[0.709s] Level 1:colcon.colcon_core.environment:checking '/home/sam/urdf_ws/sim/install/bot2/bin'
[0.709s] Level 1:colcon.colcon_core.environment:checking '/home/sam/urdf_ws/sim/install/bot2/lib/pkgconfig/bot2.pc'
[0.710s] Level 1:colcon.colcon_core.environment:checking '/home/sam/urdf_ws/sim/install/bot2/lib/python3.10/site-packages'
[0.710s] Level 1:colcon.colcon_core.environment:checking '/home/sam/urdf_ws/sim/install/bot2/bin'
[0.711s] INFO:colcon.colcon_core.shell:Creating package script '/home/sam/urdf_ws/sim/install/bot2/share/bot2/package.ps1'
[0.712s] INFO:colcon.colcon_core.shell:Creating package descriptor '/home/sam/urdf_ws/sim/install/bot2/share/bot2/package.dsv'
[0.713s] INFO:colcon.colcon_core.shell:Creating package script '/home/sam/urdf_ws/sim/install/bot2/share/bot2/package.sh'
[0.714s] INFO:colcon.colcon_core.shell:Creating package script '/home/sam/urdf_ws/sim/install/bot2/share/bot2/package.bash'
[0.716s] INFO:colcon.colcon_core.shell:Creating package script '/home/sam/urdf_ws/sim/install/bot2/share/bot2/package.zsh'
[0.718s] Level 1:colcon.colcon_core.environment:create_file_with_runtime_dependencies(/home/sam/urdf_ws/sim/install/bot2/share/colcon-core/packages/bot2)
[0.725s] DEBUG:colcon.colcon_parallel_executor.executor.parallel:closing loop
[0.725s] DEBUG:colcon.colcon_parallel_executor.executor.parallel:loop closed
[0.726s] DEBUG:colcon.colcon_parallel_executor.executor.parallel:run_until_complete finished with '0'
[0.726s] DEBUG:colcon.colcon_core.event_reactor:joining thread
[0.750s] INFO:colcon.colcon_core.plugin_system:Skipping extension 'colcon_notification.desktop_notification.terminal_notifier': Not used on non-Darwin systems
[0.753s] INFO:colcon.colcon_core.plugin_system:Skipping extension 'colcon_notification.desktop_notification.win32': Not used on non-Windows systems
[0.753s] INFO:colcon.colcon_notification.desktop_notification:Sending desktop notification using 'notify2'
[0.797s] DEBUG:colcon.colcon_core.event_reactor:joined thread
[0.798s] INFO:colcon.colcon_core.shell:Creating prefix script '/home/sam/urdf_ws/sim/install/local_setup.ps1'
[0.800s] INFO:colcon.colcon_core.shell:Creating prefix util module '/home/sam/urdf_ws/sim/install/_local_setup_util_ps1.py'
[0.802s] INFO:colcon.colcon_core.shell:Creating prefix chain script '/home/sam/urdf_ws/sim/install/setup.ps1'
[0.804s] INFO:colcon.colcon_core.shell:Creating prefix script '/home/sam/urdf_ws/sim/install/local_setup.sh'
[0.805s] INFO:colcon.colcon_core.shell:Creating prefix util module '/home/sam/urdf_ws/sim/install/_local_setup_util_sh.py'
[0.806s] INFO:colcon.colcon_core.shell:Creating prefix chain script '/home/sam/urdf_ws/sim/install/setup.sh'
[0.821s] INFO:colcon.colcon_core.shell:Creating prefix script '/home/sam/urdf_ws/sim/install/local_setup.bash'
[0.836s] INFO:colcon.colcon_core.shell:Creating prefix chain script '/home/sam/urdf_ws/sim/install/setup.bash'
[0.845s] INFO:colcon.colcon_core.shell:Creating prefix script '/home/sam/urdf_ws/sim/install/local_setup.zsh'
[0.858s] INFO:colcon.colcon_core.shell:Creating prefix chain script '/home/sam/urdf_ws/sim/install/setup.zsh'
