[0.132s] DEBUG:colcon:Command line arguments: ['/usr/bin/colcon', 'build']
[0.132s] DEBUG:colcon:Parsed command line arguments: Namespace(log_base=None, log_level=None, verb_name='build', build_base='build', install_base='install', merge_install=False, symlink_install=False, test_result_base=None, continue_on_error=False, executor='parallel', parallel_workers=8, event_handlers=None, ignore_user_meta=False, metas=['./colcon.meta'], base_paths=['.'], packages_ignore=None, packages_ignore_regex=None, paths=None, packages_up_to=None, packages_up_to_regex=None, packages_above=None, packages_above_and_dependencies=None, packages_above_depth=None, packages_select_by_dep=None, packages_skip_by_dep=None, packages_skip_up_to=None, packages_select_build_failed=False, packages_skip_build_finished=False, packages_select_test_failures=False, packages_skip_test_passed=False, packages_select=None, packages_skip=None, packages_select_regex=None, packages_skip_regex=None, packages_start=None, packages_end=None, allow_overriding=[], cmake_args=None, cmake_target=None, cmake_target_skip_unavailable=False, cmake_clean_cache=False, cmake_clean_first=False, cmake_force_configure=False, ament_cmake_args=None, catkin_cmake_args=None, catkin_skip_building_tests=False, verb_parser=<colcon_defaults.argument_parser.defaults.DefaultArgumentsDecorator object at 0x765651c79930>, verb_extension=<colcon_core.verb.build.BuildVerb object at 0x765651c793f0>, main=<bound method BuildVerb.main of <colcon_core.verb.build.BuildVerb object at 0x765651c793f0>>)
[0.167s] Level 1:colcon.colcon_core.package_discovery:discover_packages(colcon_meta) check parameters
[0.168s] Level 1:colcon.colcon_core.package_discovery:discover_packages(recursive) check parameters
[0.168s] Level 1:colcon.colcon_core.package_discovery:discover_packages(ignore) check parameters
[0.168s] Level 1:colcon.colcon_core.package_discovery:discover_packages(path) check parameters
[0.168s] Level 1:colcon.colcon_core.package_discovery:discover_packages(colcon_meta) discover
[0.168s] Level 1:colcon.colcon_core.package_discovery:discover_packages(recursive) discover
[0.168s] INFO:colcon.colcon_core.package_discovery:Crawling recursively for packages in '/home/sam/urdf_ws/sim'
[0.168s] Level 1:colcon.colcon_core.package_identification:_identify(.) by extensions ['ignore', 'ignore_ament_install']
[0.169s] Level 1:colcon.colcon_core.package_identification:_identify(.) by extension 'ignore'
[0.169s] Level 1:colcon.colcon_core.package_identification:_identify(.) by extension 'ignore_ament_install'
[0.169s] Level 1:colcon.colcon_core.package_identification:_identify(.) by extensions ['colcon_pkg']
[0.169s] Level 1:colcon.colcon_core.package_identification:_identify(.) by extension 'colcon_pkg'
[0.169s] Level 1:colcon.colcon_core.package_identification:_identify(.) by extensions ['colcon_meta']
[0.169s] Level 1:colcon.colcon_core.package_identification:_identify(.) by extension 'colcon_meta'
[0.172s] Level 1:colcon.colcon_core.package_identification:_identify(.) by extensions ['ros']
[0.172s] Level 1:colcon.colcon_core.package_identification:_identify(.) by extension 'ros'
[0.195s] Level 1:colcon.colcon_core.package_identification:_identify(.) by extensions ['cmake', 'python']
[0.196s] Level 1:colcon.colcon_core.package_identification:_identify(.) by extension 'cmake'
[0.196s] Level 1:colcon.colcon_core.package_identification:_identify(.) by extension 'python'
[0.197s] Level 1:colcon.colcon_core.package_identification:_identify(.) by extensions ['python_setup_py']
[0.197s] Level 1:colcon.colcon_core.package_identification:_identify(.) by extension 'python_setup_py'
[0.197s] Level 1:colcon.colcon_core.package_identification:_identify(build) by extensions ['ignore', 'ignore_ament_install']
[0.198s] Level 1:colcon.colcon_core.package_identification:_identify(build) by extension 'ignore'
[0.198s] Level 1:colcon.colcon_core.package_identification:_identify(build) ignored
[0.198s] Level 1:colcon.colcon_core.package_identification:_identify(install) by extensions ['ignore', 'ignore_ament_install']
[0.198s] Level 1:colcon.colcon_core.package_identification:_identify(install) by extension 'ignore'
[0.199s] Level 1:colcon.colcon_core.package_identification:_identify(install) ignored
[0.199s] Level 1:colcon.colcon_core.package_identification:_identify(log) by extensions ['ignore', 'ignore_ament_install']
[0.199s] Level 1:colcon.colcon_core.package_identification:_identify(log) by extension 'ignore'
[0.199s] Level 1:colcon.colcon_core.package_identification:_identify(log) ignored
[0.199s] Level 1:colcon.colcon_core.package_identification:_identify(src) by extensions ['ignore', 'ignore_ament_install']
[0.199s] Level 1:colcon.colcon_core.package_identification:_identify(src) by extension 'ignore'
[0.199s] Level 1:colcon.colcon_core.package_identification:_identify(src) by extension 'ignore_ament_install'
[0.199s] Level 1:colcon.colcon_core.package_identification:_identify(src) by extensions ['colcon_pkg']
[0.199s] Level 1:colcon.colcon_core.package_identification:_identify(src) by extension 'colcon_pkg'
[0.200s] Level 1:colcon.colcon_core.package_identification:_identify(src) by extensions ['colcon_meta']
[0.200s] Level 1:colcon.colcon_core.package_identification:_identify(src) by extension 'colcon_meta'
[0.200s] Level 1:colcon.colcon_core.package_identification:_identify(src) by extensions ['ros']
[0.200s] Level 1:colcon.colcon_core.package_identification:_identify(src) by extension 'ros'
[0.200s] Level 1:colcon.colcon_core.package_identification:_identify(src) by extensions ['cmake', 'python']
[0.200s] Level 1:colcon.colcon_core.package_identification:_identify(src) by extension 'cmake'
[0.200s] Level 1:colcon.colcon_core.package_identification:_identify(src) by extension 'python'
[0.200s] Level 1:colcon.colcon_core.package_identification:_identify(src) by extensions ['python_setup_py']
[0.200s] Level 1:colcon.colcon_core.package_identification:_identify(src) by extension 'python_setup_py'
[0.200s] Level 1:colcon.colcon_core.package_identification:_identify(src/bot1) by extensions ['ignore', 'ignore_ament_install']
[0.200s] Level 1:colcon.colcon_core.package_identification:_identify(src/bot1) by extension 'ignore'
[0.200s] Level 1:colcon.colcon_core.package_identification:_identify(src/bot1) by extension 'ignore_ament_install'
[0.201s] Level 1:colcon.colcon_core.package_identification:_identify(src/bot1) by extensions ['colcon_pkg']
[0.201s] Level 1:colcon.colcon_core.package_identification:_identify(src/bot1) by extension 'colcon_pkg'
[0.201s] Level 1:colcon.colcon_core.package_identification:_identify(src/bot1) by extensions ['colcon_meta']
[0.201s] Level 1:colcon.colcon_core.package_identification:_identify(src/bot1) by extension 'colcon_meta'
[0.201s] Level 1:colcon.colcon_core.package_identification:_identify(src/bot1) by extensions ['ros']
[0.201s] Level 1:colcon.colcon_core.package_identification:_identify(src/bot1) by extension 'ros'
[0.203s] DEBUG:colcon.colcon_core.package_identification:Package 'src/bot1' with type 'ros.ament_cmake' and name 'bot1'
[0.203s] Level 1:colcon.colcon_core.package_identification:_identify(src/bot2) by extensions ['ignore', 'ignore_ament_install']
[0.204s] Level 1:colcon.colcon_core.package_identification:_identify(src/bot2) by extension 'ignore'
[0.204s] Level 1:colcon.colcon_core.package_identification:_identify(src/bot2) by extension 'ignore_ament_install'
[0.204s] Level 1:colcon.colcon_core.package_identification:_identify(src/bot2) by extensions ['colcon_pkg']
[0.204s] Level 1:colcon.colcon_core.package_identification:_identify(src/bot2) by extension 'colcon_pkg'
[0.204s] Level 1:colcon.colcon_core.package_identification:_identify(src/bot2) by extensions ['colcon_meta']
[0.204s] Level 1:colcon.colcon_core.package_identification:_identify(src/bot2) by extension 'colcon_meta'
[0.205s] Level 1:colcon.colcon_core.package_identification:_identify(src/bot2) by extensions ['ros']
[0.205s] Level 1:colcon.colcon_core.package_identification:_identify(src/bot2) by extension 'ros'
[0.205s] DEBUG:colcon.colcon_core.package_identification:Package 'src/bot2' with type 'ros.ament_cmake' and name 'bot2'
[0.206s] Level 1:colcon.colcon_core.package_discovery:discover_packages(recursive) using defaults
[0.206s] Level 1:colcon.colcon_core.package_discovery:discover_packages(ignore) discover
[0.206s] Level 1:colcon.colcon_core.package_discovery:discover_packages(ignore) using defaults
[0.206s] Level 1:colcon.colcon_core.package_discovery:discover_packages(path) discover
[0.206s] Level 1:colcon.colcon_core.package_discovery:discover_packages(path) using defaults
[0.228s] Level 1:colcon.colcon_core.package_discovery:discover_packages(prefix_path) check parameters
[0.228s] Level 1:colcon.colcon_core.package_discovery:discover_packages(prefix_path) discover
[0.230s] DEBUG:colcon.colcon_installed_package_information.package_discovery:Found 1 installed packages in /home/sam/vtask/install
[0.231s] DEBUG:colcon.colcon_installed_package_information.package_discovery:Found 1 installed packages in /home/sam/ros2_ws1/install
[0.231s] DEBUG:colcon.colcon_installed_package_information.package_discovery:Found 2 installed packages in /home/sam/urdf_ws/sim/install
[0.233s] DEBUG:colcon.colcon_installed_package_information.package_discovery:Found 313 installed packages in /opt/ros/humble
[0.235s] Level 1:colcon.colcon_core.package_discovery:discover_packages(prefix_path) using defaults
[0.268s] Level 5:colcon.colcon_core.verb:set package 'bot1' build argument 'cmake_args' from command line to 'None'
[0.269s] Level 5:colcon.colcon_core.verb:set package 'bot1' build argument 'cmake_target' from command line to 'None'
[0.269s] Level 5:colcon.colcon_core.verb:set package 'bot1' build argument 'cmake_target_skip_unavailable' from command line to 'False'
[0.269s] Level 5:colcon.colcon_core.verb:set package 'bot1' build argument 'cmake_clean_cache' from command line to 'False'
[0.269s] Level 5:colcon.colcon_core.verb:set package 'bot1' build argument 'cmake_clean_first' from command line to 'False'
[0.269s] Level 5:colcon.colcon_core.verb:set package 'bot1' build argument 'cmake_force_configure' from command line to 'False'
[0.270s] Level 5:colcon.colcon_core.verb:set package 'bot1' build argument 'ament_cmake_args' from command line to 'None'
[0.270s] Level 5:colcon.colcon_core.verb:set package 'bot1' build argument 'catkin_cmake_args' from command line to 'None'
[0.270s] Level 5:colcon.colcon_core.verb:set package 'bot1' build argument 'catkin_skip_building_tests' from command line to 'False'
[0.270s] DEBUG:colcon.colcon_core.verb:Building package 'bot1' with the following arguments: {'ament_cmake_args': None, 'build_base': '/home/sam/urdf_ws/sim/build/bot1', 'catkin_cmake_args': None, 'catkin_skip_building_tests': False, 'cmake_args': None, 'cmake_clean_cache': False, 'cmake_clean_first': False, 'cmake_force_configure': False, 'cmake_target': None, 'cmake_target_skip_unavailable': False, 'install_base': '/home/sam/urdf_ws/sim/install/bot1', 'merge_install': False, 'path': '/home/sam/urdf_ws/sim/src/bot1', 'symlink_install': False, 'test_result_base': None}
[0.270s] Level 5:colcon.colcon_core.verb:set package 'bot2' build argument 'cmake_args' from command line to 'None'
[0.270s] Level 5:colcon.colcon_core.verb:set package 'bot2' build argument 'cmake_target' from command line to 'None'
[0.270s] Level 5:colcon.colcon_core.verb:set package 'bot2' build argument 'cmake_target_skip_unavailable' from command line to 'False'
[0.270s] Level 5:colcon.colcon_core.verb:set package 'bot2' build argument 'cmake_clean_cache' from command line to 'False'
[0.270s] Level 5:colcon.colcon_core.verb:set package 'bot2' build argument 'cmake_clean_first' from command line to 'False'
[0.270s] Level 5:colcon.colcon_core.verb:set package 'bot2' build argument 'cmake_force_configure' from command line to 'False'
[0.271s] Level 5:colcon.colcon_core.verb:set package 'bot2' build argument 'ament_cmake_args' from command line to 'None'
[0.271s] Level 5:colcon.colcon_core.verb:set package 'bot2' build argument 'catkin_cmake_args' from command line to 'None'
[0.271s] Level 5:colcon.colcon_core.verb:set package 'bot2' build argument 'catkin_skip_building_tests' from command line to 'False'
[0.271s] DEBUG:colcon.colcon_core.verb:Building package 'bot2' with the following arguments: {'ament_cmake_args': None, 'build_base': '/home/sam/urdf_ws/sim/build/bot2', 'catkin_cmake_args': None, 'catkin_skip_building_tests': False, 'cmake_args': None, 'cmake_clean_cache': False, 'cmake_clean_first': False, 'cmake_force_configure': False, 'cmake_target': None, 'cmake_target_skip_unavailable': False, 'install_base': '/home/sam/urdf_ws/sim/install/bot2', 'merge_install': False, 'path': '/home/sam/urdf_ws/sim/src/bot2', 'symlink_install': False, 'test_result_base': None}
[0.271s] INFO:colcon.colcon_core.executor:Executing jobs using 'parallel' executor
[0.272s] DEBUG:colcon.colcon_parallel_executor.executor.parallel:run_until_complete
[0.273s] INFO:colcon.colcon_ros.task.ament_cmake.build:Building ROS package in '/home/sam/urdf_ws/sim/src/bot1' with build type 'ament_cmake'
[0.273s] INFO:colcon.colcon_cmake.task.cmake.build:Building CMake package in '/home/sam/urdf_ws/sim/src/bot1'
[0.278s] INFO:colcon.colcon_core.plugin_system:Skipping extension 'colcon_core.shell.bat': Not used on non-Windows systems
[0.278s] INFO:colcon.colcon_core.shell:Skip shell extension 'powershell' for command environment: Not usable outside of PowerShell
[0.278s] DEBUG:colcon.colcon_core.shell:Skip shell extension 'dsv' for command environment
[0.285s] INFO:colcon.colcon_ros.task.ament_cmake.build:Building ROS package in '/home/sam/urdf_ws/sim/src/bot2' with build type 'ament_cmake'
[0.285s] INFO:colcon.colcon_cmake.task.cmake.build:Building CMake package in '/home/sam/urdf_ws/sim/src/bot2'
[0.286s] INFO:colcon.colcon_core.shell:Skip shell extension 'powershell' for command environment: Not usable outside of PowerShell
[0.286s] DEBUG:colcon.colcon_core.shell:Skip shell extension 'dsv' for command environment
[0.315s] DEBUG:colcon.colcon_core.event_handler.log_command:Invoking command in '/home/sam/urdf_ws/sim/build/bot1': CMAKE_PREFIX_PATH=${CMAKE_PREFIX_PATH}:/home/sam/vtask/install/rob_con:/home/sam/ros2_ws1/install/my_rob_con:/opt/ros/humble /usr/local/bin/cmake --build /home/sam/urdf_ws/sim/build/bot1 -- -j8 -l8
[0.328s] DEBUG:colcon.colcon_core.event_handler.log_command:Invoking command in '/home/sam/urdf_ws/sim/build/bot2': CMAKE_PREFIX_PATH=${CMAKE_PREFIX_PATH}:/home/sam/vtask/install/rob_con:/home/sam/ros2_ws1/install/my_rob_con:/opt/ros/humble /usr/local/bin/cmake --build /home/sam/urdf_ws/sim/build/bot2 -- -j8 -l8
[0.431s] DEBUG:colcon.colcon_core.event_handler.log_command:Invoked command in '/home/sam/urdf_ws/sim/build/bot1' returned '0': CMAKE_PREFIX_PATH=${CMAKE_PREFIX_PATH}:/home/sam/vtask/install/rob_con:/home/sam/ros2_ws1/install/my_rob_con:/opt/ros/humble /usr/local/bin/cmake --build /home/sam/urdf_ws/sim/build/bot1 -- -j8 -l8
[0.454s] DEBUG:colcon.colcon_core.event_handler.log_command:Invoking command in '/home/sam/urdf_ws/sim/build/bot1': CMAKE_PREFIX_PATH=${CMAKE_PREFIX_PATH}:/home/sam/vtask/install/rob_con:/home/sam/ros2_ws1/install/my_rob_con:/opt/ros/humble /usr/local/bin/cmake --install /home/sam/urdf_ws/sim/build/bot1
[0.462s] DEBUG:colcon.colcon_core.event_handler.log_command:Invoked command in '/home/sam/urdf_ws/sim/build/bot2' returned '0': CMAKE_PREFIX_PATH=${CMAKE_PREFIX_PATH}:/home/sam/vtask/install/rob_con:/home/sam/ros2_ws1/install/my_rob_con:/opt/ros/humble /usr/local/bin/cmake --build /home/sam/urdf_ws/sim/build/bot2 -- -j8 -l8
[0.479s] Level 1:colcon.colcon_core.environment:create_environment_scripts_only(bot1)
[0.486s] DEBUG:colcon.colcon_core.event_handler.log_command:Invoking command in '/home/sam/urdf_ws/sim/build/bot2': CMAKE_PREFIX_PATH=${CMAKE_PREFIX_PATH}:/home/sam/vtask/install/rob_con:/home/sam/ros2_ws1/install/my_rob_con:/opt/ros/humble /usr/local/bin/cmake --install /home/sam/urdf_ws/sim/build/bot2
[0.492s] DEBUG:colcon.colcon_core.event_handler.log_command:Invoked command in '/home/sam/urdf_ws/sim/build/bot1' returned '0': CMAKE_PREFIX_PATH=${CMAKE_PREFIX_PATH}:/home/sam/vtask/install/rob_con:/home/sam/ros2_ws1/install/my_rob_con:/opt/ros/humble /usr/local/bin/cmake --install /home/sam/urdf_ws/sim/build/bot1
[0.505s] Level 1:colcon.colcon_core.environment:checking '/home/sam/urdf_ws/sim/install/bot1' for CMake module files
[0.510s] Level 1:colcon.colcon_core.environment:checking '/home/sam/urdf_ws/sim/install/bot1' for CMake config files
[0.510s] Level 1:colcon.colcon_core.shell:create_environment_hook('bot1', 'cmake_prefix_path')
[0.510s] INFO:colcon.colcon_core.shell:Creating environment hook '/home/sam/urdf_ws/sim/install/bot1/share/bot1/hook/cmake_prefix_path.ps1'
[0.514s] INFO:colcon.colcon_core.shell:Creating environment descriptor '/home/sam/urdf_ws/sim/install/bot1/share/bot1/hook/cmake_prefix_path.dsv'
[0.515s] INFO:colcon.colcon_core.shell:Creating environment hook '/home/sam/urdf_ws/sim/install/bot1/share/bot1/hook/cmake_prefix_path.sh'
[0.517s] Level 1:colcon.colcon_core.environment:checking '/home/sam/urdf_ws/sim/install/bot1/bin'
[0.517s] Level 1:colcon.colcon_core.environment:checking '/home/sam/urdf_ws/sim/install/bot1/lib/pkgconfig/bot1.pc'
[0.517s] Level 1:colcon.colcon_core.environment:checking '/home/sam/urdf_ws/sim/install/bot1/lib/python3.10/site-packages'
[0.518s] Level 1:colcon.colcon_core.environment:checking '/home/sam/urdf_ws/sim/install/bot1/bin'
[0.518s] INFO:colcon.colcon_core.shell:Creating package script '/home/sam/urdf_ws/sim/install/bot1/share/bot1/package.ps1'
[0.526s] INFO:colcon.colcon_core.shell:Creating package descriptor '/home/sam/urdf_ws/sim/install/bot1/share/bot1/package.dsv'
[0.529s] INFO:colcon.colcon_core.shell:Creating package script '/home/sam/urdf_ws/sim/install/bot1/share/bot1/package.sh'
[0.539s] INFO:colcon.colcon_core.shell:Creating package script '/home/sam/urdf_ws/sim/install/bot1/share/bot1/package.bash'
[0.560s] INFO:colcon.colcon_core.shell:Creating package script '/home/sam/urdf_ws/sim/install/bot1/share/bot1/package.zsh'
[0.561s] Level 1:colcon.colcon_core.environment:create_file_with_runtime_dependencies(/home/sam/urdf_ws/sim/install/bot1/share/colcon-core/packages/bot1)
[0.562s] Level 1:colcon.colcon_core.environment:create_environment_scripts_only(bot1)
[0.563s] Level 1:colcon.colcon_core.environment:checking '/home/sam/urdf_ws/sim/install/bot1' for CMake module files
[0.563s] Level 1:colcon.colcon_core.environment:checking '/home/sam/urdf_ws/sim/install/bot1' for CMake config files
[0.563s] Level 1:colcon.colcon_core.shell:create_environment_hook('bot1', 'cmake_prefix_path')
[0.564s] INFO:colcon.colcon_core.shell:Creating environment hook '/home/sam/urdf_ws/sim/install/bot1/share/bot1/hook/cmake_prefix_path.ps1'
[0.565s] INFO:colcon.colcon_core.shell:Creating environment descriptor '/home/sam/urdf_ws/sim/install/bot1/share/bot1/hook/cmake_prefix_path.dsv'
[0.565s] INFO:colcon.colcon_core.shell:Creating environment hook '/home/sam/urdf_ws/sim/install/bot1/share/bot1/hook/cmake_prefix_path.sh'
[0.566s] Level 1:colcon.colcon_core.environment:checking '/home/sam/urdf_ws/sim/install/bot1/bin'
[0.567s] Level 1:colcon.colcon_core.environment:checking '/home/sam/urdf_ws/sim/install/bot1/lib/pkgconfig/bot1.pc'
[0.567s] Level 1:colcon.colcon_core.environment:checking '/home/sam/urdf_ws/sim/install/bot1/lib/python3.10/site-packages'
[0.567s] Level 1:colcon.colcon_core.environment:checking '/home/sam/urdf_ws/sim/install/bot1/bin'
[0.568s] INFO:colcon.colcon_core.shell:Creating package script '/home/sam/urdf_ws/sim/install/bot1/share/bot1/package.ps1'
[0.569s] INFO:colcon.colcon_core.shell:Creating package descriptor '/home/sam/urdf_ws/sim/install/bot1/share/bot1/package.dsv'
[0.570s] INFO:colcon.colcon_core.shell:Creating package script '/home/sam/urdf_ws/sim/install/bot1/share/bot1/package.sh'
[0.571s] INFO:colcon.colcon_core.shell:Creating package script '/home/sam/urdf_ws/sim/install/bot1/share/bot1/package.bash'
[0.572s] INFO:colcon.colcon_core.shell:Creating package script '/home/sam/urdf_ws/sim/install/bot1/share/bot1/package.zsh'
[0.575s] Level 1:colcon.colcon_core.environment:create_file_with_runtime_dependencies(/home/sam/urdf_ws/sim/install/bot1/share/colcon-core/packages/bot1)
[0.590s] Level 1:colcon.colcon_core.environment:create_environment_scripts_only(bot2)
[0.590s] Level 1:colcon.colcon_core.environment:checking '/home/sam/urdf_ws/sim/install/bot2' for CMake module files
[0.592s] Level 1:colcon.colcon_core.environment:checking '/home/sam/urdf_ws/sim/install/bot2' for CMake config files
[0.592s] Level 1:colcon.colcon_core.shell:create_environment_hook('bot2', 'cmake_prefix_path')
[0.592s] INFO:colcon.colcon_core.shell:Creating environment hook '/home/sam/urdf_ws/sim/install/bot2/share/bot2/hook/cmake_prefix_path.ps1'
[0.595s] DEBUG:colcon.colcon_core.event_handler.log_command:Invoked command in '/home/sam/urdf_ws/sim/build/bot2' returned '0': CMAKE_PREFIX_PATH=${CMAKE_PREFIX_PATH}:/home/sam/vtask/install/rob_con:/home/sam/ros2_ws1/install/my_rob_con:/opt/ros/humble /usr/local/bin/cmake --install /home/sam/urdf_ws/sim/build/bot2
[0.596s] INFO:colcon.colcon_core.shell:Creating environment descriptor '/home/sam/urdf_ws/sim/install/bot2/share/bot2/hook/cmake_prefix_path.dsv'
[0.601s] INFO:colcon.colcon_core.shell:Creating environment hook '/home/sam/urdf_ws/sim/install/bot2/share/bot2/hook/cmake_prefix_path.sh'
[0.617s] Level 1:colcon.colcon_core.environment:checking '/home/sam/urdf_ws/sim/install/bot2/bin'
[0.617s] Level 1:colcon.colcon_core.environment:checking '/home/sam/urdf_ws/sim/install/bot2/lib/pkgconfig/bot2.pc'
[0.617s] Level 1:colcon.colcon_core.environment:checking '/home/sam/urdf_ws/sim/install/bot2/lib/python3.10/site-packages'
[0.619s] Level 1:colcon.colcon_core.environment:checking '/home/sam/urdf_ws/sim/install/bot2/bin'
[0.619s] INFO:colcon.colcon_core.shell:Creating package script '/home/sam/urdf_ws/sim/install/bot2/share/bot2/package.ps1'
[0.632s] INFO:colcon.colcon_core.shell:Creating package descriptor '/home/sam/urdf_ws/sim/install/bot2/share/bot2/package.dsv'
[0.637s] INFO:colcon.colcon_core.shell:Creating package script '/home/sam/urdf_ws/sim/install/bot2/share/bot2/package.sh'
[0.644s] INFO:colcon.colcon_core.shell:Creating package script '/home/sam/urdf_ws/sim/install/bot2/share/bot2/package.bash'
[0.648s] INFO:colcon.colcon_core.shell:Creating package script '/home/sam/urdf_ws/sim/install/bot2/share/bot2/package.zsh'
[0.651s] Level 1:colcon.colcon_core.environment:create_file_with_runtime_dependencies(/home/sam/urdf_ws/sim/install/bot2/share/colcon-core/packages/bot2)
[0.653s] Level 1:colcon.colcon_core.environment:create_environment_scripts_only(bot2)
[0.654s] Level 1:colcon.colcon_core.environment:checking '/home/sam/urdf_ws/sim/install/bot2' for CMake module files
[0.654s] Level 1:colcon.colcon_core.environment:checking '/home/sam/urdf_ws/sim/install/bot2' for CMake config files
[0.655s] Level 1:colcon.colcon_core.shell:create_environment_hook('bot2', 'cmake_prefix_path')
[0.655s] INFO:colcon.colcon_core.shell:Creating environment hook '/home/sam/urdf_ws/sim/install/bot2/share/bot2/hook/cmake_prefix_path.ps1'
[0.656s] INFO:colcon.colcon_core.shell:Creating environment descriptor '/home/sam/urdf_ws/sim/install/bot2/share/bot2/hook/cmake_prefix_path.dsv'
[0.664s] INFO:colcon.colcon_core.shell:Creating environment hook '/home/sam/urdf_ws/sim/install/bot2/share/bot2/hook/cmake_prefix_path.sh'
[0.665s] Level 1:colcon.colcon_core.environment:checking '/home/sam/urdf_ws/sim/install/bot2/bin'
[0.665s] Level 1:colcon.colcon_core.environment:checking '/home/sam/urdf_ws/sim/install/bot2/lib/pkgconfig/bot2.pc'
[0.665s] Level 1:colcon.colcon_core.environment:checking '/home/sam/urdf_ws/sim/install/bot2/lib/python3.10/site-packages'
[0.666s] Level 1:colcon.colcon_core.environment:checking '/home/sam/urdf_ws/sim/install/bot2/bin'
[0.666s] INFO:colcon.colcon_core.shell:Creating package script '/home/sam/urdf_ws/sim/install/bot2/share/bot2/package.ps1'
[0.667s] INFO:colcon.colcon_core.shell:Creating package descriptor '/home/sam/urdf_ws/sim/install/bot2/share/bot2/package.dsv'
[0.668s] INFO:colcon.colcon_core.shell:Creating package script '/home/sam/urdf_ws/sim/install/bot2/share/bot2/package.sh'
[0.669s] INFO:colcon.colcon_core.shell:Creating package script '/home/sam/urdf_ws/sim/install/bot2/share/bot2/package.bash'
[0.670s] INFO:colcon.colcon_core.shell:Creating package script '/home/sam/urdf_ws/sim/install/bot2/share/bot2/package.zsh'
[0.671s] Level 1:colcon.colcon_core.environment:create_file_with_runtime_dependencies(/home/sam/urdf_ws/sim/install/bot2/share/colcon-core/packages/bot2)
[0.672s] DEBUG:colcon.colcon_parallel_executor.executor.parallel:closing loop
[0.672s] DEBUG:colcon.colcon_parallel_executor.executor.parallel:loop closed
[0.672s] DEBUG:colcon.colcon_parallel_executor.executor.parallel:run_until_complete finished with '0'
[0.672s] DEBUG:colcon.colcon_core.event_reactor:joining thread
[0.693s] INFO:colcon.colcon_core.plugin_system:Skipping extension 'colcon_notification.desktop_notification.terminal_notifier': Not used on non-Darwin systems
[0.693s] INFO:colcon.colcon_core.plugin_system:Skipping extension 'colcon_notification.desktop_notification.win32': Not used on non-Windows systems
[0.693s] INFO:colcon.colcon_notification.desktop_notification:Sending desktop notification using 'notify2'
[0.744s] DEBUG:colcon.colcon_core.event_reactor:joined thread
[0.745s] INFO:colcon.colcon_core.shell:Creating prefix script '/home/sam/urdf_ws/sim/install/local_setup.ps1'
[0.754s] INFO:colcon.colcon_core.shell:Creating prefix util module '/home/sam/urdf_ws/sim/install/_local_setup_util_ps1.py'
[0.767s] INFO:colcon.colcon_core.shell:Creating prefix chain script '/home/sam/urdf_ws/sim/install/setup.ps1'
[0.774s] INFO:colcon.colcon_core.shell:Creating prefix script '/home/sam/urdf_ws/sim/install/local_setup.sh'
[0.775s] INFO:colcon.colcon_core.shell:Creating prefix util module '/home/sam/urdf_ws/sim/install/_local_setup_util_sh.py'
[0.777s] INFO:colcon.colcon_core.shell:Creating prefix chain script '/home/sam/urdf_ws/sim/install/setup.sh'
[0.780s] INFO:colcon.colcon_core.shell:Creating prefix script '/home/sam/urdf_ws/sim/install/local_setup.bash'
[0.782s] INFO:colcon.colcon_core.shell:Creating prefix chain script '/home/sam/urdf_ws/sim/install/setup.bash'
[0.791s] INFO:colcon.colcon_core.shell:Creating prefix script '/home/sam/urdf_ws/sim/install/local_setup.zsh'
[0.792s] INFO:colcon.colcon_core.shell:Creating prefix chain script '/home/sam/urdf_ws/sim/install/setup.zsh'
