[0.329s] Invoking command in '/home/sam/urdf_ws/sim/build/bot2': CMAKE_PREFIX_PATH=${CMAKE_PREFIX_PATH}:/home/sam/vtask/install/rob_con:/home/sam/ros2_ws1/install/my_rob_con:/opt/ros/humble /usr/local/bin/cmake --build /home/sam/urdf_ws/sim/build/bot2 -- -j8 -l8
[3.168s] Invoked command in '/home/sam/urdf_ws/sim/build/bot2' returned '0': CMAKE_PREFIX_PATH=${CMAKE_PREFIX_PATH}:/home/sam/vtask/install/rob_con:/home/sam/ros2_ws1/install/my_rob_con:/opt/ros/humble /usr/local/bin/cmake --build /home/sam/urdf_ws/sim/build/bot2 -- -j8 -l8
[3.291s] Invoking command in '/home/sam/urdf_ws/sim/build/bot2': CMAKE_PREFIX_PATH=${CMAKE_PREFIX_PATH}:/home/sam/vtask/install/rob_con:/home/sam/ros2_ws1/install/my_rob_con:/opt/ros/humble /usr/local/bin/cmake --install /home/sam/urdf_ws/sim/build/bot2
[3.334s] -- Install configuration: ""
[3.334s] -- Up-to-date: /home/sam/urdf_ws/sim/install/bot2/share/bot2/config
[3.334s] -- Up-to-date: /home/sam/urdf_ws/sim/install/bot2/share/bot2/launch
[3.334s] -- Up-to-date: /home/sam/urdf_ws/sim/install/bot2/share/bot2/launch/bot2.launch.py
[3.334s] -- Up-to-date: /home/sam/urdf_ws/sim/install/bot2/share/bot2/launch/bot2_gazebo.launch.py
[3.334s] -- Up-to-date: /home/sam/urdf_ws/sim/install/bot2/share/bot2/models
[3.334s] -- Installing: /home/sam/urdf_ws/sim/install/bot2/share/bot2/models/bot_2.urdf
[3.334s] -- Up-to-date: /home/sam/urdf_ws/sim/install/bot2/share/bot2/rviz
[3.334s] -- Up-to-date: /home/sam/urdf_ws/sim/install/bot2/share/bot2/rviz/urdf_config.rviz
[3.334s] -- Up-to-date: /home/sam/urdf_ws/sim/install/bot2/share/bot2/src
[3.334s] -- Up-to-date: /home/sam/urdf_ws/sim/install/bot2/share/ament_index/resource_index/package_run_dependencies/bot2
[3.334s] -- Up-to-date: /home/sam/urdf_ws/sim/install/bot2/share/ament_index/resource_index/parent_prefix_path/bot2
[3.334s] -- Up-to-date: /home/sam/urdf_ws/sim/install/bot2/share/bot2/environment/ament_prefix_path.sh
[3.334s] -- Up-to-date: /home/sam/urdf_ws/sim/install/bot2/share/bot2/environment/ament_prefix_path.dsv
[3.334s] -- Up-to-date: /home/sam/urdf_ws/sim/install/bot2/share/bot2/environment/path.sh
[3.335s] -- Up-to-date: /home/sam/urdf_ws/sim/install/bot2/share/bot2/environment/path.dsv
[3.335s] -- Up-to-date: /home/sam/urdf_ws/sim/install/bot2/share/bot2/local_setup.bash
[3.335s] -- Up-to-date: /home/sam/urdf_ws/sim/install/bot2/share/bot2/local_setup.sh
[3.335s] -- Up-to-date: /home/sam/urdf_ws/sim/install/bot2/share/bot2/local_setup.zsh
[3.335s] -- Up-to-date: /home/sam/urdf_ws/sim/install/bot2/share/bot2/local_setup.dsv
[3.335s] -- Installing: /home/sam/urdf_ws/sim/install/bot2/share/bot2/package.dsv
[3.335s] -- Up-to-date: /home/sam/urdf_ws/sim/install/bot2/share/ament_index/resource_index/packages/bot2
[3.335s] -- Up-to-date: /home/sam/urdf_ws/sim/install/bot2/share/bot2/cmake/bot2Config.cmake
[3.335s] -- Up-to-date: /home/sam/urdf_ws/sim/install/bot2/share/bot2/cmake/bot2Config-version.cmake
[3.335s] -- Up-to-date: /home/sam/urdf_ws/sim/install/bot2/share/bot2/package.xml
[3.747s] Invoked command in '/home/sam/urdf_ws/sim/build/bot2' returned '0': CMAKE_PREFIX_PATH=${CMAKE_PREFIX_PATH}:/home/sam/vtask/install/rob_con:/home/sam/ros2_ws1/install/my_rob_con:/opt/ros/humble /usr/local/bin/cmake --install /home/sam/urdf_ws/sim/build/bot2
