[1.314s] DEBUG:colcon:Command line arguments: ['/usr/bin/colcon', 'build']
[1.314s] DEBUG:colcon:Parsed command line arguments: Namespace(log_base=None, log_level=None, verb_name='build', build_base='build', install_base='install', merge_install=False, symlink_install=False, test_result_base=None, continue_on_error=False, executor='parallel', parallel_workers=8, event_handlers=None, ignore_user_meta=False, metas=['./colcon.meta'], base_paths=['.'], packages_ignore=None, packages_ignore_regex=None, paths=None, packages_up_to=None, packages_up_to_regex=None, packages_above=None, packages_above_and_dependencies=None, packages_above_depth=None, packages_select_by_dep=None, packages_skip_by_dep=None, packages_skip_up_to=None, packages_select_build_failed=False, packages_skip_build_finished=False, packages_select_test_failures=False, packages_skip_test_passed=False, packages_select=None, packages_skip=None, packages_select_regex=None, packages_skip_regex=None, packages_start=None, packages_end=None, allow_overriding=[], cmake_args=None, cmake_target=None, cmake_target_skip_unavailable=False, cmake_clean_cache=False, cmake_clean_first=False, cmake_force_configure=False, ament_cmake_args=None, catkin_cmake_args=None, catkin_skip_building_tests=False, verb_parser=<colcon_defaults.argument_parser.defaults.DefaultArgumentsDecorator object at 0x71c56386d930>, verb_extension=<colcon_core.verb.build.BuildVerb object at 0x71c56386d3f0>, main=<bound method BuildVerb.main of <colcon_core.verb.build.BuildVerb object at 0x71c56386d3f0>>)
[1.533s] Level 1:colcon.colcon_core.package_discovery:discover_packages(colcon_meta) check parameters
[1.533s] Level 1:colcon.colcon_core.package_discovery:discover_packages(recursive) check parameters
[1.533s] Level 1:colcon.colcon_core.package_discovery:discover_packages(ignore) check parameters
[1.533s] Level 1:colcon.colcon_core.package_discovery:discover_packages(path) check parameters
[1.533s] Level 1:colcon.colcon_core.package_discovery:discover_packages(colcon_meta) discover
[1.533s] Level 1:colcon.colcon_core.package_discovery:discover_packages(recursive) discover
[1.533s] INFO:colcon.colcon_core.package_discovery:Crawling recursively for packages in '/home/sam/urdf_ws/sim'
[1.533s] Level 1:colcon.colcon_core.package_identification:_identify(.) by extensions ['ignore', 'ignore_ament_install']
[1.534s] Level 1:colcon.colcon_core.package_identification:_identify(.) by extension 'ignore'
[1.534s] Level 1:colcon.colcon_core.package_identification:_identify(.) by extension 'ignore_ament_install'
[1.534s] Level 1:colcon.colcon_core.package_identification:_identify(.) by extensions ['colcon_pkg']
[1.534s] Level 1:colcon.colcon_core.package_identification:_identify(.) by extension 'colcon_pkg'
[1.534s] Level 1:colcon.colcon_core.package_identification:_identify(.) by extensions ['colcon_meta']
[1.534s] Level 1:colcon.colcon_core.package_identification:_identify(.) by extension 'colcon_meta'
[1.534s] Level 1:colcon.colcon_core.package_identification:_identify(.) by extensions ['ros']
[1.534s] Level 1:colcon.colcon_core.package_identification:_identify(.) by extension 'ros'
[1.589s] Level 1:colcon.colcon_core.package_identification:_identify(.) by extensions ['cmake', 'python']
[1.589s] Level 1:colcon.colcon_core.package_identification:_identify(.) by extension 'cmake'
[1.589s] Level 1:colcon.colcon_core.package_identification:_identify(.) by extension 'python'
[1.589s] Level 1:colcon.colcon_core.package_identification:_identify(.) by extensions ['python_setup_py']
[1.589s] Level 1:colcon.colcon_core.package_identification:_identify(.) by extension 'python_setup_py'
[1.590s] Level 1:colcon.colcon_core.package_identification:_identify(build) by extensions ['ignore', 'ignore_ament_install']
[1.590s] Level 1:colcon.colcon_core.package_identification:_identify(build) by extension 'ignore'
[1.590s] Level 1:colcon.colcon_core.package_identification:_identify(build) ignored
[1.590s] Level 1:colcon.colcon_core.package_identification:_identify(install) by extensions ['ignore', 'ignore_ament_install']
[1.590s] Level 1:colcon.colcon_core.package_identification:_identify(install) by extension 'ignore'
[1.590s] Level 1:colcon.colcon_core.package_identification:_identify(install) ignored
[1.591s] Level 1:colcon.colcon_core.package_identification:_identify(log) by extensions ['ignore', 'ignore_ament_install']
[1.591s] Level 1:colcon.colcon_core.package_identification:_identify(log) by extension 'ignore'
[1.591s] Level 1:colcon.colcon_core.package_identification:_identify(log) ignored
[1.591s] Level 1:colcon.colcon_core.package_identification:_identify(src) by extensions ['ignore', 'ignore_ament_install']
[1.591s] Level 1:colcon.colcon_core.package_identification:_identify(src) by extension 'ignore'
[1.591s] Level 1:colcon.colcon_core.package_identification:_identify(src) by extension 'ignore_ament_install'
[1.591s] Level 1:colcon.colcon_core.package_identification:_identify(src) by extensions ['colcon_pkg']
[1.591s] Level 1:colcon.colcon_core.package_identification:_identify(src) by extension 'colcon_pkg'
[1.591s] Level 1:colcon.colcon_core.package_identification:_identify(src) by extensions ['colcon_meta']
[1.591s] Level 1:colcon.colcon_core.package_identification:_identify(src) by extension 'colcon_meta'
[1.591s] Level 1:colcon.colcon_core.package_identification:_identify(src) by extensions ['ros']
[1.591s] Level 1:colcon.colcon_core.package_identification:_identify(src) by extension 'ros'
[1.591s] Level 1:colcon.colcon_core.package_identification:_identify(src) by extensions ['cmake', 'python']
[1.591s] Level 1:colcon.colcon_core.package_identification:_identify(src) by extension 'cmake'
[1.591s] Level 1:colcon.colcon_core.package_identification:_identify(src) by extension 'python'
[1.591s] Level 1:colcon.colcon_core.package_identification:_identify(src) by extensions ['python_setup_py']
[1.591s] Level 1:colcon.colcon_core.package_identification:_identify(src) by extension 'python_setup_py'
[1.592s] Level 1:colcon.colcon_core.package_identification:_identify(src/bot1) by extensions ['ignore', 'ignore_ament_install']
[1.592s] Level 1:colcon.colcon_core.package_identification:_identify(src/bot1) by extension 'ignore'
[1.592s] Level 1:colcon.colcon_core.package_identification:_identify(src/bot1) by extension 'ignore_ament_install'
[1.592s] Level 1:colcon.colcon_core.package_identification:_identify(src/bot1) by extensions ['colcon_pkg']
[1.592s] Level 1:colcon.colcon_core.package_identification:_identify(src/bot1) by extension 'colcon_pkg'
[1.592s] Level 1:colcon.colcon_core.package_identification:_identify(src/bot1) by extensions ['colcon_meta']
[1.592s] Level 1:colcon.colcon_core.package_identification:_identify(src/bot1) by extension 'colcon_meta'
[1.592s] Level 1:colcon.colcon_core.package_identification:_identify(src/bot1) by extensions ['ros']
[1.592s] Level 1:colcon.colcon_core.package_identification:_identify(src/bot1) by extension 'ros'
[1.600s] DEBUG:colcon.colcon_core.package_identification:Package 'src/bot1' with type 'ros.ament_cmake' and name 'bot1'
[1.600s] Level 1:colcon.colcon_core.package_identification:_identify(src/bot2) by extensions ['ignore', 'ignore_ament_install']
[1.600s] Level 1:colcon.colcon_core.package_identification:_identify(src/bot2) by extension 'ignore'
[1.600s] Level 1:colcon.colcon_core.package_identification:_identify(src/bot2) by extension 'ignore_ament_install'
[1.600s] Level 1:colcon.colcon_core.package_identification:_identify(src/bot2) by extensions ['colcon_pkg']
[1.600s] Level 1:colcon.colcon_core.package_identification:_identify(src/bot2) by extension 'colcon_pkg'
[1.601s] Level 1:colcon.colcon_core.package_identification:_identify(src/bot2) by extensions ['colcon_meta']
[1.601s] Level 1:colcon.colcon_core.package_identification:_identify(src/bot2) by extension 'colcon_meta'
[1.601s] Level 1:colcon.colcon_core.package_identification:_identify(src/bot2) by extensions ['ros']
[1.601s] Level 1:colcon.colcon_core.package_identification:_identify(src/bot2) by extension 'ros'
[1.602s] DEBUG:colcon.colcon_core.package_identification:Package 'src/bot2' with type 'ros.ament_cmake' and name 'bot2'
[1.602s] Level 1:colcon.colcon_core.package_discovery:discover_packages(recursive) using defaults
[1.602s] Level 1:colcon.colcon_core.package_discovery:discover_packages(ignore) discover
[1.602s] Level 1:colcon.colcon_core.package_discovery:discover_packages(ignore) using defaults
[1.603s] Level 1:colcon.colcon_core.package_discovery:discover_packages(path) discover
[1.603s] Level 1:colcon.colcon_core.package_discovery:discover_packages(path) using defaults
[1.751s] Level 1:colcon.colcon_core.package_discovery:discover_packages(prefix_path) check parameters
[1.751s] Level 1:colcon.colcon_core.package_discovery:discover_packages(prefix_path) discover
[1.761s] DEBUG:colcon.colcon_installed_package_information.package_discovery:Found 1 installed packages in /home/sam/vtask/install
[1.762s] DEBUG:colcon.colcon_installed_package_information.package_discovery:Found 1 installed packages in /home/sam/ros2_ws1/install
[1.762s] DEBUG:colcon.colcon_installed_package_information.package_discovery:Found 2 installed packages in /home/sam/urdf_ws/sim/install
[1.771s] DEBUG:colcon.colcon_installed_package_information.package_discovery:Found 313 installed packages in /opt/ros/humble
[1.780s] Level 1:colcon.colcon_core.package_discovery:discover_packages(prefix_path) using defaults
[1.864s] Level 5:colcon.colcon_core.verb:set package 'bot1' build argument 'cmake_args' from command line to 'None'
[1.864s] Level 5:colcon.colcon_core.verb:set package 'bot1' build argument 'cmake_target' from command line to 'None'
[1.864s] Level 5:colcon.colcon_core.verb:set package 'bot1' build argument 'cmake_target_skip_unavailable' from command line to 'False'
[1.864s] Level 5:colcon.colcon_core.verb:set package 'bot1' build argument 'cmake_clean_cache' from command line to 'False'
[1.864s] Level 5:colcon.colcon_core.verb:set package 'bot1' build argument 'cmake_clean_first' from command line to 'False'
[1.864s] Level 5:colcon.colcon_core.verb:set package 'bot1' build argument 'cmake_force_configure' from command line to 'False'
[1.864s] Level 5:colcon.colcon_core.verb:set package 'bot1' build argument 'ament_cmake_args' from command line to 'None'
[1.864s] Level 5:colcon.colcon_core.verb:set package 'bot1' build argument 'catkin_cmake_args' from command line to 'None'
[1.865s] Level 5:colcon.colcon_core.verb:set package 'bot1' build argument 'catkin_skip_building_tests' from command line to 'False'
[1.865s] DEBUG:colcon.colcon_core.verb:Building package 'bot1' with the following arguments: {'ament_cmake_args': None, 'build_base': '/home/sam/urdf_ws/sim/build/bot1', 'catkin_cmake_args': None, 'catkin_skip_building_tests': False, 'cmake_args': None, 'cmake_clean_cache': False, 'cmake_clean_first': False, 'cmake_force_configure': False, 'cmake_target': None, 'cmake_target_skip_unavailable': False, 'install_base': '/home/sam/urdf_ws/sim/install/bot1', 'merge_install': False, 'path': '/home/sam/urdf_ws/sim/src/bot1', 'symlink_install': False, 'test_result_base': None}
[1.865s] Level 5:colcon.colcon_core.verb:set package 'bot2' build argument 'cmake_args' from command line to 'None'
[1.865s] Level 5:colcon.colcon_core.verb:set package 'bot2' build argument 'cmake_target' from command line to 'None'
[1.865s] Level 5:colcon.colcon_core.verb:set package 'bot2' build argument 'cmake_target_skip_unavailable' from command line to 'False'
[1.865s] Level 5:colcon.colcon_core.verb:set package 'bot2' build argument 'cmake_clean_cache' from command line to 'False'
[1.865s] Level 5:colcon.colcon_core.verb:set package 'bot2' build argument 'cmake_clean_first' from command line to 'False'
[1.865s] Level 5:colcon.colcon_core.verb:set package 'bot2' build argument 'cmake_force_configure' from command line to 'False'
[1.865s] Level 5:colcon.colcon_core.verb:set package 'bot2' build argument 'ament_cmake_args' from command line to 'None'
[1.865s] Level 5:colcon.colcon_core.verb:set package 'bot2' build argument 'catkin_cmake_args' from command line to 'None'
[1.865s] Level 5:colcon.colcon_core.verb:set package 'bot2' build argument 'catkin_skip_building_tests' from command line to 'False'
[1.865s] DEBUG:colcon.colcon_core.verb:Building package 'bot2' with the following arguments: {'ament_cmake_args': None, 'build_base': '/home/sam/urdf_ws/sim/build/bot2', 'catkin_cmake_args': None, 'catkin_skip_building_tests': False, 'cmake_args': None, 'cmake_clean_cache': False, 'cmake_clean_first': False, 'cmake_force_configure': False, 'cmake_target': None, 'cmake_target_skip_unavailable': False, 'install_base': '/home/sam/urdf_ws/sim/install/bot2', 'merge_install': False, 'path': '/home/sam/urdf_ws/sim/src/bot2', 'symlink_install': False, 'test_result_base': None}
[1.866s] INFO:colcon.colcon_core.executor:Executing jobs using 'parallel' executor
[1.880s] DEBUG:colcon.colcon_parallel_executor.executor.parallel:run_until_complete
[1.880s] INFO:colcon.colcon_ros.task.ament_cmake.build:Building ROS package in '/home/sam/urdf_ws/sim/src/bot1' with build type 'ament_cmake'
[1.881s] INFO:colcon.colcon_cmake.task.cmake.build:Building CMake package in '/home/sam/urdf_ws/sim/src/bot1'
[1.890s] INFO:colcon.colcon_core.plugin_system:Skipping extension 'colcon_core.shell.bat': Not used on non-Windows systems
[1.890s] INFO:colcon.colcon_core.shell:Skip shell extension 'powershell' for command environment: Not usable outside of PowerShell
[1.890s] DEBUG:colcon.colcon_core.shell:Skip shell extension 'dsv' for command environment
[1.897s] INFO:colcon.colcon_ros.task.ament_cmake.build:Building ROS package in '/home/sam/urdf_ws/sim/src/bot2' with build type 'ament_cmake'
[1.897s] INFO:colcon.colcon_cmake.task.cmake.build:Building CMake package in '/home/sam/urdf_ws/sim/src/bot2'
[1.897s] INFO:colcon.colcon_core.shell:Skip shell extension 'powershell' for command environment: Not usable outside of PowerShell
[1.898s] DEBUG:colcon.colcon_core.shell:Skip shell extension 'dsv' for command environment
[2.067s] DEBUG:colcon.colcon_core.event_handler.log_command:Invoking command in '/home/sam/urdf_ws/sim/build/bot1': CMAKE_PREFIX_PATH=${CMAKE_PREFIX_PATH}:/home/sam/vtask/install/rob_con:/home/sam/ros2_ws1/install/my_rob_con:/opt/ros/humble /usr/local/bin/cmake --build /home/sam/urdf_ws/sim/build/bot1 -- -j8 -l8
[2.227s] DEBUG:colcon.colcon_core.event_handler.log_command:Invoking command in '/home/sam/urdf_ws/sim/build/bot2': CMAKE_PREFIX_PATH=${CMAKE_PREFIX_PATH}:/home/sam/vtask/install/rob_con:/home/sam/ros2_ws1/install/my_rob_con:/opt/ros/humble /usr/local/bin/cmake --build /home/sam/urdf_ws/sim/build/bot2 -- -j8 -l8
[4.878s] DEBUG:colcon.colcon_core.event_handler.log_command:Invoked command in '/home/sam/urdf_ws/sim/build/bot1' returned '0': CMAKE_PREFIX_PATH=${CMAKE_PREFIX_PATH}:/home/sam/vtask/install/rob_con:/home/sam/ros2_ws1/install/my_rob_con:/opt/ros/humble /usr/local/bin/cmake --build /home/sam/urdf_ws/sim/build/bot1 -- -j8 -l8
[4.989s] DEBUG:colcon.colcon_core.event_handler.log_command:Invoking command in '/home/sam/urdf_ws/sim/build/bot1': CMAKE_PREFIX_PATH=${CMAKE_PREFIX_PATH}:/home/sam/vtask/install/rob_con:/home/sam/ros2_ws1/install/my_rob_con:/opt/ros/humble /usr/local/bin/cmake --install /home/sam/urdf_ws/sim/build/bot1
[5.067s] DEBUG:colcon.colcon_core.event_handler.log_command:Invoked command in '/home/sam/urdf_ws/sim/build/bot2' returned '0': CMAKE_PREFIX_PATH=${CMAKE_PREFIX_PATH}:/home/sam/vtask/install/rob_con:/home/sam/ros2_ws1/install/my_rob_con:/opt/ros/humble /usr/local/bin/cmake --build /home/sam/urdf_ws/sim/build/bot2 -- -j8 -l8
[5.184s] Level 1:colcon.colcon_core.environment:create_environment_scripts_only(bot1)
[5.189s] DEBUG:colcon.colcon_core.event_handler.log_command:Invoking command in '/home/sam/urdf_ws/sim/build/bot2': CMAKE_PREFIX_PATH=${CMAKE_PREFIX_PATH}:/home/sam/vtask/install/rob_con:/home/sam/ros2_ws1/install/my_rob_con:/opt/ros/humble /usr/local/bin/cmake --install /home/sam/urdf_ws/sim/build/bot2
[5.192s] DEBUG:colcon.colcon_core.event_handler.log_command:Invoked command in '/home/sam/urdf_ws/sim/build/bot1' returned '0': CMAKE_PREFIX_PATH=${CMAKE_PREFIX_PATH}:/home/sam/vtask/install/rob_con:/home/sam/ros2_ws1/install/my_rob_con:/opt/ros/humble /usr/local/bin/cmake --install /home/sam/urdf_ws/sim/build/bot1
[5.318s] Level 1:colcon.colcon_core.environment:checking '/home/sam/urdf_ws/sim/install/bot1' for CMake module files
[5.322s] Level 1:colcon.colcon_core.environment:checking '/home/sam/urdf_ws/sim/install/bot1' for CMake config files
[5.323s] Level 1:colcon.colcon_core.shell:create_environment_hook('bot1', 'cmake_prefix_path')
[5.323s] INFO:colcon.colcon_core.shell:Creating environment hook '/home/sam/urdf_ws/sim/install/bot1/share/bot1/hook/cmake_prefix_path.ps1'
[5.340s] INFO:colcon.colcon_core.shell:Creating environment descriptor '/home/sam/urdf_ws/sim/install/bot1/share/bot1/hook/cmake_prefix_path.dsv'
[5.349s] INFO:colcon.colcon_core.shell:Creating environment hook '/home/sam/urdf_ws/sim/install/bot1/share/bot1/hook/cmake_prefix_path.sh'
[5.363s] Level 1:colcon.colcon_core.environment:checking '/home/sam/urdf_ws/sim/install/bot1/bin'
[5.364s] Level 1:colcon.colcon_core.environment:checking '/home/sam/urdf_ws/sim/install/bot1/lib/pkgconfig/bot1.pc'
[5.365s] Level 1:colcon.colcon_core.environment:checking '/home/sam/urdf_ws/sim/install/bot1/lib/python3.10/site-packages'
[5.373s] Level 1:colcon.colcon_core.environment:checking '/home/sam/urdf_ws/sim/install/bot1/bin'
[5.374s] INFO:colcon.colcon_core.shell:Creating package script '/home/sam/urdf_ws/sim/install/bot1/share/bot1/package.ps1'
[5.390s] INFO:colcon.colcon_core.shell:Creating package descriptor '/home/sam/urdf_ws/sim/install/bot1/share/bot1/package.dsv'
[5.406s] INFO:colcon.colcon_core.shell:Creating package script '/home/sam/urdf_ws/sim/install/bot1/share/bot1/package.sh'
[5.427s] INFO:colcon.colcon_core.shell:Creating package script '/home/sam/urdf_ws/sim/install/bot1/share/bot1/package.bash'
[5.500s] INFO:colcon.colcon_core.shell:Creating package script '/home/sam/urdf_ws/sim/install/bot1/share/bot1/package.zsh'
[5.513s] Level 1:colcon.colcon_core.environment:create_file_with_runtime_dependencies(/home/sam/urdf_ws/sim/install/bot1/share/colcon-core/packages/bot1)
[5.524s] Level 1:colcon.colcon_core.environment:create_environment_scripts_only(bot1)
[5.528s] Level 1:colcon.colcon_core.environment:checking '/home/sam/urdf_ws/sim/install/bot1' for CMake module files
[5.529s] Level 1:colcon.colcon_core.environment:checking '/home/sam/urdf_ws/sim/install/bot1' for CMake config files
[5.530s] Level 1:colcon.colcon_core.shell:create_environment_hook('bot1', 'cmake_prefix_path')
[5.532s] INFO:colcon.colcon_core.shell:Creating environment hook '/home/sam/urdf_ws/sim/install/bot1/share/bot1/hook/cmake_prefix_path.ps1'
[5.534s] INFO:colcon.colcon_core.shell:Creating environment descriptor '/home/sam/urdf_ws/sim/install/bot1/share/bot1/hook/cmake_prefix_path.dsv'
[5.536s] INFO:colcon.colcon_core.shell:Creating environment hook '/home/sam/urdf_ws/sim/install/bot1/share/bot1/hook/cmake_prefix_path.sh'
[5.540s] Level 1:colcon.colcon_core.environment:checking '/home/sam/urdf_ws/sim/install/bot1/bin'
[5.540s] Level 1:colcon.colcon_core.environment:checking '/home/sam/urdf_ws/sim/install/bot1/lib/pkgconfig/bot1.pc'
[5.541s] Level 1:colcon.colcon_core.environment:checking '/home/sam/urdf_ws/sim/install/bot1/lib/python3.10/site-packages'
[5.545s] Level 1:colcon.colcon_core.environment:checking '/home/sam/urdf_ws/sim/install/bot1/bin'
[5.545s] INFO:colcon.colcon_core.shell:Creating package script '/home/sam/urdf_ws/sim/install/bot1/share/bot1/package.ps1'
[5.549s] INFO:colcon.colcon_core.shell:Creating package descriptor '/home/sam/urdf_ws/sim/install/bot1/share/bot1/package.dsv'
[5.556s] INFO:colcon.colcon_core.shell:Creating package script '/home/sam/urdf_ws/sim/install/bot1/share/bot1/package.sh'
[5.557s] INFO:colcon.colcon_core.shell:Creating package script '/home/sam/urdf_ws/sim/install/bot1/share/bot1/package.bash'
[5.562s] INFO:colcon.colcon_core.shell:Creating package script '/home/sam/urdf_ws/sim/install/bot1/share/bot1/package.zsh'
[5.576s] Level 1:colcon.colcon_core.environment:create_file_with_runtime_dependencies(/home/sam/urdf_ws/sim/install/bot1/share/colcon-core/packages/bot1)
[5.620s] Level 1:colcon.colcon_core.environment:create_environment_scripts_only(bot2)
[5.621s] Level 1:colcon.colcon_core.environment:checking '/home/sam/urdf_ws/sim/install/bot2' for CMake module files
[5.626s] Level 1:colcon.colcon_core.environment:checking '/home/sam/urdf_ws/sim/install/bot2' for CMake config files
[5.627s] Level 1:colcon.colcon_core.shell:create_environment_hook('bot2', 'cmake_prefix_path')
[5.628s] INFO:colcon.colcon_core.shell:Creating environment hook '/home/sam/urdf_ws/sim/install/bot2/share/bot2/hook/cmake_prefix_path.ps1'
[5.630s] INFO:colcon.colcon_core.shell:Creating environment descriptor '/home/sam/urdf_ws/sim/install/bot2/share/bot2/hook/cmake_prefix_path.dsv'
[5.644s] DEBUG:colcon.colcon_core.event_handler.log_command:Invoked command in '/home/sam/urdf_ws/sim/build/bot2' returned '0': CMAKE_PREFIX_PATH=${CMAKE_PREFIX_PATH}:/home/sam/vtask/install/rob_con:/home/sam/ros2_ws1/install/my_rob_con:/opt/ros/humble /usr/local/bin/cmake --install /home/sam/urdf_ws/sim/build/bot2
[5.645s] INFO:colcon.colcon_core.shell:Creating environment hook '/home/sam/urdf_ws/sim/install/bot2/share/bot2/hook/cmake_prefix_path.sh'
[5.646s] Level 1:colcon.colcon_core.environment:checking '/home/sam/urdf_ws/sim/install/bot2/bin'
[5.647s] Level 1:colcon.colcon_core.environment:checking '/home/sam/urdf_ws/sim/install/bot2/lib/pkgconfig/bot2.pc'
[5.650s] Level 1:colcon.colcon_core.environment:checking '/home/sam/urdf_ws/sim/install/bot2/lib/python3.10/site-packages'
[5.653s] Level 1:colcon.colcon_core.environment:checking '/home/sam/urdf_ws/sim/install/bot2/bin'
[5.654s] INFO:colcon.colcon_core.shell:Creating package script '/home/sam/urdf_ws/sim/install/bot2/share/bot2/package.ps1'
[5.658s] INFO:colcon.colcon_core.shell:Creating package descriptor '/home/sam/urdf_ws/sim/install/bot2/share/bot2/package.dsv'
[5.661s] INFO:colcon.colcon_core.shell:Creating package script '/home/sam/urdf_ws/sim/install/bot2/share/bot2/package.sh'
[5.679s] INFO:colcon.colcon_core.shell:Creating package script '/home/sam/urdf_ws/sim/install/bot2/share/bot2/package.bash'
[5.686s] INFO:colcon.colcon_core.shell:Creating package script '/home/sam/urdf_ws/sim/install/bot2/share/bot2/package.zsh'
[5.700s] Level 1:colcon.colcon_core.environment:create_file_with_runtime_dependencies(/home/sam/urdf_ws/sim/install/bot2/share/colcon-core/packages/bot2)
[5.713s] Level 1:colcon.colcon_core.environment:create_environment_scripts_only(bot2)
[5.715s] Level 1:colcon.colcon_core.environment:checking '/home/sam/urdf_ws/sim/install/bot2' for CMake module files
[5.716s] Level 1:colcon.colcon_core.environment:checking '/home/sam/urdf_ws/sim/install/bot2' for CMake config files
[5.716s] Level 1:colcon.colcon_core.shell:create_environment_hook('bot2', 'cmake_prefix_path')
[5.716s] INFO:colcon.colcon_core.shell:Creating environment hook '/home/sam/urdf_ws/sim/install/bot2/share/bot2/hook/cmake_prefix_path.ps1'
[5.720s] INFO:colcon.colcon_core.shell:Creating environment descriptor '/home/sam/urdf_ws/sim/install/bot2/share/bot2/hook/cmake_prefix_path.dsv'
[5.729s] INFO:colcon.colcon_core.shell:Creating environment hook '/home/sam/urdf_ws/sim/install/bot2/share/bot2/hook/cmake_prefix_path.sh'
[5.737s] Level 1:colcon.colcon_core.environment:checking '/home/sam/urdf_ws/sim/install/bot2/bin'
[5.742s] Level 1:colcon.colcon_core.environment:checking '/home/sam/urdf_ws/sim/install/bot2/lib/pkgconfig/bot2.pc'
[5.743s] Level 1:colcon.colcon_core.environment:checking '/home/sam/urdf_ws/sim/install/bot2/lib/python3.10/site-packages'
[5.744s] Level 1:colcon.colcon_core.environment:checking '/home/sam/urdf_ws/sim/install/bot2/bin'
[5.746s] INFO:colcon.colcon_core.shell:Creating package script '/home/sam/urdf_ws/sim/install/bot2/share/bot2/package.ps1'
[5.749s] INFO:colcon.colcon_core.shell:Creating package descriptor '/home/sam/urdf_ws/sim/install/bot2/share/bot2/package.dsv'
[5.752s] INFO:colcon.colcon_core.shell:Creating package script '/home/sam/urdf_ws/sim/install/bot2/share/bot2/package.sh'
[5.760s] INFO:colcon.colcon_core.shell:Creating package script '/home/sam/urdf_ws/sim/install/bot2/share/bot2/package.bash'
[5.763s] INFO:colcon.colcon_core.shell:Creating package script '/home/sam/urdf_ws/sim/install/bot2/share/bot2/package.zsh'
[5.770s] Level 1:colcon.colcon_core.environment:create_file_with_runtime_dependencies(/home/sam/urdf_ws/sim/install/bot2/share/colcon-core/packages/bot2)
[5.784s] DEBUG:colcon.colcon_parallel_executor.executor.parallel:closing loop
[5.791s] DEBUG:colcon.colcon_parallel_executor.executor.parallel:loop closed
[5.791s] DEBUG:colcon.colcon_parallel_executor.executor.parallel:run_until_complete finished with '0'
[5.791s] DEBUG:colcon.colcon_core.event_reactor:joining thread
[5.942s] INFO:colcon.colcon_core.plugin_system:Skipping extension 'colcon_notification.desktop_notification.terminal_notifier': Not used on non-Darwin systems
[5.948s] INFO:colcon.colcon_core.plugin_system:Skipping extension 'colcon_notification.desktop_notification.win32': Not used on non-Windows systems
[5.948s] INFO:colcon.colcon_notification.desktop_notification:Sending desktop notification using 'notify2'
[6.079s] DEBUG:colcon.colcon_core.event_reactor:joined thread
[6.080s] INFO:colcon.colcon_core.shell:Creating prefix script '/home/sam/urdf_ws/sim/install/local_setup.ps1'
[6.085s] INFO:colcon.colcon_core.shell:Creating prefix util module '/home/sam/urdf_ws/sim/install/_local_setup_util_ps1.py'
[6.102s] INFO:colcon.colcon_core.shell:Creating prefix chain script '/home/sam/urdf_ws/sim/install/setup.ps1'
[6.107s] INFO:colcon.colcon_core.shell:Creating prefix script '/home/sam/urdf_ws/sim/install/local_setup.sh'
[6.130s] INFO:colcon.colcon_core.shell:Creating prefix util module '/home/sam/urdf_ws/sim/install/_local_setup_util_sh.py'
[6.138s] INFO:colcon.colcon_core.shell:Creating prefix chain script '/home/sam/urdf_ws/sim/install/setup.sh'
[6.178s] INFO:colcon.colcon_core.shell:Creating prefix script '/home/sam/urdf_ws/sim/install/local_setup.bash'
[6.202s] INFO:colcon.colcon_core.shell:Creating prefix chain script '/home/sam/urdf_ws/sim/install/setup.bash'
[6.205s] INFO:colcon.colcon_core.shell:Creating prefix script '/home/sam/urdf_ws/sim/install/local_setup.zsh'
[6.220s] INFO:colcon.colcon_core.shell:Creating prefix chain script '/home/sam/urdf_ws/sim/install/setup.zsh'
