[0.035s] Invoking command in '/home/sam/urdf_ws/sim/build/bot1': CMAKE_PREFIX_PATH=/home/sam/vtask/install/rob_con:/home/sam/ros2_ws1/install/my_rob_con:/opt/ros/humble /usr/local/bin/cmake --build /home/sam/urdf_ws/sim/build/bot1 -- -j8 -l8
[0.056s] [0mCMake Deprecation Warning at CMakeLists.txt:1 (cmake_minimum_required):
[0.056s]   Compatibility with CMake < 3.10 will be removed from a future version of
[0.056s]   CMake.
[0.056s] 
[0.056s]   Update the VERSION argument <min> value.  Or, use the <min>...<max> syntax
[0.057s]   to tell CMake that the project requires at least <min> but has been updated
[0.057s]   to work with policies introduced by <max> or earlier.
[0.057s] 
[0.057s] [0m
[0.064s] -- Found ament_cmake: 1.3.11 (/opt/ros/humble/share/ament_cmake/cmake)
[0.317s] -- Found ament_lint_auto: 0.12.12 (/opt/ros/humble/share/ament_lint_auto/cmake)
[0.419s] -- Added test 'flake8' to check Python code syntax and style conventions
[0.421s] -- Added test 'lint_cmake' to check CMake code style
[0.422s] -- Added test 'pep257' to check Python code against some of the docstring style conventions in PEP 257
[0.423s] -- Added test 'xmllint' to check XML markup files
[0.427s] -- Configuring done (0.4s)
[0.443s] -- Generating done (0.0s)
[0.445s] -- Build files have been written to: /home/sam/urdf_ws/sim/build/bot1
[0.481s] Invoked command in '/home/sam/urdf_ws/sim/build/bot1' returned '0': CMAKE_PREFIX_PATH=/home/sam/vtask/install/rob_con:/home/sam/ros2_ws1/install/my_rob_con:/opt/ros/humble /usr/local/bin/cmake --build /home/sam/urdf_ws/sim/build/bot1 -- -j8 -l8
[0.489s] Invoking command in '/home/sam/urdf_ws/sim/build/bot1': CMAKE_PREFIX_PATH=/home/sam/vtask/install/rob_con:/home/sam/ros2_ws1/install/my_rob_con:/opt/ros/humble /usr/local/bin/cmake --install /home/sam/urdf_ws/sim/build/bot1
[0.494s] -- Install configuration: ""
[0.494s] -- Installing: /home/sam/urdf_ws/sim/install/bot1/share/bot1/config
[0.494s] -- Installing: /home/sam/urdf_ws/sim/install/bot1/share/bot1/launch
[0.494s] -- Installing: /home/sam/urdf_ws/sim/install/bot1/share/bot1/launch/bot1.launch.py
[0.494s] -- Installing: /home/sam/urdf_ws/sim/install/bot1/share/bot1/models
[0.495s] -- Installing: /home/sam/urdf_ws/sim/install/bot1/share/bot1/models/bot_1.urdf
[0.495s] -- Installing: /home/sam/urdf_ws/sim/install/bot1/share/bot1/rviz
[0.495s] -- Installing: /home/sam/urdf_ws/sim/install/bot1/share/bot1/rviz/urdf_config.rviz
[0.495s] -- Installing: /home/sam/urdf_ws/sim/install/bot1/share/bot1/src
[0.495s] -- Installing: /home/sam/urdf_ws/sim/install/bot1/share/ament_index/resource_index/package_run_dependencies/bot1
[0.495s] -- Up-to-date: /home/sam/urdf_ws/sim/install/bot1/share/ament_index/resource_index/parent_prefix_path/bot1
[0.495s] -- Up-to-date: /home/sam/urdf_ws/sim/install/bot1/share/bot1/environment/ament_prefix_path.sh
[0.495s] -- Installing: /home/sam/urdf_ws/sim/install/bot1/share/bot1/environment/ament_prefix_path.dsv
[0.495s] -- Up-to-date: /home/sam/urdf_ws/sim/install/bot1/share/bot1/environment/path.sh
[0.495s] -- Installing: /home/sam/urdf_ws/sim/install/bot1/share/bot1/environment/path.dsv
[0.495s] -- Up-to-date: /home/sam/urdf_ws/sim/install/bot1/share/bot1/local_setup.bash
[0.496s] -- Up-to-date: /home/sam/urdf_ws/sim/install/bot1/share/bot1/local_setup.sh
[0.496s] -- Up-to-date: /home/sam/urdf_ws/sim/install/bot1/share/bot1/local_setup.zsh
[0.496s] -- Installing: /home/sam/urdf_ws/sim/install/bot1/share/bot1/local_setup.dsv
[0.496s] -- Installing: /home/sam/urdf_ws/sim/install/bot1/share/bot1/package.dsv
[0.496s] -- Up-to-date: /home/sam/urdf_ws/sim/install/bot1/share/ament_index/resource_index/packages/bot1
[0.496s] -- Up-to-date: /home/sam/urdf_ws/sim/install/bot1/share/bot1/cmake/bot1Config.cmake
[0.497s] -- Up-to-date: /home/sam/urdf_ws/sim/install/bot1/share/bot1/cmake/bot1Config-version.cmake
[0.497s] -- Installing: /home/sam/urdf_ws/sim/install/bot1/share/bot1/package.xml
[0.500s] Invoked command in '/home/sam/urdf_ws/sim/build/bot1' returned '0': CMAKE_PREFIX_PATH=/home/sam/vtask/install/rob_con:/home/sam/ros2_ws1/install/my_rob_con:/opt/ros/humble /usr/local/bin/cmake --install /home/sam/urdf_ws/sim/build/bot1
