[0.056s] Invoking command in '/home/sam/urdf_ws/sim/build/bot1': CMAKE_PREFIX_PATH=${CMAKE_PREFIX_PATH}:/home/sam/vtask/install/rob_con:/home/sam/ros2_ws1/install/my_rob_con:/opt/ros/humble /usr/local/bin/cmake --build /home/sam/urdf_ws/sim/build/bot1 -- -j8 -l8
[0.121s] Invoked command in '/home/sam/urdf_ws/sim/build/bot1' returned '0': CMAKE_PREFIX_PATH=${CMAKE_PREFIX_PATH}:/home/sam/vtask/install/rob_con:/home/sam/ros2_ws1/install/my_rob_con:/opt/ros/humble /usr/local/bin/cmake --build /home/sam/urdf_ws/sim/build/bot1 -- -j8 -l8
[0.167s] Invoking command in '/home/sam/urdf_ws/sim/build/bot1': CMAKE_PREFIX_PATH=${CMAKE_PREFIX_PATH}:/home/sam/vtask/install/rob_con:/home/sam/ros2_ws1/install/my_rob_con:/opt/ros/humble /usr/local/bin/cmake --install /home/sam/urdf_ws/sim/build/bot1
[0.204s] -- Install configuration: ""
[0.204s] -- Up-to-date: /home/sam/urdf_ws/sim/install/bot1/share/bot1/config
[0.204s] -- Up-to-date: /home/sam/urdf_ws/sim/install/bot1/share/bot1/launch
[0.204s] -- Up-to-date: /home/sam/urdf_ws/sim/install/bot1/share/bot1/launch/bot1.launch.py
[0.229s] -- Up-to-date: /home/sam/urdf_ws/sim/install/bot1/share/bot1/launch/bot1_gazebo.launch.py
[0.229s] -- Up-to-date: /home/sam/urdf_ws/sim/install/bot1/share/bot1/models
[0.229s] -- Installing: /home/sam/urdf_ws/sim/install/bot1/share/bot1/models/bot_1.urdf
[0.229s] -- Up-to-date: /home/sam/urdf_ws/sim/install/bot1/share/bot1/rviz
[0.229s] -- Up-to-date: /home/sam/urdf_ws/sim/install/bot1/share/bot1/rviz/urdf_config.rviz
[0.229s] -- Up-to-date: /home/sam/urdf_ws/sim/install/bot1/share/bot1/src
[0.229s] -- Up-to-date: /home/sam/urdf_ws/sim/install/bot1/share/ament_index/resource_index/package_run_dependencies/bot1
[0.229s] -- Up-to-date: /home/sam/urdf_ws/sim/install/bot1/share/ament_index/resource_index/parent_prefix_path/bot1
[0.230s] -- Up-to-date: /home/sam/urdf_ws/sim/install/bot1/share/bot1/environment/ament_prefix_path.sh
[0.230s] -- Up-to-date: /home/sam/urdf_ws/sim/install/bot1/share/bot1/environment/ament_prefix_path.dsv
[0.232s] -- Up-to-date: /home/sam/urdf_ws/sim/install/bot1/share/bot1/environment/path.sh
[0.241s] -- Up-to-date: /home/sam/urdf_ws/sim/install/bot1/share/bot1/environment/path.dsv
[0.241s] -- Up-to-date: /home/sam/urdf_ws/sim/install/bot1/share/bot1/local_setup.bash
[0.242s] -- Up-to-date: /home/sam/urdf_ws/sim/install/bot1/share/bot1/local_setup.sh
[0.243s] -- Up-to-date: /home/sam/urdf_ws/sim/install/bot1/share/bot1/local_setup.zsh
[0.245s] -- Up-to-date: /home/sam/urdf_ws/sim/install/bot1/share/bot1/local_setup.dsv
[0.246s] -- Installing: /home/sam/urdf_ws/sim/install/bot1/share/bot1/package.dsv
[0.246s] -- Up-to-date: /home/sam/urdf_ws/sim/install/bot1/share/ament_index/resource_index/packages/bot1
[0.247s] -- Up-to-date: /home/sam/urdf_ws/sim/install/bot1/share/bot1/cmake/bot1Config.cmake
[0.247s] -- Up-to-date: /home/sam/urdf_ws/sim/install/bot1/share/bot1/cmake/bot1Config-version.cmake
[0.247s] -- Up-to-date: /home/sam/urdf_ws/sim/install/bot1/share/bot1/package.xml
[0.247s] Invoked command in '/home/sam/urdf_ws/sim/build/bot1' returned '0': CMAKE_PREFIX_PATH=${CMAKE_PREFIX_PATH}:/home/sam/vtask/install/rob_con:/home/sam/ros2_ws1/install/my_rob_con:/opt/ros/humble /usr/local/bin/cmake --install /home/sam/urdf_ws/sim/build/bot1
