[0.040s] Invoking command in '/home/sam/urdf_ws/sim/build/bot2': CMAKE_PREFIX_PATH=${CMAKE_PREFIX_PATH}:/home/sam/vtask/install/rob_con:/home/sam/ros2_ws1/install/my_rob_con:/opt/ros/humble /usr/local/bin/cmake /home/sam/urdf_ws/sim/src/bot2 -DCMAKE_INSTALL_PREFIX=/home/sam/urdf_ws/sim/install/bot2
[0.043s] [0mCMake Deprecation Warning at CMakeLists.txt:1 (cmake_minimum_required):
[0.043s]   Compatibility with CMake < 3.10 will be removed from a future version of
[0.043s]   CMake.
[0.043s] 
[0.043s]   Update the VERSION argument <min> value.  Or, use the <min>...<max> syntax
[0.043s]   to tell CMake that the project requires at least <min> but has been updated
[0.043s]   to work with policies introduced by <max> or earlier.
[0.045s] 
[0.045s] [0m
[0.262s] -- The C compiler identification is GNU 11.4.0
[0.505s] -- The CXX compiler identification is GNU 11.4.0
[0.529s] -- Detecting C compiler ABI info
[0.745s] -- Detecting C compiler ABI info - done
[0.776s] -- Check for working C compiler: /usr/bin/cc - skipped
[0.777s] -- Detecting C compile features
[0.777s] -- Detecting C compile features - done
[0.802s] -- Detecting CXX compiler ABI info
[1.104s] -- Detecting CXX compiler ABI info - done
[1.162s] -- Check for working CXX compiler: /usr/bin/c++ - skipped
[1.167s] -- Detecting CXX compile features
[1.168s] -- Detecting CXX compile features - done
[1.206s] -- Found ament_cmake: 1.3.11 (/opt/ros/humble/share/ament_cmake/cmake)
[1.584s] -- Found Python3: /usr/bin/python3 (found version "3.10.12") found components: Interpreter
[1.733s] -- Found ament_lint_auto: 0.12.12 (/opt/ros/humble/share/ament_lint_auto/cmake)
[1.979s] -- Added test 'lint_cmake' to check CMake code style
[2.006s] -- Added test 'xmllint' to check XML markup files
[2.007s] -- Configuring done (2.0s)
[2.019s] -- Generating done (0.0s)
[2.044s] -- Build files have been written to: /home/sam/urdf_ws/sim/build/bot2
[2.056s] Invoked command in '/home/sam/urdf_ws/sim/build/bot2' returned '0': CMAKE_PREFIX_PATH=${CMAKE_PREFIX_PATH}:/home/sam/vtask/install/rob_con:/home/sam/ros2_ws1/install/my_rob_con:/opt/ros/humble /usr/local/bin/cmake /home/sam/urdf_ws/sim/src/bot2 -DCMAKE_INSTALL_PREFIX=/home/sam/urdf_ws/sim/install/bot2
[2.079s] Invoking command in '/home/sam/urdf_ws/sim/build/bot2': CMAKE_PREFIX_PATH=${CMAKE_PREFIX_PATH}:/home/sam/vtask/install/rob_con:/home/sam/ros2_ws1/install/my_rob_con:/opt/ros/humble /usr/local/bin/cmake --build /home/sam/urdf_ws/sim/build/bot2 -- -j8 -l8
[2.161s] Invoked command in '/home/sam/urdf_ws/sim/build/bot2' returned '0': CMAKE_PREFIX_PATH=${CMAKE_PREFIX_PATH}:/home/sam/vtask/install/rob_con:/home/sam/ros2_ws1/install/my_rob_con:/opt/ros/humble /usr/local/bin/cmake --build /home/sam/urdf_ws/sim/build/bot2 -- -j8 -l8
[2.163s] Invoking command in '/home/sam/urdf_ws/sim/build/bot2': CMAKE_PREFIX_PATH=${CMAKE_PREFIX_PATH}:/home/sam/vtask/install/rob_con:/home/sam/ros2_ws1/install/my_rob_con:/opt/ros/humble /usr/local/bin/cmake --install /home/sam/urdf_ws/sim/build/bot2
[2.217s] -- Install configuration: ""
[2.217s] -- Installing: /home/sam/urdf_ws/sim/install/bot2/share/ament_index/resource_index/package_run_dependencies/bot2
[2.218s] -- Installing: /home/sam/urdf_ws/sim/install/bot2/share/ament_index/resource_index/parent_prefix_path/bot2
[2.218s] -- Installing: /home/sam/urdf_ws/sim/install/bot2/share/bot2/environment/ament_prefix_path.sh
[2.219s] -- Installing: /home/sam/urdf_ws/sim/install/bot2/share/bot2/environment/ament_prefix_path.dsv
[2.219s] -- Installing: /home/sam/urdf_ws/sim/install/bot2/share/bot2/environment/path.sh
[2.219s] -- Installing: /home/sam/urdf_ws/sim/install/bot2/share/bot2/environment/path.dsv
[2.219s] -- Installing: /home/sam/urdf_ws/sim/install/bot2/share/bot2/local_setup.bash
[2.219s] -- Installing: /home/sam/urdf_ws/sim/install/bot2/share/bot2/local_setup.sh
[2.219s] -- Installing: /home/sam/urdf_ws/sim/install/bot2/share/bot2/local_setup.zsh
[2.219s] -- Installing: /home/sam/urdf_ws/sim/install/bot2/share/bot2/local_setup.dsv
[2.219s] -- Installing: /home/sam/urdf_ws/sim/install/bot2/share/bot2/package.dsv
[2.219s] -- Installing: /home/sam/urdf_ws/sim/install/bot2/share/ament_index/resource_index/packages/bot2
[2.219s] -- Installing: /home/sam/urdf_ws/sim/install/bot2/share/bot2/cmake/bot2Config.cmake
[2.219s] -- Installing: /home/sam/urdf_ws/sim/install/bot2/share/bot2/cmake/bot2Config-version.cmake
[2.219s] -- Installing: /home/sam/urdf_ws/sim/install/bot2/share/bot2/package.xml
[2.219s] Invoked command in '/home/sam/urdf_ws/sim/build/bot2' returned '0': CMAKE_PREFIX_PATH=${CMAKE_PREFIX_PATH}:/home/sam/vtask/install/rob_con:/home/sam/ros2_ws1/install/my_rob_con:/opt/ros/humble /usr/local/bin/cmake --install /home/sam/urdf_ws/sim/build/bot2
